(
(
(
chr15_operon_50:0.00105914
,
(
(
chr15_operon_34:3.74913e-05
,
chr15_operon_35:3.74913e-05
):0.000600152
,
(
chr15_operon_2:0.000337601
,
chr15_operon_18:0.000337601
):0.000300042
):0.000421502
):0.000703459
,
(
chr21_operon_1:0.00149721
,
(
(
chr14_operon_16:0.000486538
,
(
chr14_operon_1:0.000149757
,
chr14_operon_2:0.000149757
):0.000336781
):0.00102255
,
(
chr13_operon_76:0.0015043
,
(
consensus_from_uniq_morphs_T2T_13kb:0.00136041
,
(
(
chr22_operon_20:0.00066638
,
(
chr22_operon_18:0.000149757
,
(
chr22_operon_1:7.4923e-05
,
chr22_operon_19:7.4923e-05
):7.48336e-05
):0.000516623
):0.000500825
,
(
chr15_operon_1:0.000983506
,
(
chr13_operon_74:0.000731111
,
(
chr13_operon_1:3.73721e-05
,
chr13_operon_6:3.73721e-05
):0.000693738
):0.000252396
):0.000183699
):0.000193206
):0.000143886
):4.79515e-06
):-1.18858e-05
):0.000265398
):0.000118096
,
(
chr22_operon_21:0.00167532
,
(
chr13_operon_75:0.00145188
,
(
chr21_operon_2:0.000730716
,
(
chr21_operon_56:0.000599518
,
(
chr21_operon_18:7.4923e-05
,
chr21_operon_55:7.4923e-05
):0.000524595
):0.000131197
):0.000721164
):0.000223443
):0.000205377
)
;
