25
consensus_from_uniq_morphs_T2T_13kb 100.000000 99.768019 99.775499 99.670064 99.692976 99.722660 99.678195 99.670535 99.715632 99.723035 99.767458 99.774927 99.715209 99.737632 99.670511 99.685699 99.730194 99.767756 99.760318 99.745202 99.738085 99.723119 99.737787 99.737197 99.670088
chr13_operon_1                      99.768019 100.000000 99.992526 99.850029 99.730420 99.760139 99.782968 99.767876 99.738413 99.842805 99.737453 99.729913 99.662745 99.677664 99.648046 99.678481 99.692720 99.745280 99.737847 99.737710 99.827898 99.775648 99.827689 99.804777 99.595112
chr13_operon_6                      99.775499 99.992526 100.000000 99.857527 99.737906 99.767631 99.790448 99.775368 99.745888 99.850291 99.744958 99.737412 99.670237 99.685156 99.655533 99.685955 99.700218 99.752772 99.745339 99.745202 99.835378 99.783128 99.835181 99.812287 99.602610
chr13_operon_74                     99.670064 99.850029 99.857527 100.000000 99.535096 99.527597 99.632573 99.565089 99.715054 99.760050 99.512416 99.467325 99.452609 99.445111 99.512595 99.685061 99.422616 99.520093 99.550092 99.475104 99.737555 99.737555 99.617577 99.579519 99.347633
chr13_operon_75                     99.692976 99.730420 99.737906 99.535096 100.000000 99.647701 99.610603 99.543208 99.677998 99.618089 99.669939 99.669892 99.587798 99.602699 99.535722 99.618089 99.715209 99.767756 99.737847 99.655277 99.707955 99.692976 99.685347 99.624568 99.685085
chr13_operon_76                     99.722660 99.760139 99.767631 99.527597 99.647701 100.000000 99.677688 99.625218 99.767631 99.707669 99.564922 99.549854 99.512780 99.527735 99.557751 99.730158 99.595231 99.647701 99.677688 99.595231 99.767631 99.767631 99.655199 99.609554 99.505138
chr14_operon_1                      99.678195 99.782968 99.790448 99.632573 99.610603 99.677688 100.000000 99.970049 99.880260 99.610752 99.707448 99.714905 99.632764 99.662668 99.640554 99.663222 99.715209 99.782741 99.775296 99.752700 99.648255 99.648255 99.640393 99.647093 99.602610
chr14_operon_2                      99.670535 99.767876 99.775368 99.565089 99.543208 99.625218 99.970049 100.000000 99.925125 99.580681 99.647439 99.654889 99.602789 99.632686 99.580652 99.693000 99.655253 99.707824 99.700397 99.692744 99.640584 99.640584 99.580461 99.587023 99.587613
chr14_operon_16                     99.715632 99.738413 99.745888 99.715054 99.677998 99.767631 99.880260 99.925125 100.000000 99.700576 99.714953 99.722409 99.670237 99.685156 99.633068 99.693435 99.692720 99.752772 99.745339 99.737710 99.738103 99.678433 99.745280 99.752218 99.655098
chr15_operon_1                      99.723035 99.842805 99.850291 99.760050 99.618089 99.707669 99.610752 99.580681 99.700576 100.000000 99.744958 99.677396 99.617779 99.632686 99.655533 99.730521 99.610281 99.647886 99.655455 99.625301 99.827832 99.827832 99.790233 99.797267 99.565119
chr15_operon_2                      99.767458 99.737453 99.744958 99.512416 99.669939 99.564922 99.707448 99.647439 99.714953 99.744958 100.000000 99.932480 99.842471 99.834973 99.767458 99.729955 99.684948 99.789965 99.797463 99.684948 99.692446 99.692446 99.602431 99.481905 99.624932
chr15_operon_18                     99.774927 99.729913 99.737412 99.467325 99.669892 99.549854 99.714905 99.654889 99.722409 99.677396 99.932480 100.000000 99.909973 99.902469 99.834949 99.729913 99.699903 99.774927 99.767423 99.677396 99.692398 99.692398 99.602371 99.459380 99.632382
chr15_operon_34                     99.715209 99.662745 99.670237 99.452609 99.587798 99.512780 99.632764 99.602789 99.670237 99.617779 99.842471 99.909973 100.000000 99.992502 99.767667 99.715209 99.617779 99.707711 99.730194 99.625272 99.610281 99.610281 99.520350 99.474394 99.610108
chr15_operon_35                     99.737632 99.677664 99.685156 99.445111 99.602699 99.527735 99.662668 99.632686 99.685156 99.632686 99.834973 99.902469 99.992502 100.000000 99.782610 99.745125 99.647677 99.737632 99.760121 99.655175 99.625188 99.625188 99.535233 99.466884 99.617606
chr15_operon_50                     99.670511 99.648046 99.655533 99.512595 99.535722 99.557751 99.640554 99.580652 99.633068 99.655533 99.767458 99.834949 99.767667 99.782610 100.000000 99.610603 99.692720 99.700332 99.692905 99.640286 99.603117 99.603117 99.580461 99.541974 99.572617
chr21_operon_1                      99.685699 99.678481 99.685955 99.685061 99.618089 99.730158 99.663222 99.693000 99.693435 99.730521 99.729955 99.729913 99.715209 99.745125 99.610603 100.000000 99.640262 99.670362 99.662948 99.655277 99.738103 99.663478 99.745280 99.744707 99.647599
chr21_operon_2                      99.730194 99.692720 99.700218 99.422616 99.715209 99.595231 99.715209 99.655253 99.692720 99.610281 99.684948 99.699903 99.617779 99.647677 99.692720 99.640262 100.000000 99.880087 99.865097 99.835122 99.707711 99.692720 99.640262 99.541974 99.617606
chr21_operon_18                     99.767756 99.745280 99.752772 99.520093 99.767756 99.647701 99.782741 99.707824 99.752772 99.647886 99.789965 99.774927 99.707711 99.737632 99.700332 99.670362 99.880087 100.000000 99.985015 99.872601 99.715310 99.700332 99.647886 99.594533 99.692583
chr21_operon_55                     99.760318 99.737847 99.745339 99.550092 99.737847 99.677688 99.775296 99.700397 99.745339 99.655455 99.797463 99.767423 99.730194 99.760121 99.692905 99.662948 99.865097 99.985015 100.000000 99.887592 99.707890 99.707890 99.662870 99.624568 99.700081
chr21_operon_56                     99.745202 99.737710 99.745202 99.475104 99.655277 99.595231 99.752700 99.692744 99.737710 99.625301 99.684948 99.677396 99.625272 99.655175 99.640286 99.655277 99.835122 99.872601 99.887592 100.000000 99.700242 99.685252 99.610311 99.579519 99.647599
chr22_operon_1                      99.738085 99.827898 99.835378 99.737555 99.707955 99.767631 99.648255 99.640584 99.738103 99.827832 99.692446 99.692398 99.610281 99.625188 99.603117 99.738103 99.707711 99.715310 99.707890 99.700242 100.000000 99.970067 99.985015 99.894881 99.580115
chr22_operon_18                     99.723119 99.775648 99.783128 99.737555 99.692976 99.767631 99.648255 99.640584 99.678433 99.827832 99.692446 99.692398 99.610281 99.625188 99.603117 99.663478 99.692720 99.700332 99.707890 99.685252 99.970067 100.000000 99.970031 99.894881 99.580115
chr22_operon_19                     99.737787 99.827689 99.835181 99.617577 99.685347 99.655199 99.640393 99.580461 99.745280 99.790233 99.602431 99.602371 99.520350 99.535233 99.580461 99.745280 99.640262 99.647886 99.662870 99.610311 99.985015 99.970031 100.000000 99.782252 99.535125
chr22_operon_20                     99.737197 99.804777 99.812287 99.579519 99.624568 99.609554 99.647093 99.587023 99.752218 99.797267 99.481905 99.459380 99.474394 99.466884 99.541974 99.744707 99.541974 99.594533 99.624568 99.579519 99.894881 99.894881 99.782252 100.000000 99.436855
chr22_operon_21                     99.670088 99.595112 99.602610 99.347633 99.685085 99.505138 99.602610 99.587613 99.655098 99.565119 99.624932 99.632382 99.610108 99.617606 99.572617 99.647599 99.617606 99.692583 99.700081 99.647599 99.580115 99.580115 99.535125 99.436855 100.000000
