25
consensus_from_uniq_morphs_T2T_13kb 0.000000 0.002320 0.002245 0.003299 0.003070 0.002773 0.003218 0.003295 0.002844 0.002770 0.002325 0.002251 0.002848 0.002624 0.003295 0.003143 0.002698 0.002322 0.002397 0.002548 0.002619 0.002769 0.002622 0.002628 0.003299
chr13_operon_1                      0.002320 0.000000 0.000075 0.001500 0.002696 0.002399 0.002170 0.002321 0.002616 0.001572 0.002625 0.002701 0.003373 0.003223 0.003520 0.003215 0.003073 0.002547 0.002622 0.002623 0.001721 0.002244 0.001723 0.001952 0.004049
chr13_operon_6                      0.002245 0.000075 0.000000 0.001425 0.002621 0.002324 0.002096 0.002246 0.002541 0.001497 0.002550 0.002626 0.003298 0.003148 0.003445 0.003140 0.002998 0.002472 0.002547 0.002548 0.001646 0.002169 0.001648 0.001877 0.003974
chr13_operon_74                     0.003299 0.001500 0.001425 0.000000 0.004649 0.004724 0.003674 0.004349 0.002849 0.002400 0.004876 0.005327 0.005474 0.005549 0.004874 0.003149 0.005774 0.004799 0.004499 0.005249 0.002624 0.002624 0.003824 0.004205 0.006524
chr13_operon_75                     0.003070 0.002696 0.002621 0.004649 0.000000 0.003523 0.003894 0.004568 0.003220 0.003819 0.003301 0.003301 0.004122 0.003973 0.004643 0.003819 0.002848 0.002322 0.002622 0.003447 0.002920 0.003070 0.003147 0.003754 0.003149
chr13_operon_76                     0.002773 0.002399 0.002324 0.004724 0.003523 0.000000 0.003223 0.003748 0.002324 0.002923 0.004351 0.004501 0.004872 0.004723 0.004422 0.002698 0.004048 0.003523 0.003223 0.004048 0.002324 0.002324 0.003448 0.003904 0.004949
chr14_operon_1                      0.003218 0.002170 0.002096 0.003674 0.003894 0.003223 0.000000 0.000300 0.001197 0.003892 0.002926 0.002851 0.003672 0.003373 0.003594 0.003368 0.002848 0.002173 0.002247 0.002473 0.003517 0.003517 0.003596 0.003529 0.003974
chr14_operon_2                      0.003295 0.002321 0.002246 0.004349 0.004568 0.003748 0.000300 0.000000 0.000749 0.004193 0.003526 0.003451 0.003972 0.003673 0.004193 0.003070 0.003447 0.002922 0.002996 0.003073 0.003594 0.003594 0.004195 0.004130 0.004124
chr14_operon_16                     0.002844 0.002616 0.002541 0.002849 0.003220 0.002324 0.001197 0.000749 0.000000 0.002994 0.002850 0.002776 0.003298 0.003148 0.003669 0.003066 0.003073 0.002472 0.002547 0.002623 0.002619 0.003216 0.002547 0.002478 0.003449
chr15_operon_1                      0.002770 0.001572 0.001497 0.002400 0.003819 0.002923 0.003892 0.004193 0.002994 0.000000 0.002550 0.003226 0.003822 0.003673 0.003445 0.002695 0.003897 0.003521 0.003445 0.003747 0.001722 0.001722 0.002098 0.002027 0.004349
chr15_operon_2                      0.002325 0.002625 0.002550 0.004876 0.003301 0.004351 0.002926 0.003526 0.002850 0.002550 0.000000 0.000675 0.001575 0.001650 0.002325 0.002700 0.003151 0.002100 0.002025 0.003151 0.003076 0.003076 0.003976 0.005181 0.003751
chr15_operon_18                     0.002251 0.002701 0.002626 0.005327 0.003301 0.004501 0.002851 0.003451 0.002776 0.003226 0.000675 0.000000 0.000900 0.000975 0.001651 0.002701 0.003001 0.002251 0.002326 0.003226 0.003076 0.003076 0.003976 0.005406 0.003676
chr15_operon_34                     0.002848 0.003373 0.003298 0.005474 0.004122 0.004872 0.003672 0.003972 0.003298 0.003822 0.001575 0.000900 0.000000 0.000075 0.002323 0.002848 0.003822 0.002923 0.002698 0.003747 0.003897 0.003897 0.004797 0.005256 0.003899
chr15_operon_35                     0.002624 0.003223 0.003148 0.005549 0.003973 0.004723 0.003373 0.003673 0.003148 0.003673 0.001650 0.000975 0.000075 0.000000 0.002174 0.002549 0.003523 0.002624 0.002399 0.003448 0.003748 0.003748 0.004648 0.005331 0.003824
chr15_operon_50                     0.003295 0.003520 0.003445 0.004874 0.004643 0.004422 0.003594 0.004193 0.003669 0.003445 0.002325 0.001651 0.002323 0.002174 0.000000 0.003894 0.003073 0.002997 0.003071 0.003597 0.003969 0.003969 0.004195 0.004580 0.004274
chr21_operon_1                      0.003143 0.003215 0.003140 0.003149 0.003819 0.002698 0.003368 0.003070 0.003066 0.002695 0.002700 0.002701 0.002848 0.002549 0.003894 0.000000 0.003597 0.003296 0.003371 0.003447 0.002619 0.003365 0.002547 0.002553 0.003524
chr21_operon_2                      0.002698 0.003073 0.002998 0.005774 0.002848 0.004048 0.002848 0.003447 0.003073 0.003897 0.003151 0.003001 0.003822 0.003523 0.003073 0.003597 0.000000 0.001199 0.001349 0.001649 0.002923 0.003073 0.003597 0.004580 0.003824
chr21_operon_18                     0.002322 0.002547 0.002472 0.004799 0.002322 0.003523 0.002173 0.002922 0.002472 0.003521 0.002100 0.002251 0.002923 0.002624 0.002997 0.003296 0.001199 0.000000 0.000150 0.001274 0.002847 0.002997 0.003521 0.004055 0.003074
chr21_operon_55                     0.002397 0.002622 0.002547 0.004499 0.002622 0.003223 0.002247 0.002996 0.002547 0.003445 0.002025 0.002326 0.002698 0.002399 0.003071 0.003371 0.001349 0.000150 0.000000 0.001124 0.002921 0.002921 0.003371 0.003754 0.002999
chr21_operon_56                     0.002548 0.002623 0.002548 0.005249 0.003447 0.004048 0.002473 0.003073 0.002623 0.003747 0.003151 0.003226 0.003747 0.003448 0.003597 0.003447 0.001649 0.001274 0.001124 0.000000 0.002998 0.003147 0.003897 0.004205 0.003524
chr22_operon_1                      0.002619 0.001721 0.001646 0.002624 0.002920 0.002324 0.003517 0.003594 0.002619 0.001722 0.003076 0.003076 0.003897 0.003748 0.003969 0.002619 0.002923 0.002847 0.002921 0.002998 0.000000 0.000299 0.000150 0.001051 0.004199
chr22_operon_18                     0.002769 0.002244 0.002169 0.002624 0.003070 0.002324 0.003517 0.003594 0.003216 0.001722 0.003076 0.003076 0.003897 0.003748 0.003969 0.003365 0.003073 0.002997 0.002921 0.003147 0.000299 0.000000 0.000300 0.001051 0.004199
chr22_operon_19                     0.002622 0.001723 0.001648 0.003824 0.003147 0.003448 0.003596 0.004195 0.002547 0.002098 0.003976 0.003976 0.004797 0.004648 0.004195 0.002547 0.003597 0.003521 0.003371 0.003897 0.000150 0.000300 0.000000 0.002177 0.004649
chr22_operon_20                     0.002628 0.001952 0.001877 0.004205 0.003754 0.003904 0.003529 0.004130 0.002478 0.002027 0.005181 0.005406 0.005256 0.005331 0.004580 0.002553 0.004580 0.004055 0.003754 0.004205 0.001051 0.001051 0.002177 0.000000 0.005631
chr22_operon_21                     0.003299 0.004049 0.003974 0.006524 0.003149 0.004949 0.003974 0.004124 0.003449 0.004349 0.003751 0.003676 0.003899 0.003824 0.004274 0.003524 0.003824 0.003074 0.002999 0.003524 0.004199 0.004199 0.004649 0.005631 0.000000
