Pos	Ref	alt	chr15:2510165-2523524	chr15:2552720-2566051	chr15:2595247-2608578	chr15:2637774-2651105	chr15:2680301-2693632	chr15:2722828-2736159	chr15:2765355-2778686	chr15:2807882-2821213	chr15:2850409-2863740	chr15:2892936-2906267	chr15:2935463-2948794	chr15:2977990-2991321	chr15:3020517-3033848	chr15:3063044-3076375	chr15:3105571-3118902	chr15:3148098-3161429	chr15:3190625-3203956	chr15:3233149-3246478	chr15:3277098-3290427	chr15:3321047-3334376	chr15:3364996-3378325	chr15:3408945-3422274	chr15:3452894-3466223	chr15:3496843-3510172	chr15:3540792-3554121	chr15:3584741-3598070	chr15:3628690-3642019	chr15:3672639-3685968	chr15:3716588-3729917	chr15:3760537-3773866	chr15:3804486-3817815	chr15:3848435-3861764	chr15:3892384-3905713	chr15:3936333-3949676	chr15:3981265-3994605	chr15:4026194-4039534	chr15:4071123-4084463	chr15:4116052-4129392	chr15:4160981-4174321	chr15:4205910-4219250	chr15:4250839-4264179	chr15:4295768-4309108	chr15:4340697-4354037	chr15:4385626-4398966	chr15:4430555-4443895	chr15:4475484-4488824	chr15:4520413-4533753	chr15:4565342-4578682	chr15:4610271-4623611	chr15:4655200-4668554
139	C	T	C	C	C	C	C	C	C	C	C	C	C	C	C	C	C	C	C	C	C	C	C	C	C	C	C	C	C	C	C	C	C	C	C	C	T	T	T	T	T	T	T	T	T	T	T	T	T	T	T	C
777	C	CGG	C	CGG	CGG	CGG	CGG	CGG	CGG	CGG	CGG	CGG	CGG	CGG	CGG	CGG	CGG	CGG	CGG	CGG	CGG	CGG	CGG	CGG	CGG	CGG	CGG	CGG	CGG	CGG	CGG	CGG	CGG	CGG	CGG	CGG	CGG	CGG	CGG	CGG	CGG	CGG	CGG	CGG	CGG	CGG	CGG	CGG	CGG	CGG	CGG	CGG
1511	T	-	T	-	-	-	-	-	-	-	-	-	-	-	-	-	-	-	-	-	-	-	-	-	-	-	-	-	-	-	-	-	-	-	-	-	-	-	-	-	-	-	-	-	-	-	-	-	-	-	-	-
1640	C	-	C	-	-	-	-	-	-	-	-	-	-	-	-	-	-	-	-	-	-	-	-	-	-	-	-	-	-	-	-	-	-	-	-	-	-	-	-	-	-	-	-	-	-	-	-	-	-	-	-	-
1686	T	-	T	-	-	-	-	-	-	-	-	-	-	-	-	-	-	-	-	-	-	-	-	-	-	-	-	-	-	-	-	-	-	-	-	-	-	-	-	-	-	-	-	-	-	-	-	-	-	-	-	-
1759	C	T	C	T	T	T	T	T	T	T	T	T	T	T	T	T	T	T	T	T	T	T	T	T	T	T	T	T	T	T	T	T	T	T	T	T	T	T	T	T	T	T	T	T	T	T	T	T	T	T	T	T
1947	C	G	C	G	G	G	G	G	G	G	G	G	G	G	G	G	G	G	G	G	G	G	G	G	G	G	G	G	G	G	G	G	G	G	G	G	G	G	G	G	G	G	G	G	G	G	G	G	G	G	G	G
1948	G	T	G	T	T	T	T	T	T	T	T	T	T	T	T	T	T	T	T	T	T	T	T	T	T	T	T	T	T	T	T	T	T	T	T	T	T	T	T	T	T	T	T	T	T	T	T	T	T	T	T	T
2341	G	A	G	A	A	A	A	A	A	A	A	A	A	A	A	A	A	A	A	A	A	A	A	A	A	A	A	A	A	A	A	A	A	A	A	A	A	A	A	A	A	A	A	A	A	A	A	A	A	A	A	A
2495	T	TGCG	T	TGCG	TGCG	TGCG	TGCG	TGCG	TGCG	TGCG	TGCG	TGCG	TGCG	TGCG	TGCG	TGCG	TGCG	TGCG	TGCG	TGCG	TGCG	TGCG	TGCG	TGCG	TGCG	TGCG	TGCG	TGCG	TGCG	TGCG	TGCG	TGCG	TGCG	TGCG	TGCG	TGCG	TGCG	TGCG	TGCG	TGCG	TGCG	TGCG	TGCG	TGCG	TGCG	TGCG	TGCG	TGCG	TGCG	TGCG	TGCG	TGCG
2623	C	A	C	A	A	A	A	A	A	A	A	A	A	A	A	A	A	A	A	A	A	A	A	A	A	A	A	A	A	A	A	A	A	A	A	A	A	A	A	A	A	A	A	A	A	A	A	A	A	A	A	A
3054	G	-	G	-	-	-	-	-	-	-	-	-	-	-	-	-	-	-	-	-	-	-	-	-	-	-	-	-	-	-	-	-	-	-	-	-	-	-	-	-	-	-	-	-	-	-	-	-	-	-	-	-
3210	A	C	A	C	C	C	C	C	C	C	C	C	C	C	C	C	C	C	C	C	C	C	C	C	C	C	C	C	C	C	C	C	C	C	C	C	C	C	C	C	C	C	C	C	C	C	C	C	C	C	C	C
3303	C	CCG	C	CCG	CCG	CCG	CCG	CCG	CCG	CCG	CCG	CCG	CCG	CCG	CCG	CCG	CCG	CCG	CCG	CCG	CCG	CCG	CCG	CCG	CCG	CCG	CCG	CCG	CCG	CCG	CCG	CCG	CCG	CCG	CCG	CCG	CCG	CCG	CCG	CCG	CCG	CCG	CCG	CCG	CCG	CCG	CCG	CCG	CCG	CCG	CCG	CCG
3525	CCCGTCCGCCCGTCCGCGG	-	CCCGTCCGCCCGTCCGCGG	-	-	-	-	-	-	-	-	-	-	-	-	-	-	-	-	-	-	-	-	-	-	-	-	-	-	-	-	-	-	-	-	-	-	-	-	-	-	-	-	-	-	-	-	-	-	-	-	-
3639	C	A	C	A	A	A	A	A	A	A	A	A	A	A	A	A	A	A	A	A	A	A	A	A	A	A	A	A	A	A	A	A	A	A	A	A	A	A	A	A	A	A	A	A	A	A	A	A	A	A	A	A
4911	G	GGAA	G	G	G	G	G	G	G	G	G	G	G	G	G	G	G	G	G	G	G	G	G	G	G	G	G	G	G	G	G	G	G	G	G	GGAA	G	G	G	G	G	G	G	G	G	G	G	G	G	G	G	G
5555	CGC	-	CGC	CGC	CGC	CGC	CGC	CGC	CGC	CGC	CGC	CGC	CGC	CGC	CGC	CGC	CGC	CGC	CGC	CGC	CGC	CGC	CGC	CGC	CGC	CGC	CGC	CGC	CGC	CGC	CGC	CGC	CGC	CGC	CGC	-	-	-	-	-	-	-	-	-	-	-	-	-	-	-	-	CGC
5714	G	A	G	G	G	G	G	G	G	G	G	G	G	G	G	G	G	G	G	G	G	G	G	G	G	G	G	G	G	G	G	G	G	G	G	A	A	A	A	A	A	A	A	A	A	A	A	A	A	A	A	G
5715	GA	-	GA	GA	GA	GA	GA	GA	GA	GA	GA	GA	GA	GA	GA	GA	GA	GA	GA	-	-	-	-	-	-	-	-	-	-	-	-	-	-	-	-	GA	GA	GA	GA	GA	GA	GA	GA	GA	GA	GA	GA	GA	GA	GA	GA	GA
5735	G	GAA/GAG	G	GAG	GAG	GAG	GAG	GAG	GAG	GAG	GAG	GAG	GAG	GAG	GAG	GAG	GAG	GAG	GAG	GAG	GAG	GAG	GAG	GAG	GAG	GAG	GAG	GAG	GAG	GAG	GAG	GAG	GAG	GAG	GAG	GAA	GAA	GAA	GAA	GAA	GAA	GAA	GAA	GAA	GAA	GAA	GAA	GAA	GAA	GAA	GAA	GAG
5873	G	-	G	G	G	G	G	G	G	G	G	G	G	G	G	G	G	G	G	G	G	G	G	G	G	G	G	G	G	G	G	G	G	G	G	-	-	-	-	-	-	-	-	-	-	-	-	-	-	-	-	G
6283	G	C	G	G	G	G	G	G	G	G	G	G	G	G	G	G	G	G	G	G	G	G	G	G	G	G	G	G	G	G	G	G	G	G	G	C	C	C	C	C	C	C	C	C	C	C	C	C	C	C	C	G
6300	G	T	G	T	T	T	T	T	T	T	T	T	T	T	T	T	T	T	T	T	T	T	T	T	T	T	T	T	T	T	T	T	T	T	T	T	T	T	T	T	T	T	T	T	T	T	T	T	T	T	T	T
6306	C	T	C	C	C	C	C	C	C	C	C	C	C	C	C	C	C	C	C	C	C	C	C	C	C	C	C	C	C	C	C	C	C	C	C	T	T	T	T	T	T	T	T	T	T	T	T	T	T	T	T	C
7159	C	CCGT	C	C	C	C	C	C	C	C	C	C	C	C	C	C	C	C	C	C	C	C	C	C	C	C	C	C	C	C	C	C	C	C	C	C	C	C	C	C	C	C	C	C	C	C	C	C	C	C	C	CCGT
7250	C	A	C	A	A	A	A	A	A	A	A	A	A	A	A	A	A	A	A	A	A	A	A	A	A	A	A	A	A	A	A	A	A	A	A	A	A	A	A	A	A	A	A	A	A	A	A	A	A	A	A	C
7366	T	TC	T	T	T	T	T	T	T	T	T	T	T	T	T	T	T	T	T	T	T	T	T	T	T	T	T	T	T	T	T	T	T	T	T	TC	TC	TC	TC	TC	TC	TC	TC	TC	TC	TC	TC	TC	TC	TC	TC	T
7788	C	T	C	C	C	C	C	C	C	C	C	C	C	C	C	C	C	C	C	C	C	C	C	C	C	C	C	C	C	C	C	C	C	C	C	T	T	T	T	T	T	T	T	T	T	T	T	T	T	T	T	C
7792	G	C	G	G	G	G	G	G	G	G	G	G	G	G	G	G	G	G	G	G	G	G	G	G	G	G	G	G	G	G	G	G	G	G	G	C	C	C	C	C	C	C	C	C	C	C	C	C	C	C	C	G
7802	C	-	C	C	C	C	C	C	C	C	C	C	C	C	C	C	C	C	C	C	C	C	C	C	C	C	C	C	C	C	C	C	C	C	C	-	-	-	-	-	-	-	-	-	-	-	-	-	-	-	-	C
7983	G	A	G	A	A	A	A	A	A	A	A	A	A	A	A	A	A	A	A	A	A	A	A	A	A	A	A	A	A	A	A	A	A	A	A	A	A	A	A	A	A	A	A	A	A	A	A	A	A	A	A	A
8687	CCGT	-	CCGT	-	-	-	-	-	-	-	-	-	-	-	-	-	-	-	-	-	-	-	-	-	-	-	-	-	-	-	-	-	-	-	-	CCGT	CCGT	CCGT	CCGT	CCGT	CCGT	CCGT	CCGT	CCGT	CCGT	CCGT	CCGT	CCGT	CCGT	CCGT	CCGT	CCGT
8709	G	-	G	-	-	-	-	-	-	-	-	-	-	-	-	-	-	-	-	-	-	-	-	-	-	-	-	-	-	-	-	-	-	-	-	-	-	-	-	-	-	-	-	-	-	-	-	-	-	-	-	G
8784	GGCGGCGGT	-	GGCGGCGGT	-	-	-	-	-	-	-	-	-	-	-	-	-	-	-	-	-	-	-	-	-	-	-	-	-	-	-	-	-	-	-	-	GGCGGCGGT	GGCGGCGGT	GGCGGCGGT	GGCGGCGGT	GGCGGCGGT	GGCGGCGGT	GGCGGCGGT	GGCGGCGGT	GGCGGCGGT	GGCGGCGGT	GGCGGCGGT	GGCGGCGGT	GGCGGCGGT	GGCGGCGGT	GGCGGCGGT	GGCGGCGGT	GGCGGCGGT
8795	C	T	C	T	T	T	T	T	T	T	T	T	T	T	T	T	T	T	T	T	T	T	T	T	T	T	T	T	T	T	T	T	T	T	T	C	C	C	C	C	C	C	C	C	C	C	C	C	C	C	C	C
8807	G	C	G	C	C	C	C	C	C	C	C	C	C	C	C	C	C	C	C	C	C	C	C	C	C	C	C	C	C	C	C	C	C	C	C	C	C	C	C	C	C	C	C	C	C	C	C	C	C	C	C	G
10076	GGC	-	GGC	GGC	GGC	GGC	GGC	GGC	GGC	GGC	GGC	GGC	GGC	GGC	GGC	GGC	GGC	GGC	GGC	GGC	GGC	GGC	GGC	GGC	GGC	GGC	GGC	GGC	GGC	GGC	GGC	GGC	GGC	GGC	GGC	GGC	GGC	GGC	GGC	GGC	GGC	GGC	GGC	GGC	GGC	GGC	GGC	GGC	GGC	GGC	GGC	-
10120	G	GCC	G	G	G	G	G	G	G	G	G	G	G	G	G	G	G	G	G	G	G	G	G	G	G	G	G	G	G	G	G	G	G	G	G	G	G	G	G	G	G	G	G	G	G	G	G	G	G	G	G	GCC
10889	G	GC	G	G	G	G	G	G	G	G	G	G	G	G	G	G	G	G	G	G	G	G	G	G	G	G	G	G	G	G	G	G	G	G	G	G	G	G	G	G	G	G	G	G	G	G	G	G	G	G	G	GC
11261	CCCA	-	CCCA	CCCA	CCCA	CCCA	CCCA	CCCA	CCCA	CCCA	CCCA	CCCA	CCCA	CCCA	CCCA	CCCA	CCCA	CCCA	CCCA	-	-	-	-	-	-	-	-	-	-	-	-	-	-	-	-	-	-	-	-	-	-	-	-	-	-	-	-	-	-	-	-	-
11416	GCG	-	GCG	GCG	GCG	GCG	GCG	GCG	GCG	GCG	GCG	GCG	GCG	GCG	GCG	GCG	GCG	GCG	GCG	-	-	-	-	-	-	-	-	-	-	-	-	-	-	-	-	-	-	-	-	-	-	-	-	-	-	-	-	-	-	-	-	-
11830	G	-	G	G	G	G	G	G	G	G	G	G	G	G	G	G	G	G	G	G	G	G	G	G	G	G	G	G	G	G	G	G	G	G	G	G	G	G	G	G	G	G	G	G	G	G	G	G	G	G	G	-
12284	T	TTTTGGG	T	T	T	T	T	T	T	T	T	T	T	T	T	T	T	T	T	T	T	T	T	T	T	T	T	T	T	T	T	T	T	T	T	T	T	T	T	T	T	T	T	T	T	T	T	T	T	T	T	TTTTGGG
12730	G	GCC/GC	G	G	G	G	G	G	G	G	G	G	G	G	G	G	G	G	G	GC	GC	GC	GC	GC	GC	GC	GC	GC	GC	GC	GC	GC	GC	GC	GC	GC	GC	GC	GC	GC	GC	GC	GC	GC	GC	GC	GC	GC	GC	GC	GC	GCC
12742	A	G	A	A	A	A	A	A	A	A	A	A	A	A	A	A	A	A	A	G	G	G	G	G	G	G	G	G	G	G	G	G	G	G	G	G	G	G	G	G	G	G	G	G	G	G	G	G	G	G	G	G
12838	T	C	T	T	T	T	T	T	T	T	T	T	T	T	T	T	T	T	T	C	C	C	C	C	C	C	C	C	C	C	C	C	C	C	C	C	C	C	C	C	C	C	C	C	C	C	C	C	C	C	C	C
13002	C	CCGCG	C	C	C	C	C	C	C	C	C	C	C	C	C	C	C	C	C	CCGCG	CCGCG	CCGCG	CCGCG	CCGCG	CCGCG	CCGCG	CCGCG	CCGCG	CCGCG	CCGCG	CCGCG	CCGCG	CCGCG	CCGCG	CCGCG	CCGCG	CCGCG	CCGCG	CCGCG	CCGCG	CCGCG	CCGCG	CCGCG	CCGCG	CCGCG	CCGCG	CCGCG	CCGCG	CCGCG	CCGCG	CCGCG	CCGCG
13124	T	TGG	T	T	T	T	T	T	T	T	T	T	T	T	T	T	T	T	T	TGG	TGG	TGG	TGG	TGG	TGG	TGG	TGG	TGG	TGG	TGG	TGG	TGG	TGG	TGG	TGG	TGG	TGG	TGG	TGG	TGG	TGG	TGG	TGG	TGG	TGG	TGG	TGG	TGG	TGG	TGG	TGG	TGG
