Pos	Ref	alt	chr14:2103527-2116889	chr14:2147806-2161161	chr14:2192078-2205433	chr14:2236350-2249705	chr14:2280622-2293977	chr14:2324894-2338249	chr14:2369166-2382521	chr14:2413438-2426793	chr14:2457710-2471065	chr14:2501982-2515337	chr14:2546254-2559609	chr14:2590526-2603881	chr14:2634798-2648153	chr14:2679070-2692425	chr14:2723342-2736697	chr14:2767484-2780864
7	G	A	G	G	G	G	G	G	G	G	G	G	G	G	G	G	G	A
139	T	C	T	T	T	T	T	T	T	T	T	T	T	T	T	T	T	C
2144	C	G	C	C	C	C	C	C	C	C	C	C	C	C	C	C	C	G
2492	C	T	C	C	C	C	C	C	C	C	C	C	C	C	C	C	C	T
2593	C	T	C	C	C	C	C	C	C	C	C	C	C	C	C	C	C	T
2832	C	T	C	C	C	C	C	C	C	C	C	C	C	C	C	C	C	T
3385	G	A	G	G	G	G	G	G	G	G	G	G	G	G	G	G	G	A
3531	C	CCCGTCCGCGGCCCGTCCGT	C	C	C	C	C	C	C	C	C	C	C	C	C	C	C	CCCGTCCGCGGCCCGTCCGT
3634	T	-	T	T	T	T	T	T	T	T	T	T	T	T	T	T	T	-
5538	CGC	-	CGC	-	-	-	-	-	-	-	-	-	-	-	-	-	-	-
5698	G	-	G	-	-	-	-	-	-	-	-	-	-	-	-	-	-	G
5699	A	G/-	A	-	-	-	-	-	-	-	-	-	-	-	-	-	-	G
5700	GA	-	GA	-	-	-	-	-	-	-	-	-	-	-	-	-	-	GA
5703	A	G	A	G	G	G	G	G	G	G	G	G	G	G	G	G	G	A
5722	G	A	G	A	A	A	A	A	A	A	A	A	A	A	A	A	A	A
5807	A	G	A	G	G	G	G	G	G	G	G	G	G	G	G	G	G	G
5860	G	-	G	-	-	-	-	-	-	-	-	-	-	-	-	-	-	-
6071	G	GC	G	GC	GC	GC	GC	GC	GC	GC	GC	GC	GC	GC	GC	GC	GC	GC
6201	G	A	G	G	G	G	G	G	G	G	G	G	G	G	G	G	G	A
10107	G	GC	G	G	G	G	G	G	G	G	G	G	G	G	G	G	G	GC
10336	G	GTT	G	G	G	G	G	G	G	G	G	G	G	G	G	G	G	GTT
