Pos	Ref	alt	chr22:4797629-4810993	chr22:4841005-4854369	chr22:4884381-4897745	chr22:4927757-4941121	chr22:4971133-4984497	chr22:5014509-5027873	chr22:5057885-5071249	chr22:5101261-5114625	chr22:5144637-5158001	chr22:5188013-5201377	chr22:5231389-5244753	chr22:5274765-5288129	chr22:5318141-5331505	chr22:5361517-5374881	chr22:5404893-5418257	chr22:5448269-5461633	chr22:5491645-5505009	chr22:5534999-5548371	chr22:5579085-5592433	chr22:5623698-5637016	chr22:5669000-5682337
139	C	T	C	C	C	C	C	C	C	C	C	C	C	C	C	C	C	C	C	C	C	C	T
777	C	CGG	C	C	C	C	C	C	C	C	C	C	C	C	C	C	C	C	C	C	C	C	CGG
1325	C	T	C	C	C	C	C	C	C	C	C	C	C	C	C	C	C	C	C	C	C	T	C
1511	T	-	T	T	T	T	T	T	T	T	T	T	T	T	T	T	T	T	T	T	T	T	-
1640	C	-	C	C	C	C	C	C	C	C	C	C	C	C	C	C	C	C	C	C	C	C	-
1686	T	-	T	T	T	T	T	T	T	T	T	T	T	T	T	T	T	T	T	T	T	T	-
1759	C	T	C	C	C	C	C	C	C	C	C	C	C	C	C	C	C	C	C	C	C	C	T
1947	C	G	C	C	C	C	C	C	C	C	C	C	C	C	C	C	C	C	C	C	C	C	G
1948	G	T	G	G	G	G	G	G	G	G	G	G	G	G	G	G	G	G	G	G	G	G	T
2102	C	T	C	C	C	C	C	C	C	C	C	C	C	C	C	C	C	C	C	C	T	C	C
2341	G	A	G	G	G	G	G	G	G	G	G	G	G	G	G	G	G	G	G	G	G	G	A
2495	T	TGCG	T	T	T	T	T	T	T	T	T	T	T	T	T	T	T	T	T	T	T	T	TGCG
2623	C	A	C	C	C	C	C	C	C	C	C	C	C	C	C	C	C	C	C	C	C	C	A
3054	G	-	G	G	G	G	G	G	G	G	G	G	G	G	G	G	G	G	G	G	-	-	-
3547	CCGT	-	CCGT	CCGT	CCGT	CCGT	CCGT	CCGT	CCGT	CCGT	CCGT	CCGT	CCGT	CCGT	CCGT	CCGT	CCGT	CCGT	CCGT	CCGT	CCGT	CCGT	-
5561	CGC	-	CGC	CGC	CGC	CGC	CGC	CGC	CGC	CGC	CGC	CGC	CGC	CGC	CGC	CGC	CGC	CGC	CGC	CGC	CGC	CGC	-
5615	GCGCGT	-	GCGCGT	GCGCGT	GCGCGT	GCGCGT	GCGCGT	GCGCGT	GCGCGT	GCGCGT	GCGCGT	GCGCGT	GCGCGT	GCGCGT	GCGCGT	GCGCGT	GCGCGT	GCGCGT	GCGCGT	GCGCGT	-	GCGCGT	GCGCGT
5657	C	CTCGT	C	C	C	C	C	C	C	C	C	C	C	C	C	C	C	C	C	C	C	C	CTCGT
5718	GGG	-	GGG	GGG	GGG	GGG	GGG	GGG	GGG	GGG	GGG	GGG	GGG	GGG	GGG	GGG	GGG	GGG	GGG	GGG	GGG	GGG	-
5721	GAGAGAGA	-	GAGAGAGA	GAGAGAGA	GAGAGAGA	GAGAGAGA	GAGAGAGA	GAGAGAGA	GAGAGAGA	GAGAGAGA	GAGAGAGA	GAGAGAGA	GAGAGAGA	GAGAGAGA	GAGAGAGA	GAGAGAGA	GAGAGAGA	GAGAGAGA	GAGAGAGA	GAGAGAGA	GAGAGAGA	-	-
5730	A	G	A	A	A	A	A	A	A	A	A	A	A	A	A	A	A	A	A	A	A	A	G
5732	A	T	A	A	A	A	A	A	A	A	A	A	A	A	A	A	A	A	A	A	A	A	T
5734	A	G	A	A	A	A	A	A	A	A	A	A	A	A	A	A	A	A	A	A	A	A	G
5826	G	A	G	G	G	G	G	G	G	G	G	G	G	G	G	G	G	G	G	G	G	G	A
5878	T	TG	T	T	T	T	T	T	T	T	T	T	T	T	T	T	T	T	T	T	T	T	TG
6279	C	A	C	C	C	C	C	C	C	C	C	C	C	C	C	C	C	C	C	C	C	C	A
6306	G	T	G	G	G	G	G	G	G	G	G	G	G	G	G	G	G	G	G	G	G	G	T
6524	G	C	G	G	G	G	G	G	G	G	G	G	G	G	G	G	G	G	G	G	G	G	C
6529	C	TTG	C	C	C	C	C	C	C	C	C	C	C	C	C	C	C	C	C	C	C	C	TTG
6900	C	T	C	C	C	C	C	C	C	C	C	C	C	C	C	C	C	C	C	C	C	C	T
7256	C	A	C	C	C	C	C	C	C	C	C	C	C	C	C	C	C	C	C	C	C	C	A
7399	G	C	G	G	G	G	G	G	G	G	G	G	G	G	G	G	G	G	G	G	G	G	C
7794	C	T	C	C	C	C	C	C	C	C	C	C	C	C	C	C	C	C	C	C	C	C	T
8693	CCGT	-	CCGT	CCGT	CCGT	CCGT	CCGT	CCGT	CCGT	CCGT	CCGT	CCGT	CCGT	CCGT	CCGT	CCGT	CCGT	CCGT	CCGT	CCGT	CCGT	CCGT	-
8777	GGC	-	GGC	GGC	GGC	GGC	GGC	GGC	GGC	GGC	GGC	GGC	GGC	GGC	GGC	GGC	GGC	GGC	GGC	GGC	-	GGC	GGC
8791	C	T	C	C	C	C	C	C	C	C	C	C	C	C	C	C	C	C	C	C	C	C	T
8798	GGT	-	GGT	GGT	GGT	GGT	GGT	GGT	GGT	GGT	GGT	GGT	GGT	GGT	GGT	GGT	GGT	GGT	GGT	GGT	GGT	GGT	-
9077	C	T	C	C	C	C	C	C	C	C	C	C	C	C	C	C	C	C	C	C	C	T	C
10078	GGCGGC	-	GGCGGC	GGCGGC	GGCGGC	GGCGGC	GGCGGC	GGCGGC	GGCGGC	GGCGGC	GGCGGC	GGCGGC	GGCGGC	GGCGGC	GGCGGC	GGCGGC	GGCGGC	GGCGGC	GGCGGC	GGCGGC	-	GGCGGC	GGCGGC
10092	CGG	-	CGG	CGG	CGG	CGG	CGG	CGG	CGG	CGG	CGG	CGG	CGG	CGG	CGG	CGG	CGG	CGG	CGG	CGG	CGG	-	CGG
10095	CGGC	-	CGGC	CGGC	CGGC	CGGC	CGGC	CGGC	CGGC	CGGC	CGGC	CGGC	CGGC	CGGC	CGGC	CGGC	CGGC	CGGC	CGGC	CGGC	CGGC	-	-
10102	G	T	G	G	G	G	G	G	G	G	G	G	G	G	G	G	G	G	G	G	G	T	T
10114	T	-	T	T	T	T	T	T	T	T	T	T	T	T	T	T	T	T	T	T	T	-	-
10967	A	G	A	A	A	A	A	A	A	A	A	A	A	A	A	A	A	A	A	A	A	A	G
10977	CT	-	CT	CT	CT	CT	CT	CT	CT	CT	CT	CT	CT	CT	CT	CT	CT	CT	CT	CT	CT	-	-
11086	GGCCCGCCGCGGGGCCCCGGCGGCGGG	-	GGCCCGCCGCGGGGCCCCGGCGGCGGG	GGCCCGCCGCGGGGCCCCGGCGGCGGG	GGCCCGCCGCGGGGCCCCGGCGGCGGG	GGCCCGCCGCGGGGCCCCGGCGGCGGG	GGCCCGCCGCGGGGCCCCGGCGGCGGG	GGCCCGCCGCGGGGCCCCGGCGGCGGG	GGCCCGCCGCGGGGCCCCGGCGGCGGG	GGCCCGCCGCGGGGCCCCGGCGGCGGG	GGCCCGCCGCGGGGCCCCGGCGGCGGG	GGCCCGCCGCGGGGCCCCGGCGGCGGG	GGCCCGCCGCGGGGCCCCGGCGGCGGG	GGCCCGCCGCGGGGCCCCGGCGGCGGG	GGCCCGCCGCGGGGCCCCGGCGGCGGG	GGCCCGCCGCGGGGCCCCGGCGGCGGG	GGCCCGCCGCGGGGCCCCGGCGGCGGG	GGCCCGCCGCGGGGCCCCGGCGGCGGG	GGCCCGCCGCGGGGCCCCGGCGGCGGG	GGCCCGCCGCGGGGCCCCGGCGGCGGG	GGCCCGCCGCGGGGCCCCGGCGGCGGG	-	GGCCCGCCGCGGGGCCCCGGCGGCGGG
11259	G	GC	G	G	G	G	G	G	G	G	G	G	G	G	G	G	G	G	G	G	G	GC	GC
11279	G	A	G	G	G	G	G	G	G	G	G	G	G	G	G	G	G	G	G	G	G	A	A
11420	GCG	-	GCG	GCG	GCG	GCG	GCG	GCG	GCG	GCG	GCG	GCG	GCG	GCG	GCG	GCG	GCG	GCG	GCG	GCG	GCG	GCG	-
11919	T	C	T	T	T	T	T	T	T	T	T	T	T	T	T	T	T	T	T	C	C	C	C
12731	G	GC	G	G	G	G	G	G	G	G	G	G	G	G	G	G	G	G	G	G	G	GC	GC
12753	C	T	C	C	C	C	C	C	C	C	C	C	C	C	C	C	C	C	C	T	C	C	C
13004	CG	-	CG	CG	CG	CG	CG	CG	CG	CG	CG	CG	CG	CG	CG	CG	CG	CG	CG	-	CG	-	-
13129	T	TGGGGGTGGGG	T	T	T	T	T	T	T	T	T	T	T	T	T	T	T	T	T	TGGGGGTGGGG	T	T	T
