Pos	Ref	alt	chr21:3112035-3125409	chr21:3156890-3170233	chr21:3201677-3215020	chr21:3246464-3259807	chr21:3291251-3304594	chr21:3336038-3349381	chr21:3380825-3394168	chr21:3425612-3438955	chr21:3470399-3483742	chr21:3515186-3528529	chr21:3559973-3573316	chr21:3604760-3618103	chr21:3649547-3662890	chr21:3694334-3707677	chr21:3739121-3752464	chr21:3783908-3797251	chr21:3828695-3842038	chr21:3873496-3886844	chr21:3917881-3931229	chr21:3962266-3975614	chr21:4006651-4019999	chr21:4051036-4064384	chr21:4095421-4108769	chr21:4139806-4153154	chr21:4184191-4197539	chr21:4228576-4241924	chr21:4272961-4286309	chr21:4317346-4330694	chr21:4361731-4375079	chr21:4406116-4419464	chr21:4450501-4463849	chr21:4494886-4508234	chr21:4539271-4552619	chr21:4583656-4597004	chr21:4628041-4641389	chr21:4672426-4685774	chr21:4716811-4730159	chr21:4761196-4774544	chr21:4805581-4818929	chr21:4849966-4863314	chr21:4894351-4907699	chr21:4938736-4952084	chr21:4983121-4996469	chr21:5027506-5040854	chr21:5071891-5085239	chr21:5116276-5129624	chr21:5160661-5174009	chr21:5205046-5218394	chr21:5249431-5262779	chr21:5293816-5307164	chr21:5338201-5351549	chr21:5382586-5395934	chr21:5426971-5440319	chr21:5471356-5484704	chr21:5515742-5529093	chr21:5559767-5573111
1293	G	C	G	C	C	C	C	C	C	C	C	C	C	C	C	C	C	C	C	C	C	C	C	C	C	C	C	C	C	C	C	C	C	C	C	C	C	C	C	C	C	C	C	C	C	C	C	C	C	C	C	C	C	C	C	C	C	C
1513	T	-	T	-	-	-	-	-	-	-	-	-	-	-	-	-	-	-	-	-	-	-	-	-	-	-	-	-	-	-	-	-	-	-	-	-	-	-	-	-	-	-	-	-	-	-	-	-	-	-	-	-	-	-	-	-	-	-
1642	C	-	C	-	-	-	-	-	-	-	-	-	-	-	-	-	-	-	-	-	-	-	-	-	-	-	-	-	-	-	-	-	-	-	-	-	-	-	-	-	-	-	-	-	-	-	-	-	-	-	-	-	-	-	-	-	-	-
1688	T	-	T	-	-	-	-	-	-	-	-	-	-	-	-	-	-	-	-	-	-	-	-	-	-	-	-	-	-	-	-	-	-	-	-	-	-	-	-	-	-	-	-	-	-	-	-	-	-	-	-	-	-	-	-	-	-	-
1761	C	T	C	T	T	T	T	T	T	T	T	T	T	T	T	T	T	T	T	T	T	T	T	T	T	T	T	T	T	T	T	T	T	T	T	T	T	T	T	T	T	T	T	T	T	T	T	T	T	T	T	T	T	T	T	T	T	T
2205	CGCC	-	CGCC	-	-	-	-	-	-	-	-	-	-	-	-	-	-	-	-	-	-	-	-	-	-	-	-	-	-	-	-	-	-	-	-	-	-	-	-	-	-	-	-	-	-	-	-	-	-	-	-	-	-	-	-	-	-	-
2293	T	C	T	C	C	C	C	C	C	C	C	C	C	C	C	C	C	C	C	T	T	T	T	T	T	T	T	T	T	T	T	T	T	T	T	T	T	T	T	T	T	T	T	T	T	T	T	T	T	T	T	T	T	T	T	T	T	C
2501	C	T	C	T	T	T	T	T	T	T	T	T	T	T	T	T	T	T	T	T	T	T	T	T	T	T	T	T	T	T	T	T	T	T	T	T	T	T	T	T	T	T	T	T	T	T	T	T	T	T	T	T	T	T	T	T	T	T
2602	C	T	C	T	T	T	T	T	T	T	T	T	T	T	T	T	T	T	T	T	T	T	T	T	T	T	T	T	T	T	T	T	T	T	T	T	T	T	T	T	T	T	T	T	T	T	T	T	T	T	T	T	T	T	T	T	T	T
3032	G	T	G	T	T	T	T	T	T	T	T	T	T	T	T	T	T	T	T	G	G	G	G	G	G	G	G	G	G	G	G	G	G	G	G	G	G	G	G	G	G	G	G	G	G	G	G	G	G	G	G	G	G	G	G	G	G	T
3394	A	G	A	G	G	G	G	G	G	G	G	G	G	G	G	G	G	G	G	G	G	G	G	G	G	G	G	G	G	G	G	G	G	G	G	G	G	G	G	G	G	G	G	G	G	G	G	G	G	G	G	G	G	G	G	G	G	G
3541	CCGTCCGCGGCCCGTCCGT	-	CCGTCCGCGGCCCGTCCGT	-	-	-	-	-	-	-	-	-	-	-	-	-	-	-	-	-	-	-	-	-	-	-	-	-	-	-	-	-	-	-	-	-	-	-	-	-	-	-	-	-	-	-	-	-	-	-	-	-	-	-	-	-	-	-
5565	G	GCGC	G	GCGC	GCGC	GCGC	GCGC	GCGC	GCGC	GCGC	GCGC	GCGC	GCGC	GCGC	GCGC	GCGC	GCGC	GCGC	GCGC	GCGC	GCGC	GCGC	GCGC	GCGC	GCGC	GCGC	GCGC	GCGC	GCGC	GCGC	GCGC	GCGC	GCGC	GCGC	GCGC	GCGC	GCGC	GCGC	GCGC	GCGC	GCGC	GCGC	GCGC	GCGC	GCGC	GCGC	GCGC	GCGC	GCGC	GCGC	GCGC	GCGC	GCGC	GCGC	GCGC	GCGC	GCGC	GCGC
5724	A	G	A	G	G	G	G	G	G	G	G	G	G	G	G	G	G	G	G	A	A	A	A	A	A	A	A	A	A	A	A	A	A	A	A	A	A	A	A	A	A	A	A	A	A	A	A	A	A	A	A	A	A	A	A	A	A	G
5740	AGAG	-	AGAG	AGAG	AGAG	AGAG	AGAG	AGAG	AGAG	AGAG	AGAG	AGAG	AGAG	AGAG	AGAG	AGAG	AGAG	AGAG	AGAG	AGAG	AGAG	AGAG	AGAG	AGAG	AGAG	AGAG	AGAG	AGAG	AGAG	AGAG	AGAG	AGAG	AGAG	AGAG	AGAG	AGAG	AGAG	AGAG	AGAG	AGAG	AGAG	AGAG	AGAG	AGAG	AGAG	AGAG	AGAG	AGAG	AGAG	AGAG	AGAG	AGAG	AGAG	AGAG	AGAG	AGAG	AGAG	-
5744	AGAA	-	AGAA	-	-	-	-	-	-	-	-	-	-	-	-	-	-	-	-	-	-	-	-	-	-	-	-	-	-	-	-	-	-	-	-	-	-	-	-	-	-	-	-	-	-	-	-	-	-	-	-	-	-	-	-	-	-	-
5748	AA	-	AA	-	-	-	-	-	-	-	-	-	-	-	-	-	-	-	-	AA	AA	AA	AA	AA	AA	AA	AA	AA	AA	AA	AA	AA	AA	AA	AA	AA	AA	AA	AA	AA	AA	AA	AA	AA	AA	AA	AA	AA	AA	AA	AA	AA	AA	AA	AA	AA	AA	-
5834	G	A	G	G	G	G	G	G	G	G	G	G	G	G	G	G	G	G	G	A	A	A	A	A	A	A	A	A	A	A	A	A	A	A	A	A	A	A	A	A	A	A	A	A	A	A	A	A	A	A	A	A	A	A	A	A	A	G
5886	T	TGG/TG	T	TGG	TGG	TGG	TGG	TGG	TGG	TGG	TGG	TGG	TGG	TGG	TGG	TGG	TGG	TGG	TGG	TG	TG	TG	TG	TG	TG	TG	TG	TG	TG	TG	TG	TG	TG	TG	TG	TG	TG	TG	TG	TG	TG	TG	TG	TG	TG	TG	TG	TG	TG	TG	TG	TG	TG	TG	TG	TG	TG	TGG
6210	C	-	C	-	-	-	-	-	-	-	-	-	-	-	-	-	-	-	-	-	-	-	-	-	-	-	-	-	-	-	-	-	-	-	-	-	-	-	-	-	-	-	-	-	-	-	-	-	-	-	-	-	-	-	-	-	-	-
6287	C	A	C	A	A	A	A	A	A	A	A	A	A	A	A	A	A	A	A	C	C	C	C	C	C	C	C	C	C	C	C	C	C	C	C	C	C	C	C	C	C	C	C	C	C	C	C	C	C	C	C	C	C	C	C	C	C	A
6530	G	GGC	G	GGC	GGC	GGC	GGC	GGC	GGC	GGC	GGC	GGC	GGC	GGC	GGC	GGC	GGC	GGC	GGC	GGC	GGC	GGC	GGC	GGC	GGC	GGC	GGC	GGC	GGC	GGC	GGC	GGC	GGC	GGC	GGC	GGC	GGC	GGC	GGC	GGC	GGC	GGC	GGC	GGC	GGC	GGC	GGC	GGC	GGC	GGC	GGC	GGC	GGC	GGC	GGC	GGC	GGC	GGC
6535	G	T	G	G	G	G	G	G	G	G	G	G	G	G	G	G	G	G	G	T	T	T	T	T	T	T	T	T	T	T	T	T	T	T	T	T	T	T	T	T	T	T	T	T	T	T	T	T	T	T	T	T	T	T	T	T	T	T
6536	G	T	G	G	G	G	G	G	G	G	G	G	G	G	G	G	G	G	G	T	T	T	T	T	T	T	T	T	T	T	T	T	T	T	T	T	T	T	T	T	T	T	T	T	T	T	T	T	T	T	T	T	T	T	T	T	T	T
6537	C	G	C	G	G	G	G	G	G	G	G	G	G	G	G	G	G	G	G	G	G	G	G	G	G	G	G	G	G	G	G	G	G	G	G	G	G	G	G	G	G	G	G	G	G	G	G	G	G	G	G	G	G	G	G	G	G	G
6893	T	C	T	C	C	C	C	C	C	C	C	C	C	C	C	C	C	C	C	T	T	T	T	T	T	T	T	T	T	T	T	T	T	T	T	T	T	T	T	T	T	T	T	T	T	T	T	T	T	T	T	T	T	T	T	T	T	T
7173	C	CCGT	C	CCGT	CCGT	CCGT	CCGT	CCGT	CCGT	CCGT	CCGT	CCGT	CCGT	CCGT	CCGT	CCGT	CCGT	CCGT	CCGT	C	C	C	C	C	C	C	C	C	C	C	C	C	C	C	C	C	C	C	C	C	C	C	C	C	C	C	C	C	C	C	C	C	C	C	C	C	C	C
7264	A	C	A	C	C	C	C	C	C	C	C	C	C	C	C	C	C	C	C	A	A	A	A	A	A	A	A	A	A	A	A	A	A	A	A	A	A	A	A	A	A	A	A	A	A	A	A	A	A	A	A	A	A	A	A	A	A	A
7402	G	GC	G	GC	GC	GC	GC	GC	GC	GC	GC	GC	GC	GC	GC	GC	GC	GC	GC	G	G	G	G	G	G	G	G	G	G	G	G	G	G	G	G	G	G	G	G	G	G	G	G	G	G	G	G	G	G	G	G	G	G	G	G	G	G	G
7407	G	C	G	C	C	C	C	C	C	C	C	C	C	C	C	C	C	C	C	G	G	G	G	G	G	G	G	G	G	G	G	G	G	G	G	G	G	G	G	G	G	G	G	G	G	G	G	G	G	G	G	G	G	G	G	G	G	C
7522	T	C	T	C	C	C	C	C	C	C	C	C	C	C	C	C	C	C	C	T	T	T	T	T	T	T	T	T	T	T	T	T	T	T	T	T	T	T	T	T	T	T	T	T	T	T	T	T	T	T	T	T	T	T	T	T	T	T
7815	G	GC	G	G	G	G	G	G	G	G	G	G	G	G	G	G	G	G	G	GC	GC	GC	GC	GC	GC	GC	GC	GC	GC	GC	GC	GC	GC	GC	GC	GC	GC	GC	GC	GC	GC	GC	GC	GC	GC	GC	GC	GC	GC	GC	GC	GC	GC	GC	GC	GC	GC	GC
7996	A	G	A	G	G	G	G	G	G	G	G	G	G	G	G	G	G	G	G	G	G	G	G	G	G	G	G	G	G	G	G	G	G	G	G	G	G	G	G	G	G	G	G	G	G	G	G	G	G	G	G	G	G	G	G	G	G	G
8700	CCGT	-	CCGT	-	-	-	-	-	-	-	-	-	-	-	-	-	-	-	-	-	-	-	-	-	-	-	-	-	-	-	-	-	-	-	-	-	-	-	-	-	-	-	-	-	-	-	-	-	-	-	-	-	-	-	-	-	CCGT	CCGT
8717	C	CGTCC/CGTCCG	C	CGTCCG	CGTCCG	CGTCCG	CGTCCG	CGTCCG	CGTCCG	CGTCCG	CGTCCG	CGTCCG	CGTCCG	CGTCCG	CGTCCG	CGTCCG	CGTCCG	CGTCCG	CGTCCG	CGTCCG	CGTCCG	CGTCCG	CGTCCG	CGTCCG	CGTCCG	CGTCCG	CGTCCG	CGTCCG	CGTCCG	CGTCCG	CGTCCG	CGTCCG	CGTCCG	CGTCCG	CGTCCG	CGTCCG	CGTCCG	CGTCCG	CGTCCG	CGTCCG	CGTCCG	CGTCCG	CGTCCG	CGTCCG	CGTCCG	CGTCCG	CGTCCG	CGTCCG	CGTCCG	CGTCCG	CGTCCG	CGTCCG	CGTCCG	CGTCCG	CGTCCG	CGTCCG	CGTCCG	CGTCC
8780	GGC	-	GGC	GGC	GGC	GGC	GGC	GGC	GGC	GGC	GGC	GGC	GGC	GGC	GGC	GGC	GGC	GGC	GGC	GGC	GGC	GGC	GGC	GGC	GGC	GGC	GGC	GGC	GGC	GGC	GGC	GGC	GGC	GGC	GGC	GGC	GGC	GGC	GGC	GGC	GGC	GGC	GGC	GGC	GGC	GGC	GGC	GGC	GGC	GGC	GGC	GGC	GGC	GGC	GGC	GGC	GGC	-
8797	C	T	C	T	T	T	T	T	T	T	T	T	T	T	T	T	T	T	T	T	T	T	T	T	T	T	T	T	T	T	T	T	T	T	T	T	T	T	T	T	T	T	T	T	T	T	T	T	T	T	T	T	T	T	T	T	T	T
8798	GGC	-	GGC	-	-	-	-	-	-	-	-	-	-	-	-	-	-	-	-	GGC	GGC	GGC	GGC	GGC	GGC	GGC	GGC	GGC	GGC	GGC	GGC	GGC	GGC	GGC	GGC	GGC	GGC	GGC	GGC	GGC	GGC	GGC	GGC	GGC	GGC	GGC	GGC	GGC	GGC	GGC	GGC	GGC	GGC	GGC	GGC	GGC	GGC	GGC
8804	GGT	-	GGT	-	-	-	-	-	-	-	-	-	-	-	-	-	-	-	-	-	-	-	-	-	-	-	-	-	-	-	-	-	-	-	-	-	-	-	-	-	-	-	-	-	-	-	-	-	-	-	-	-	-	-	-	-	-	-
10084	GGC	-	GGC	-	-	-	-	-	-	-	-	-	-	-	-	-	-	-	-	-	-	-	-	-	-	-	-	-	-	-	-	-	-	-	-	-	-	-	-	-	-	-	-	-	-	-	-	-	-	-	-	-	-	-	-	-	-	GGC
10106	G	GC	G	GC	GC	GC	GC	GC	GC	GC	GC	GC	GC	GC	GC	GC	GC	GC	GC	GC	GC	GC	GC	GC	GC	GC	GC	GC	GC	GC	GC	GC	GC	GC	GC	GC	GC	GC	GC	GC	GC	GC	GC	GC	GC	GC	GC	GC	GC	GC	GC	GC	GC	GC	GC	GC	GC	GC
10110	T	G	T	G	G	G	G	G	G	G	G	G	G	G	G	G	G	G	G	G	G	G	G	G	G	G	G	G	G	G	G	G	G	G	G	G	G	G	G	G	G	G	G	G	G	G	G	G	G	G	G	G	G	G	G	G	G	G
10123	C	T	C	T	T	T	T	T	T	T	T	T	T	T	T	T	T	T	T	T	T	T	T	T	T	T	T	T	T	T	T	T	T	T	T	T	T	T	T	T	T	T	T	T	T	T	T	T	T	T	T	T	T	T	T	T	T	T
10126	C	CCCGC/CCCG	C	CCCG	CCCG	CCCG	CCCG	CCCG	CCCG	CCCG	CCCG	CCCG	CCCG	CCCG	CCCG	CCCG	CCCG	CCCG	CCCG	CCCG	CCCG	CCCG	CCCG	CCCG	CCCG	CCCG	CCCG	CCCG	CCCG	CCCG	CCCG	CCCG	CCCG	CCCG	CCCG	CCCG	CCCG	CCCG	CCCG	CCCG	CCCG	CCCG	CCCG	CCCG	CCCG	CCCG	CCCG	CCCG	CCCG	CCCG	CCCG	CCCG	CCCG	CCCG	CCCG	CCCG	CCCGC	CCCG
10127	C	-	C	-	-	-	-	-	-	-	-	-	-	-	-	-	-	-	-	C	C	C	C	C	C	C	C	C	C	C	C	C	C	C	C	C	C	C	C	C	C	C	C	C	C	C	C	C	C	C	C	C	C	C	C	C	C	C
10128	G	C	G	C	C	C	C	C	C	C	C	C	C	C	C	C	C	C	C	C	C	C	C	C	C	C	C	C	C	C	C	C	C	C	C	C	C	C	C	C	C	C	C	C	C	C	C	C	C	C	C	C	C	C	C	C	C	C
10933	T	C	T	T	T	T	T	T	T	T	T	T	T	T	T	T	T	T	T	T	T	T	T	T	T	T	T	T	T	T	T	T	T	T	T	T	T	T	T	T	T	T	T	T	T	T	T	T	T	T	T	T	T	T	T	T	T	C
10973	A	G	A	A	A	A	A	A	A	A	A	A	A	A	A	A	A	A	A	A	A	A	A	A	A	A	A	A	A	A	A	A	A	A	A	A	A	A	A	A	A	A	A	A	A	A	A	A	A	A	A	A	A	A	A	A	A	G
10983	CTCT	-	CTCT	-	-	-	-	-	-	-	-	-	-	-	-	-	-	-	-	-	-	-	-	-	-	-	-	-	-	-	-	-	-	-	-	-	-	-	-	-	-	-	-	-	-	-	-	-	-	-	-	-	-	-	-	-	-	-
11063	GA	-	GA	-	-	-	-	-	-	-	-	-	-	-	-	-	-	-	-	-	-	-	-	-	-	-	-	-	-	-	-	-	-	-	-	-	-	-	-	-	-	-	-	-	-	-	-	-	-	-	-	-	-	-	-	-	-	-
11098	C	-	C	C	C	C	C	C	C	C	C	C	C	C	C	C	C	C	C	C	C	C	C	C	C	C	C	C	C	C	C	C	C	C	C	C	C	C	C	C	C	C	C	C	C	C	C	C	C	C	C	C	C	C	C	C	C	-
11269	G	GC	G	GC	GC	GC	GC	GC	GC	GC	GC	GC	GC	GC	GC	GC	GC	GC	GC	GC	GC	GC	GC	GC	GC	GC	GC	GC	GC	GC	GC	GC	GC	GC	GC	GC	GC	GC	GC	GC	GC	GC	GC	GC	GC	GC	GC	GC	GC	GC	GC	GC	GC	GC	GC	GC	GC	G
11351	C	T	C	T	T	T	T	T	T	T	T	T	T	T	T	T	T	T	T	T	T	T	T	T	T	T	T	T	T	T	T	T	T	T	T	T	T	T	T	T	T	T	T	T	T	T	T	T	T	T	T	T	T	T	T	T	T	C
11429	C	CGCG	C	C	C	C	C	C	C	C	C	C	C	C	C	C	C	C	C	CGCG	CGCG	CGCG	CGCG	CGCG	CGCG	CGCG	CGCG	CGCG	CGCG	CGCG	CGCG	CGCG	CGCG	CGCG	CGCG	CGCG	CGCG	CGCG	CGCG	CGCG	CGCG	CGCG	CGCG	CGCG	CGCG	CGCG	CGCG	CGCG	CGCG	CGCG	CGCG	CGCG	CGCG	CGCG	CGCG	CGCG	CGCG	CGCG
12741	G	GC	G	GC	GC	GC	GC	GC	GC	GC	GC	GC	GC	GC	GC	GC	GC	GC	GC	GC	GC	GC	GC	GC	GC	GC	GC	GC	GC	GC	GC	GC	GC	GC	GC	GC	GC	GC	GC	GC	GC	GC	GC	GC	GC	GC	GC	GC	GC	GC	GC	GC	GC	GC	GC	GC	GC	GC
