26
consensus_from_MSA_all_rRNA_copies_T2T_13kb 0.000000 0.345866 0.283242 0.283242 0.635124 0.581097 0.545329 0.349725 0.349725 0.322974 0.379996 0.592498 0.683337 0.544756 0.544756 0.380390 0.423675 0.593528 0.477833 0.350787 0.448779 0.478124 0.478124 0.621323 0.683072 0.704092
consensus_from_uniq_morphs_T2T_13kb         0.345866 0.000000 0.399803 0.399803 0.591663 0.502170 0.449350 0.401772 0.401772 0.423425 0.320732 0.572359 0.623641 0.420938 0.420938 0.423115 0.423478 0.547356 0.447882 0.348819 0.401891 0.401655 0.401655 0.579467 0.683270 0.648942
chr13_operon_1_28S                          0.283242 0.399803 0.000000 0.523398 0.633544 0.608524 0.570950 0.283579 0.283579 0.287456 0.423312 0.624284 0.703696 0.568612 0.568612 0.478638 0.453220 0.622928 0.525320 0.403937 0.499803 0.524438 0.524438 0.648371 0.682278 0.718719
chr13_operon_6_28S                          0.283242 0.399803 0.523398 0.000000 0.633544 0.608524 0.570950 0.283579 0.283579 0.287456 0.423312 0.624284 0.703696 0.568612 0.568612 0.478638 0.453220 0.622928 0.525320 0.403937 0.499803 0.524438 0.524438 0.648371 0.682278 0.718719
chr13_operon_74_28S                         0.635124 0.591663 0.633544 0.633544 0.000000 0.476492 0.525089 0.609838 0.609838 0.649546 0.593441 0.546227 0.476379 0.447847 0.447847 0.476096 0.544251 0.499802 0.570723 0.582774 0.582971 0.524496 0.524496 0.476887 0.602699 0.475193
chr13_operon_75_28S                         0.581097 0.502170 0.608524 0.608524 0.476492 0.000000 0.475730 0.582478 0.582478 0.624507 0.501579 0.420731 0.476576 0.402131 0.402131 0.423047 0.449092 0.318666 0.399763 0.522889 0.403315 0.379242 0.379242 0.421520 0.639611 0.475588
chr13_operon_76_28S                         0.545329 0.449350 0.570950 0.570950 0.525089 0.475730 0.000000 0.546906 0.546906 0.563264 0.424123 0.596051 0.548132 0.321964 0.321964 0.322822 0.502956 0.547159 0.475759 0.476350 0.477927 0.401261 0.401261 0.581046 0.696170 0.592607
chr14_operon_1_28S                          0.349725 0.401772 0.283579 0.283579 0.609838 0.582478 0.546906 0.000000 0.522517 0.320354 0.380587 0.582428 0.673453 0.545150 0.545150 0.546761 0.402797 0.593725 0.502857 0.352756 0.451734 0.478518 0.478518 0.622507 0.674340 0.705278
chr14_operon_2_28S                          0.349725 0.401772 0.283579 0.283579 0.609838 0.582478 0.546906 0.522517 0.000000 0.320354 0.380587 0.582428 0.673453 0.545150 0.545150 0.546761 0.402797 0.593725 0.502857 0.352756 0.451734 0.478518 0.478518 0.622507 0.674340 0.705278
chr14_operon_16_28S                         0.322974 0.423425 0.287456 0.287456 0.649546 0.624507 0.563264 0.320354 0.320354 0.000000 0.422524 0.624482 0.704487 0.580442 0.580442 0.581414 0.480402 0.637332 0.547783 0.425197 0.525611 0.546906 0.546906 0.661204 0.693590 0.726823
chr15_operon_1_28S                          0.379996 0.320732 0.423312 0.423312 0.593441 0.501579 0.424123 0.380587 0.380587 0.422524 0.000000 0.561895 0.608025 0.420347 0.420347 0.421343 0.377782 0.524862 0.402956 0.322898 0.404058 0.351005 0.351005 0.563672 0.663624 0.649140
chr15_operon_2_28S                          0.592498 0.572359 0.624284 0.624284 0.546227 0.420731 0.596051 0.582428 0.582428 0.624482 0.561895 0.000000 0.395730 0.543731 0.543731 0.546101 0.569398 0.319842 0.449358 0.562883 0.500494 0.523593 0.523593 0.402567 0.640008 0.474204
chr15_operon_18_28S                         0.683337 0.623641 0.703696 0.703696 0.476379 0.476576 0.548132 0.673453 0.673453 0.704487 0.608025 0.395730 0.000000 0.543190 0.543190 0.593003 0.621071 0.448508 0.580747 0.648745 0.592014 0.580154 0.580154 0.401858 0.642588 0.346709
chr15_operon_34_28S                         0.544756 0.420938 0.568612 0.568612 0.447847 0.402131 0.321964 0.545150 0.545150 0.580442 0.420347 0.543731 0.543190 0.000000 0.398856 0.401814 0.474172 0.447711 0.449527 0.477326 0.476932 0.378549 0.378549 0.522409 0.653304 0.571259
chr15_operon_35_28S                         0.544756 0.420938 0.568612 0.568612 0.447847 0.402131 0.321964 0.545150 0.545150 0.580442 0.420347 0.543731 0.543190 0.398856 0.000000 0.401814 0.474172 0.447711 0.449527 0.477326 0.476932 0.378549 0.378549 0.522409 0.653304 0.571259
chr15_operon_50_28S                         0.380390 0.423115 0.478638 0.478638 0.476096 0.423047 0.322822 0.546761 0.546761 0.581414 0.421343 0.546101 0.593003 0.401814 0.401814 0.000000 0.477447 0.477111 0.404138 0.502461 0.404649 0.380568 0.380568 0.524580 0.653701 0.571654
chr21_operon_1_28S                          0.423675 0.423478 0.453220 0.453220 0.544251 0.449092 0.502956 0.402797 0.402797 0.480402 0.377782 0.569398 0.621071 0.474172 0.474172 0.477447 0.000000 0.500789 0.288079 0.324995 0.403467 0.322625 0.322625 0.524580 0.609843 0.620874
chr21_operon_2_28S                          0.593528 0.547356 0.622928 0.622928 0.499802 0.318666 0.547159 0.593725 0.593725 0.637332 0.524862 0.319842 0.448508 0.447711 0.447711 0.477111 0.500789 0.000000 0.400158 0.524073 0.420087 0.419298 0.419298 0.376703 0.612225 0.448508
chr21_operon_18_28S                         0.477833 0.447882 0.525320 0.525320 0.570723 0.399763 0.475759 0.502857 0.502857 0.547783 0.402956 0.449358 0.580747 0.449527 0.449527 0.404138 0.288079 0.400158 0.000000 0.476847 0.283744 0.321640 0.321640 0.476209 0.622147 0.579957
chr21_operon_55_28S                         0.350787 0.348819 0.403937 0.403937 0.582774 0.522889 0.476350 0.352756 0.352756 0.425197 0.322898 0.562883 0.648745 0.477326 0.477326 0.502461 0.324995 0.524073 0.476847 0.000000 0.323680 0.349428 0.349428 0.563080 0.648541 0.648745
chr21_operon_56_28S                         0.448779 0.401891 0.499803 0.499803 0.582971 0.403315 0.477927 0.451734 0.451734 0.525611 0.404058 0.500494 0.592014 0.476932 0.476932 0.404649 0.403467 0.420087 0.283744 0.323680 0.000000 0.350414 0.350414 0.498914 0.661441 0.591026
chr22_operon_1_28S                          0.478124 0.401655 0.524438 0.524438 0.524496 0.379242 0.401261 0.478518 0.478518 0.546906 0.351005 0.523593 0.580154 0.378549 0.378549 0.380568 0.322625 0.419298 0.321640 0.349428 0.350414 0.000000 0.399093 0.445212 0.621949 0.580352
chr22_operon_18_28S                         0.478124 0.401655 0.524438 0.524438 0.524496 0.379242 0.401261 0.478518 0.478518 0.546906 0.351005 0.523593 0.580154 0.378549 0.378549 0.380568 0.322625 0.419298 0.321640 0.349428 0.350414 0.399093 0.000000 0.445212 0.621949 0.580352
chr22_operon_19_28S                         0.621323 0.579467 0.648371 0.648371 0.476887 0.421520 0.581046 0.622507 0.622507 0.661204 0.563672 0.402567 0.401858 0.522409 0.522409 0.524580 0.524580 0.376703 0.476209 0.563080 0.498914 0.445212 0.445212 0.000000 0.548720 0.400277
chr22_operon_20_28S                         0.683072 0.683270 0.682278 0.682278 0.602699 0.639611 0.696170 0.674340 0.674340 0.693590 0.663624 0.640008 0.642588 0.653304 0.653304 0.653701 0.609843 0.612225 0.622147 0.648541 0.661441 0.621949 0.621949 0.548720 0.000000 0.603294
chr22_operon_21_28S                         0.704092 0.648942 0.718719 0.718719 0.475193 0.475588 0.592607 0.705278 0.705278 0.726823 0.649140 0.474204 0.346709 0.571259 0.571259 0.571654 0.620874 0.448508 0.579957 0.648745 0.591026 0.580352 0.580352 0.400277 0.603294 0.000000
