Pos	Ref	alt	KY962518	T2T_rDNA_45S_consensus_unique_morphs	T2T_rDNA_45S_consensus_all_operons	EMBOSS0001_Consensus_uniq_morphs_45S
139	T	Y/C	T	Y	Y	C
777	C	CGG	C	CGG	C	CGG
963	G	A	G	A	A	A
1756	T	Y	T	Y	Y	T
1944	G	S	G	S	S	G
1945	T	K	T	K	K	T
2144	G	C	G	C	C	C
2338	A	R	A	R	R	A
2620	A	M	A	M	M	A
3206	C	M	C	C	M	C
3385	A	R	A	R	R	A
3533	CGT	-	CGT	CGT	-	CGT
3536	CCGCGGC	-	CCGCGGC	-	-	-
3543	CC	-	CC	CC	-	CC
3545	GT	-	GT	CY	-	-
5556	G	GCGC	G	GCGC	GCGC	GCGC
5642	T	Y	T	T	Y	T
5713	G	GGAGA	G	GGAGA	GGAGA	GGAGA
5732	G	-	G	G	G	-
5733	A	-	A	-	A	-
5734	A	R/-	A	-	R	-
5806	A	C	A	C	C	C
5871	T	TG	T	TG	TG	TG
6515	G	GC	G	G	GC	G
6519	G	N	G	N	G	G
6520	G	S	G	G	S	G
6521	C	K/S	C	S	K	C
6522	G	K	G	G	K	G
6905	T	TC	T	TC	TC	TC
7247	A	M	A	M	M	A
7364	C	-	C	-	-	-
7786	T	Y/C	T	Y	Y	C
7790	C	G	C	G	G	G
7799	G	GC	G	GC	GC	GC
7980	A	R/G	A	R	R	G
8767	G	GGGCGGC	G	GGGCGGC	GGGCGGC	GGGCGGC
8813	A	AC	A	AC	AC	AC
9130	G	-	G	-	-	-
10082	G	GCGGCGGC	G	GCGGCGGC	GCGGCGGC	GCGGCGGC
10086	T	K/G	T	G	K	G
10092	G	K	G	K	G	G
10095	T	K	T	K	T	T
10097	C	S	C	S	C	C
10099	C	Y/T	C	Y	Y	T
10101	C	CCCC/CCCCS/CCCCG	C	CCCCS	CCCCG	CCCC
10102	C	S/G	C	S	C	G
10104	G	C	G	C	C	C
10377	T	C	T	C	C	C
10948	A	R	A	A	R	A
10957	C	CCT	C	C	CCT	C
11066	G	GC	G	GC	GC	GC
11242	C	CCCCA	C	CCCCA	CCCCA	CCCCA
11394	GCG	-	GCG	-	GCG	-
11408	G	GGCGGCGGCA	G	GGCGGCGGCA	GGCGGCGGCA	GGCGGCGGCA
12699	G	GC	G	GC	G	GC
12807	T	C	T	C	C	C
12971	C	CCGCG	C	C	CCGCG	C
13097	T	TGG	T	T	TGG	T
