Pos	Ref	alt	EMBOSS0001_Consensus_uniq_morphs_45S	consensus_from_uniq_morphs_T2T_13kb	consensus_from_MSA_all_rRNA_copies_T2T_13kb
139	C	Y	C	Y	Y
778	GG	-	GG	GG	-
1758	T	Y	T	Y	Y
1946	G	S	G	S	S
1947	T	K	T	K	K
2340	A	R	A	R	R
2622	A	M	A	M	M
3208	C	M	C	C	M
3387	A	R	A	R	R
3534	CCGTC	-	CCGTC	CCGTC	-
3539	C	CCY	C	CCY	C
5638	T	Y	T	T	Y
5712	GAGA	-	GAGA	GAGA	-
5731	A	AGAGAGAR/AG	A	AG	AGAGAGAR
6512	G	GGC	G	G	GGC
6517	G	S/N	G	N	S
6518	G	-	G	G	-
6519	C	K/S	C	S	K
6520	G	K	G	G	K
7246	A	M	A	M	M
7784	C	Y	C	Y	Y
7979	G	R	G	R	R
10098	G	K	G	G	K
10104	G	K	G	K	G
10107	T	K	T	K	T
10109	C	S	C	S	C
10111	T	Y	T	Y	Y
10117	G	SS/GC	G	SS	GC
10963	A	R	A	A	R
10972	C	CCT	C	C	CCT
11413	C	CGCG	C	C	CGCG
12726	C	-	C	C	-
12998	C	CCGCG	C	C	CCGCG
13124	T	TGG	T	T	TGG
