Pos	Ref	alt	EMBOSS0001_Consensus_uniq_morphs_45S	consensus_from_uniq_morphs_T2T_13kb	consensus_from_MSA_all_rRNA_copies_T2T_13kb
139	C	Y	C	Y	Y
778	GG	-	GG	GG	--
1758	T	Y	T	Y	Y
1946	G	S	G	S	S
1947	T	K	T	K	K
2340	A	R	A	R	R
2622	A	M	A	M	M
3208	C	M	C	C	M
3387	A	R	A	R	R
3534	CCGTC	-	CCGTC	CCGTC	-----
3539	C	CCY	C--	CCY	C--
5640	T	Y	T	T	Y
5714	GAGA	-	GAGA	GAGA	----
5733	A	AGAGAGAR/AG	A-------	AG------	AGAGAGAR
6521	G	GGC	G--	G--	GGC
6528	G	S/N	G	N	S
6529	G	-	G	G	-
6530	C	K/S	C	S	K
6531	G	K	G	G	K
7257	A	M	A	M	M
7795	C	Y	C	Y	Y
7990	G	R	G	R	R
10109	G	K	G	G	K
10115	G	K	G	K	G
10118	T	K	T	K	T
10120	C	S	C	S	C
10122	T	Y	T	Y	Y
10128	G	SS/GC	G-	SS	GC
10975	A	R	A	A	R
10984	C	CCT	C--	C--	CCT
11427	C	CGCG	C---	C---	CGCG
12743	C	-	C	C	-
13015	C	CCGCG	C----	C----	CCGCG
13145	T	TGG	T--	T--	TGG
