Pos	Ref	alt	KY962518	T2T_rDNA_45S_consensus_unique_morphs	T2T_rDNA_45S_consensus_all_operons	EMBOSS0001_Consensus_uniq_morphs_45S
139	T	Y/C	T	Y	Y	C
777	C	CGG	C--	CGG	C--	CGG
965	G	A	G	A	A	A
1758	T	Y	T	Y	Y	T
1946	G	S	G	S	S	G
1947	T	K	T	K	K	T
2146	G	C	G	C	C	C
2340	A	R	A	R	R	A
2622	A	M	A	M	M	A
3208	C	M	C	C	M	C
3387	A	R	A	R	R	A
3535	CGT	-	CGT	CGT	---	CGT
3538	CCGCGGC	-	CCGCGGC	-------	-------	-------
3545	CC	-	CC	CC	--	CC
3547	GT	-	GT	CY	--	--
5558	G	GCGC	G---	GCGC	GCGC	GCGC
5647	T	Y	T	T	Y	T
5718	G	GGAGA	G----	GGAGA	GGAGA	GGAGA
5741	G	-	G	G	G	-
5742	A	-	A	-	A	-
5743	A	R/-	A	-	R	-
5815	A	C	A	C	C	C
5880	T	TG	T-	TG	TG	TG
6525	G	GC	G-	G-	GC	G-
6530	G	N	G	N	G	G
6531	G	S	G	G	S	G
6532	C	K/S	C	S	K	C
6533	G	K	G	G	K	G
6916	T	TC	T-	TC	TC	TC
7259	A	M	A	M	M	A
7376	C	-	C	-	-	-
7798	T	Y/C	T	Y	Y	C
7802	C	G	C	G	G	G
7811	G	GC	G-	GC	GC	GC
7993	A	R/G	A	R	R	G
8780	G	GGGCGGC	G------	GGGCGGC	GGGCGGC	GGGCGGC
8832	A	AC	A-	AC	AC	AC
9150	G	-	G	-	-	-
10102	G	GCGGCGGC	G-------	GCGGCGGC	GCGGCGGC	GCGGCGGC
10113	T	K/G	T	G	K	G
10119	G	K	G	K	G	G
10122	T	K	T	K	T	T
10124	C	S	C	S	C	C
10126	C	Y/T	C	Y	Y	T
10128	C	CCCC/CCCCS/CCCCG	C----	CCCCS	CCCCG	CCCC-
10133	C	S/G	C	S	C	G
10135	G	C	G	C	C	C
10408	T	C	T	C	C	C
10979	A	R	A	A	R	A
10988	C	CCT	C--	C--	CCT	C--
11099	G	GC	G-	GC	GC	GC
11276	C	CCCCA	C----	CCCCA	CCCCA	CCCCA
11432	GCG	-	GCG	---	GCG	---
11446	G	GGCGGCGGCA	G---------	GGCGGCGGCA	GGCGGCGGCA	GGCGGCGGCA
12746	G	GC	G-	GC	G-	GC
12855	T	C	T	C	C	C
13019	C	CCGCG	C----	C----	CCGCG	C----
13149	T	TGG	T--	T--	TGG	T--
