SRR1997411	/gpfs/projects/bsc83/Projects/ribosomal_RNAs/Aisha/T2T_variant_calling/WGS/cons_uniq_morphs.T2T_masked_small_blast_hits/02_HaplotypeCaller/Consensus_Uniq_Morphs/output_MQ30.BQ15.MAA20.GC75000.SC10.p5/SRR1997411/SRR1997411.ploidy_5.output.g.vcf.gz
SRR3189741	/gpfs/projects/bsc83/Projects/ribosomal_RNAs/Aisha/T2T_variant_calling/WGS/cons_uniq_morphs.T2T_masked_small_blast_hits/02_HaplotypeCaller/Consensus_Uniq_Morphs/output_MQ30.BQ15.MAA20.GC75000.SC10.p5/SRR3189741/SRR3189741.ploidy_5.output.g.vcf.gz
SRR3189742	/gpfs/projects/bsc83/Projects/ribosomal_RNAs/Aisha/T2T_variant_calling/WGS/cons_uniq_morphs.T2T_masked_small_blast_hits/02_HaplotypeCaller/Consensus_Uniq_Morphs/output_MQ30.BQ15.MAA20.GC75000.SC10.p5/SRR3189742/SRR3189742.ploidy_5.output.g.vcf.gz
SRR3189743	/gpfs/projects/bsc83/Projects/ribosomal_RNAs/Aisha/T2T_variant_calling/WGS/cons_uniq_morphs.T2T_masked_small_blast_hits/02_HaplotypeCaller/Consensus_Uniq_Morphs/output_MQ30.BQ15.MAA20.GC75000.SC10.p5/SRR3189743/SRR3189743.ploidy_5.output.g.vcf.gz
