SRR1997411	/gpfs/projects/bsc83/Projects/ribosomal_RNAs/Aisha/T2T_variant_calling/WGS/cons_uniq_morphs.T2T_masked_small_blast_hits/02_HaplotypeCaller/Consensus_Uniq_Morphs/output_MQ10.BQ10.MAA20.GC75000.p10/SRR1997411/SRR1997411.ploidy_10.output.g.vcf.gz
SRR3189741	/gpfs/projects/bsc83/Projects/ribosomal_RNAs/Aisha/T2T_variant_calling/WGS/cons_uniq_morphs.T2T_masked_small_blast_hits/02_HaplotypeCaller/Consensus_Uniq_Morphs/output_MQ10.BQ10.MAA20.GC75000.p10/SRR3189741/SRR3189741.ploidy_10.output.g.vcf.gz
SRR3189742	/gpfs/projects/bsc83/Projects/ribosomal_RNAs/Aisha/T2T_variant_calling/WGS/cons_uniq_morphs.T2T_masked_small_blast_hits/02_HaplotypeCaller/Consensus_Uniq_Morphs/output_MQ10.BQ10.MAA20.GC75000.p10/SRR3189742/SRR3189742.ploidy_10.output.g.vcf.gz
SRR3189743	/gpfs/projects/bsc83/Projects/ribosomal_RNAs/Aisha/T2T_variant_calling/WGS/cons_uniq_morphs.T2T_masked_small_blast_hits/02_HaplotypeCaller/Consensus_Uniq_Morphs/output_MQ10.BQ10.MAA20.GC75000.p10/SRR3189743/SRR3189743.ploidy_10.output.g.vcf.gz
