25
KY962518        0.000000 0.306629 0.306554 0.051815 0.185562 0.082528 0.184628 0.196556 0.257922 0.261322 0.016428 0.298672 0.182942 0.184108 0.266737 0.164797 0.147793 0.116946 0.138716 0.117281 0.217225 0.229883 0.016032 0.132828 0.120792
chr13_operon_1  0.306629 0.000000 0.000075 0.086383 0.177700 0.023162 0.189642 0.190940 0.009342 0.014747 0.273348 0.321404 0.204227 0.202774 0.284858 0.082324 0.169827 0.259440 0.297955 0.287920 0.178016 0.178507 0.251873 0.184712 0.149359
chr13_operon_6  0.306554 0.000075 0.000000 0.086308 0.177625 0.023087 0.189792 0.191089 0.009268 0.014672 0.273348 0.321555 0.204377 0.202924 0.285008 0.082249 0.169752 0.259515 0.298105 0.288070 0.177941 0.178433 0.251798 0.184637 0.149284
chr13_operon_74 0.051815 0.086383 0.086308 0.000000 0.155969 0.081209 0.044166 0.058263 0.266797 0.133173 0.199235 0.063020 0.080009 0.075735 0.170816 0.116677 0.080684 0.076635 0.171866 0.094706 0.135573 0.146221 0.188962 0.132152 0.070561
chr13_operon_75 0.185562 0.177700 0.177625 0.155969 0.000000 0.080129 0.112925 0.106485 0.134641 0.080425 0.255270 0.234001 0.023458 0.011769 0.122285 0.065149 0.025482 0.023299 0.096322 0.026379 0.022315 0.017822 0.080012 0.198979 0.025043
chr13_operon_76 0.082528 0.023162 0.023087 0.081209 0.080129 0.000000 0.239113 0.024136 0.125253 0.007796 0.143500 0.195363 0.098119 0.209745 0.206656 0.147215 0.135072 0.022037 0.093096 0.008170 0.181321 0.181171 0.072858 0.186590 0.073255
chr14_operon_1  0.184628 0.189642 0.189792 0.044166 0.112925 0.239113 0.000000 0.001797 0.003817 0.191631 0.259020 0.256883 0.132504 0.131784 0.104987 0.206631 0.019336 0.016707 0.021571 0.017461 0.162401 0.241281 0.178304 0.185013 0.184974
chr14_operon_2  0.196556 0.190940 0.191089 0.058263 0.106485 0.024136 0.001797 0.000000 0.002546 0.208836 0.255795 0.259659 0.121262 0.121964 0.035046 0.208311 0.139549 0.018355 0.018875 0.018585 0.298839 0.298989 0.096419 0.135531 0.223439
chr14_operon_16 0.257922 0.009342 0.009268 0.266797 0.134641 0.125253 0.003817 0.002546 0.000000 0.036754 0.294502 0.261085 0.053736 0.170765 0.121686 0.154404 0.207974 0.180776 0.130252 0.140213 0.131173 0.131693 0.257117 0.187190 0.162480
chr15_operon_1  0.261322 0.014747 0.014672 0.133173 0.080425 0.007796 0.191631 0.208836 0.036754 0.000000 0.187683 0.192137 0.192760 0.282159 0.203310 0.124635 0.265008 0.191265 0.190997 0.192971 0.004342 0.015495 0.251948 0.183361 0.176501
chr15_operon_2  0.016428 0.273348 0.273348 0.199235 0.255270 0.143500 0.259020 0.255795 0.294502 0.187683 0.000000 0.002926 0.094967 0.005776 0.067437 0.223389 0.007801 0.251819 0.256695 0.178981 0.190083 0.201110 0.008627 0.130350 0.010277
chr15_operon_18 0.298672 0.321404 0.321555 0.063020 0.234001 0.195363 0.256883 0.259659 0.261085 0.192137 0.002926 0.000000 0.003826 0.003526 0.063771 0.314502 0.106685 0.253282 0.258459 0.136244 0.190037 0.201140 0.191837 0.195600 0.008103
chr15_operon_34 0.182942 0.204227 0.204377 0.080009 0.023458 0.098119 0.132504 0.121262 0.053736 0.192760 0.094967 0.003826 0.000000 0.000450 0.062655 0.293187 0.081241 0.008019 0.107847 0.009293 0.193585 0.204752 0.090010 0.141388 0.131964
chr15_operon_35 0.184108 0.202774 0.202924 0.075735 0.011769 0.209745 0.131784 0.121964 0.170765 0.282159 0.005776 0.003526 0.000450 0.000000 0.061769 0.191679 0.008321 0.007346 0.107046 0.008621 0.194603 0.205922 0.238081 0.184938 0.009597
chr15_operon_50 0.266737 0.284858 0.285008 0.170816 0.122285 0.206656 0.104987 0.035046 0.121686 0.203310 0.067437 0.063771 0.062655 0.061769 0.000000 0.194548 0.008694 0.007941 0.055127 0.091202 0.223529 0.212371 0.163920 0.136056 0.174252
chr21_operon_1  0.164797 0.082324 0.082249 0.116677 0.065149 0.147215 0.206631 0.208311 0.154404 0.124635 0.223389 0.314502 0.293187 0.191679 0.194548 0.000000 0.198156 0.196434 0.194667 0.196568 0.047291 0.048759 0.047348 0.186064 0.293094
chr21_operon_2  0.147793 0.169827 0.169752 0.080684 0.025482 0.135072 0.019336 0.139549 0.207974 0.265008 0.007801 0.106685 0.081241 0.008321 0.008694 0.198156 0.000000 0.004197 0.005096 0.005246 0.191411 0.203103 0.090010 0.213621 0.023544
chr21_operon_18 0.116946 0.259440 0.259515 0.076635 0.023299 0.022037 0.016707 0.018355 0.180776 0.191265 0.251819 0.253282 0.008019 0.007346 0.007941 0.196434 0.004197 0.000000 0.001274 0.003822 0.191340 0.192239 0.009215 0.134705 0.238434
chr21_operon_55 0.138716 0.297955 0.298105 0.171866 0.096322 0.093096 0.021571 0.018875 0.130252 0.190997 0.256695 0.258459 0.107847 0.107046 0.055127 0.194667 0.005096 0.001274 0.000000 0.004496 0.206052 0.210396 0.097767 0.240802 0.179801
chr21_operon_56 0.117281 0.287920 0.288070 0.094706 0.026379 0.008170 0.017461 0.018585 0.140213 0.192971 0.178981 0.136244 0.009293 0.008621 0.091202 0.196568 0.005246 0.003822 0.004496 0.000000 0.193570 0.194469 0.096823 0.134555 0.112544
chr22_operon_1  0.217225 0.178016 0.177941 0.135573 0.022315 0.181321 0.162401 0.298839 0.131173 0.004342 0.190083 0.190037 0.193585 0.194603 0.223529 0.047291 0.191411 0.191340 0.206052 0.193570 0.000000 0.001048 0.001648 0.181183 0.244808
chr22_operon_18 0.229883 0.178507 0.178433 0.146221 0.017822 0.181171 0.241281 0.298989 0.131693 0.015495 0.201110 0.201140 0.204752 0.205922 0.212371 0.048759 0.203103 0.192239 0.210396 0.194469 0.001048 0.000000 0.013111 0.180958 0.243758
chr22_operon_19 0.016032 0.251873 0.251798 0.188962 0.080012 0.072858 0.178304 0.096419 0.257117 0.251948 0.008627 0.191837 0.090010 0.238081 0.163920 0.047348 0.090010 0.009215 0.097767 0.096823 0.001648 0.013111 0.000000 0.008410 0.127015
chr22_operon_20 0.132828 0.184712 0.184637 0.132152 0.198979 0.186590 0.185013 0.135531 0.187190 0.183361 0.130350 0.195600 0.141388 0.184938 0.136056 0.186064 0.213621 0.134705 0.240802 0.134555 0.181183 0.180958 0.008410 0.000000 0.078315
chr22_operon_21 0.120792 0.149359 0.149284 0.070561 0.025043 0.073255 0.184974 0.223439 0.162480 0.176501 0.010277 0.008103 0.131964 0.009597 0.174252 0.293094 0.023544 0.238434 0.179801 0.112544 0.244808 0.243758 0.127015 0.078315 0.000000
