Pos	Ref	alt	KY962518	chr15:2510165-2523524	chr15:2552720-2566051	chr15:2595247-2608578	chr15:2637774-2651105	chr15:2680301-2693632	chr15:2722828-2736159	chr15:2765355-2778686	chr15:2807882-2821213	chr15:2850409-2863740	chr15:2892936-2906267	chr15:2935463-2948794	chr15:2977990-2991321	chr15:3020517-3033848	chr15:3063044-3076375	chr15:3105571-3118902	chr15:3148098-3161429	chr15:3190625-3203956	chr15:3233149-3246478	chr15:3277098-3290427	chr15:3321047-3334376	chr15:3364996-3378325	chr15:3408945-3422274	chr15:3452894-3466223	chr15:3496843-3510172	chr15:3540792-3554121	chr15:3584741-3598070	chr15:3628690-3642019	chr15:3672639-3685968	chr15:3716588-3729917	chr15:3760537-3773866	chr15:3804486-3817815	chr15:3848435-3861764	chr15:3892384-3905713	chr15:3936333-3949676	chr15:3981265-3994605	chr15:4026194-4039534	chr15:4071123-4084463	chr15:4116052-4129392	chr15:4160981-4174321	chr15:4205910-4219250	chr15:4250839-4264179	chr15:4295768-4309108	chr15:4340697-4354037	chr15:4385626-4398966	chr15:4430555-4443895	chr15:4475484-4488824	chr15:4520413-4533753	chr15:4565342-4578682	chr15:4610271-4623611	chr15:4655200-4668554
139	T	C	T	C	C	C	C	C	C	C	C	C	C	C	C	C	C	C	C	C	C	C	C	C	C	C	C	C	C	C	C	C	C	C	C	C	C	T	T	T	T	T	T	T	T	T	T	T	T	T	T	T	C
777	C	CGG	C	C	CGG	CGG	CGG	CGG	CGG	CGG	CGG	CGG	CGG	CGG	CGG	CGG	CGG	CGG	CGG	CGG	CGG	CGG	CGG	CGG	CGG	CGG	CGG	CGG	CGG	CGG	CGG	CGG	CGG	CGG	CGG	CGG	CGG	CGG	CGG	CGG	CGG	CGG	CGG	CGG	CGG	CGG	CGG	CGG	CGG	CGG	CGG	CGG	CGG
963	G	A	G	A	A	A	A	A	A	A	A	A	A	A	A	A	A	A	A	A	A	A	A	A	A	A	A	A	A	A	A	A	A	A	A	A	A	A	A	A	A	A	A	A	A	A	A	A	A	A	A	A	A
1510	G	GT	G	GT	G	G	G	G	G	G	G	G	G	G	G	G	G	G	G	G	G	G	G	G	G	G	G	G	G	G	G	G	G	G	G	G	G	G	G	G	G	G	G	G	G	G	G	G	G	G	G	G	G
1638	T	TC	T	TC	T	T	T	T	T	T	T	T	T	T	T	T	T	T	T	T	T	T	T	T	T	T	T	T	T	T	T	T	T	T	T	T	T	T	T	T	T	T	T	T	T	T	T	T	T	T	T	T	T
1683	G	GT	G	GT	G	G	G	G	G	G	G	G	G	G	G	G	G	G	G	G	G	G	G	G	G	G	G	G	G	G	G	G	G	G	G	G	G	G	G	G	G	G	G	G	G	G	G	G	G	G	G	G	G
1756	T	C	T	C	T	T	T	T	T	T	T	T	T	T	T	T	T	T	T	T	T	T	T	T	T	T	T	T	T	T	T	T	T	T	T	T	T	T	T	T	T	T	T	T	T	T	T	T	T	T	T	T	T
1944	G	C	G	C	G	G	G	G	G	G	G	G	G	G	G	G	G	G	G	G	G	G	G	G	G	G	G	G	G	G	G	G	G	G	G	G	G	G	G	G	G	G	G	G	G	G	G	G	G	G	G	G	G
1945	T	G	T	G	T	T	T	T	T	T	T	T	T	T	T	T	T	T	T	T	T	T	T	T	T	T	T	T	T	T	T	T	T	T	T	T	T	T	T	T	T	T	T	T	T	T	T	T	T	T	T	T	T
2144	G	C	G	C	C	C	C	C	C	C	C	C	C	C	C	C	C	C	C	C	C	C	C	C	C	C	C	C	C	C	C	C	C	C	C	C	C	C	C	C	C	C	C	C	C	C	C	C	C	C	C	C	C
2338	A	G	A	G	A	A	A	A	A	A	A	A	A	A	A	A	A	A	A	A	A	A	A	A	A	A	A	A	A	A	A	A	A	A	A	A	A	A	A	A	A	A	A	A	A	A	A	A	A	A	A	A	A
2492	T	TGCG	T	T	TGCG	TGCG	TGCG	TGCG	TGCG	TGCG	TGCG	TGCG	TGCG	TGCG	TGCG	TGCG	TGCG	TGCG	TGCG	TGCG	TGCG	TGCG	TGCG	TGCG	TGCG	TGCG	TGCG	TGCG	TGCG	TGCG	TGCG	TGCG	TGCG	TGCG	TGCG	TGCG	TGCG	TGCG	TGCG	TGCG	TGCG	TGCG	TGCG	TGCG	TGCG	TGCG	TGCG	TGCG	TGCG	TGCG	TGCG	TGCG	TGCG
2620	A	C	A	C	A	A	A	A	A	A	A	A	A	A	A	A	A	A	A	A	A	A	A	A	A	A	A	A	A	A	A	A	A	A	A	A	A	A	A	A	A	A	A	A	A	A	A	A	A	A	A	A	A
3050	C	CG	C	CG	C	C	C	C	C	C	C	C	C	C	C	C	C	C	C	C	C	C	C	C	C	C	C	C	C	C	C	C	C	C	C	C	C	C	C	C	C	C	C	C	C	C	C	C	C	C	C	C	C
3206	C	A	C	A	C	C	C	C	C	C	C	C	C	C	C	C	C	C	C	C	C	C	C	C	C	C	C	C	C	C	C	C	C	C	C	C	C	C	C	C	C	C	C	C	C	C	C	C	C	C	C	C	C
3300	CG	-	CG	-	CG	CG	CG	CG	CG	CG	CG	CG	CG	CG	CG	CG	CG	CG	CG	CG	CG	CG	CG	CG	CG	CG	CG	CG	CG	CG	CG	CG	CG	CG	CG	CG	CG	CG	CG	CG	CG	CG	CG	CG	CG	CG	CG	CG	CG	CG	CG	CG	CG
3524	CCGTCCGCCCGTCCGCGGC	-	CCGTCCGCCCGTCCGCGGC	CCGTCCGCCCGTCCGCGGC	-	-	-	-	-	-	-	-	-	-	-	-	-	-	-	-	-	-	-	-	-	-	-	-	-	-	-	-	-	-	-	-	-	-	-	-	-	-	-	-	-	-	-	-	-	-	-	-	-
3543	CCGT	-	CCGT	-	-	-	-	-	-	-	-	-	-	-	-	-	-	-	-	-	-	-	-	-	-	-	-	-	-	-	-	-	-	-	-	-	-	-	-	-	-	-	-	-	-	-	-	-	-	-	-	-	-
3641	C	A	C	C	A	A	A	A	A	A	A	A	A	A	A	A	A	A	A	A	A	A	A	A	A	A	A	A	A	A	A	A	A	A	A	A	A	A	A	A	A	A	A	A	A	A	A	A	A	A	A	A	A
4913	G	GGAA	G	G	G	G	G	G	G	G	G	G	G	G	G	G	G	G	G	G	G	G	G	G	G	G	G	G	G	G	G	G	G	G	G	G	GGAA	G	G	G	G	G	G	G	G	G	G	G	G	G	G	G	G
5556	G	GCGC	G	GCGC	GCGC	GCGC	GCGC	GCGC	GCGC	GCGC	GCGC	GCGC	GCGC	GCGC	GCGC	GCGC	GCGC	GCGC	GCGC	GCGC	GCGC	GCGC	GCGC	GCGC	GCGC	GCGC	GCGC	GCGC	GCGC	GCGC	GCGC	GCGC	GCGC	GCGC	GCGC	GCGC	G	G	G	G	G	G	G	G	G	G	G	G	G	G	G	G	GCGC
5711	G	GGA/GGG	G	GGG	GGG	GGG	GGG	GGG	GGG	GGG	GGG	GGG	GGG	GGG	GGG	GGG	GGG	GGG	GGG	GGG	GGG	GGG	GGG	GGG	GGG	GGG	GGG	GGG	GGG	GGG	GGG	GGG	GGG	GGG	GGG	GGG	GGA	GGA	GGA	GGA	GGA	GGA	GGA	GGA	GGA	GGA	GGA	GGA	GGA	GGA	GGA	GGA	GGG
5712	G	-	G	-	G	G	G	G	G	G	G	G	G	G	G	G	G	G	G	G	-	-	-	-	-	-	-	-	-	-	-	-	-	-	-	-	G	G	G	G	G	G	G	G	G	G	G	G	G	G	G	G	G
5713	G	-/A	G	-	A	A	A	A	A	A	A	A	A	A	A	A	A	A	A	A	-	-	-	-	-	-	-	-	-	-	-	-	-	-	-	-	A	A	A	A	A	A	A	A	A	A	A	A	A	A	A	A	A
5734	A	G	A	G	G	G	G	G	G	G	G	G	G	G	G	G	G	G	G	G	G	G	G	G	G	G	G	G	G	G	G	G	G	G	G	G	A	A	A	A	A	A	A	A	A	A	A	A	A	A	A	A	G
5806	A	C	A	C	C	C	C	C	C	C	C	C	C	C	C	C	C	C	C	C	C	C	C	C	C	C	C	C	C	C	C	C	C	C	C	C	C	C	C	C	C	C	C	C	C	C	C	C	C	C	C	C	C
5871	T	TG	T	TG	TG	TG	TG	TG	TG	TG	TG	TG	TG	TG	TG	TG	TG	TG	TG	TG	TG	TG	TG	TG	TG	TG	TG	TG	TG	TG	TG	TG	TG	TG	TG	TG	T	T	T	T	T	T	T	T	T	T	T	T	T	T	T	T	TG
6281	G	C	G	G	G	G	G	G	G	G	G	G	G	G	G	G	G	G	G	G	G	G	G	G	G	G	G	G	G	G	G	G	G	G	G	G	C	C	C	C	C	C	C	C	C	C	C	C	C	C	C	C	G
6298	T	G	T	G	T	T	T	T	T	T	T	T	T	T	T	T	T	T	T	T	T	T	T	T	T	T	T	T	T	T	T	T	T	T	T	T	T	T	T	T	T	T	T	T	T	T	T	T	T	T	T	T	T
6304	C	T	C	C	C	C	C	C	C	C	C	C	C	C	C	C	C	C	C	C	C	C	C	C	C	C	C	C	C	C	C	C	C	C	C	C	T	T	T	T	T	T	T	T	T	T	T	T	T	T	T	T	C
6905	T	TC	T	TC	TC	TC	TC	TC	TC	TC	TC	TC	TC	TC	TC	TC	TC	TC	TC	TC	TC	TC	TC	TC	TC	TC	TC	TC	TC	TC	TC	TC	TC	TC	TC	TC	TC	TC	TC	TC	TC	TC	TC	TC	TC	TC	TC	TC	TC	TC	TC	TC	TC
7156	C	CCGT	C	C	C	C	C	C	C	C	C	C	C	C	C	C	C	C	C	C	C	C	C	C	C	C	C	C	C	C	C	C	C	C	C	C	C	C	C	C	C	C	C	C	C	C	C	C	C	C	C	C	CCGT
7247	A	C	A	C	A	A	A	A	A	A	A	A	A	A	A	A	A	A	A	A	A	A	A	A	A	A	A	A	A	A	A	A	A	A	A	A	A	A	A	A	A	A	A	A	A	A	A	A	A	A	A	A	C
7364	C	-	C	-	-	-	-	-	-	-	-	-	-	-	-	-	-	-	-	-	-	-	-	-	-	-	-	-	-	-	-	-	-	-	-	-	C	C	C	C	C	C	C	C	C	C	C	C	C	C	C	C	-
7786	T	C	T	C	C	C	C	C	C	C	C	C	C	C	C	C	C	C	C	C	C	C	C	C	C	C	C	C	C	C	C	C	C	C	C	C	T	T	T	T	T	T	T	T	T	T	T	T	T	T	T	T	C
7790	C	G	C	G	G	G	G	G	G	G	G	G	G	G	G	G	G	G	G	G	G	G	G	G	G	G	G	G	G	G	G	G	G	G	G	G	C	C	C	C	C	C	C	C	C	C	C	C	C	C	C	C	G
7799	G	GC	G	GC	GC	GC	GC	GC	GC	GC	GC	GC	GC	GC	GC	GC	GC	GC	GC	GC	GC	GC	GC	GC	GC	GC	GC	GC	GC	GC	GC	GC	GC	GC	GC	GC	G	G	G	G	G	G	G	G	G	G	G	G	G	G	G	G	GC
7980	A	G	A	G	A	A	A	A	A	A	A	A	A	A	A	A	A	A	A	A	A	A	A	A	A	A	A	A	A	A	A	A	A	A	A	A	A	A	A	A	A	A	A	A	A	A	A	A	A	A	A	A	A
8684	CCGT	-	CCGT	CCGT	-	-	-	-	-	-	-	-	-	-	-	-	-	-	-	-	-	-	-	-	-	-	-	-	-	-	-	-	-	-	-	-	CCGT	CCGT	CCGT	CCGT	CCGT	CCGT	CCGT	CCGT	CCGT	CCGT	CCGT	CCGT	CCGT	CCGT	CCGT	CCGT	CCGT
8705	C	CG	C	CG	C	C	C	C	C	C	C	C	C	C	C	C	C	C	C	C	C	C	C	C	C	C	C	C	C	C	C	C	C	C	C	C	C	C	C	C	C	C	C	C	C	C	C	C	C	C	C	C	CG
8767	G	GGGCGGC	G	GGGCGGC	GGGCGGC	GGGCGGC	GGGCGGC	GGGCGGC	GGGCGGC	GGGCGGC	GGGCGGC	GGGCGGC	GGGCGGC	GGGCGGC	GGGCGGC	GGGCGGC	GGGCGGC	GGGCGGC	GGGCGGC	GGGCGGC	GGGCGGC	GGGCGGC	GGGCGGC	GGGCGGC	GGGCGGC	GGGCGGC	GGGCGGC	GGGCGGC	GGGCGGC	GGGCGGC	GGGCGGC	GGGCGGC	GGGCGGC	GGGCGGC	GGGCGGC	GGGCGGC	GGGCGGC	GGGCGGC	GGGCGGC	GGGCGGC	GGGCGGC	GGGCGGC	GGGCGGC	GGGCGGC	GGGCGGC	GGGCGGC	GGGCGGC	GGGCGGC	GGGCGGC	GGGCGGC	GGGCGGC	GGGCGGC	GGGCGGC
8774	GGCGGCGGT	-	GGCGGCGGT	GGCGGCGGT	-	-	-	-	-	-	-	-	-	-	-	-	-	-	-	-	-	-	-	-	-	-	-	-	-	-	-	-	-	-	-	-	GGCGGCGGT	GGCGGCGGT	GGCGGCGGT	GGCGGCGGT	GGCGGCGGT	GGCGGCGGT	GGCGGCGGT	GGCGGCGGT	GGCGGCGGT	GGCGGCGGT	GGCGGCGGT	GGCGGCGGT	GGCGGCGGT	GGCGGCGGT	GGCGGCGGT	GGCGGCGGT	GGCGGCGGT
8785	C	T	C	C	T	T	T	T	T	T	T	T	T	T	T	T	T	T	T	T	T	T	T	T	T	T	T	T	T	T	T	T	T	T	T	T	C	C	C	C	C	C	C	C	C	C	C	C	C	C	C	C	C
8797	C	G	C	G	C	C	C	C	C	C	C	C	C	C	C	C	C	C	C	C	C	C	C	C	C	C	C	C	C	C	C	C	C	C	C	C	C	C	C	C	C	C	C	C	C	C	C	C	C	C	C	C	G
8813	A	AC	A	AC	AC	AC	AC	AC	AC	AC	AC	AC	AC	AC	AC	AC	AC	AC	AC	AC	AC	AC	AC	AC	AC	AC	AC	AC	AC	AC	AC	AC	AC	AC	AC	AC	AC	AC	AC	AC	AC	AC	AC	AC	AC	AC	AC	AC	AC	AC	AC	AC	AC
9130	G	-	G	-	-	-	-	-	-	-	-	-	-	-	-	-	-	-	-	-	-	-	-	-	-	-	-	-	-	-	-	-	-	-	-	-	-	-	-	-	-	-	-	-	-	-	-	-	-	-	-	-	-
10065	G	GGGCGGC/GGGC	G	GGGCGGC	GGGCGGC	GGGCGGC	GGGCGGC	GGGCGGC	GGGCGGC	GGGCGGC	GGGCGGC	GGGCGGC	GGGCGGC	GGGCGGC	GGGCGGC	GGGCGGC	GGGCGGC	GGGCGGC	GGGCGGC	GGGCGGC	GGGCGGC	GGGCGGC	GGGCGGC	GGGCGGC	GGGCGGC	GGGCGGC	GGGCGGC	GGGCGGC	GGGCGGC	GGGCGGC	GGGCGGC	GGGCGGC	GGGCGGC	GGGCGGC	GGGCGGC	GGGCGGC	GGGCGGC	GGGCGGC	GGGCGGC	GGGCGGC	GGGCGGC	GGGCGGC	GGGCGGC	GGGCGGC	GGGCGGC	GGGCGGC	GGGCGGC	GGGCGGC	GGGCGGC	GGGCGGC	GGGCGGC	GGGCGGC	GGGC
10104	G	GC/GCCC	G	GC	GC	GC	GC	GC	GC	GC	GC	GC	GC	GC	GC	GC	GC	GC	GC	GC	GC	GC	GC	GC	GC	GC	GC	GC	GC	GC	GC	GC	GC	GC	GC	GC	GC	GC	GC	GC	GC	GC	GC	GC	GC	GC	GC	GC	GC	GC	GC	GC	GCCC
10377	T	C	T	C	C	C	C	C	C	C	C	C	C	C	C	C	C	C	C	C	C	C	C	C	C	C	C	C	C	C	C	C	C	C	C	C	C	C	C	C	C	C	C	C	C	C	C	C	C	C	C	C	C
10872	G	GC	G	G	G	G	G	G	G	G	G	G	G	G	G	G	G	G	G	G	G	G	G	G	G	G	G	G	G	G	G	G	G	G	G	G	G	G	G	G	G	G	G	G	G	G	G	G	G	G	G	G	GC
11066	G	GC	G	GC	GC	GC	GC	GC	GC	GC	GC	GC	GC	GC	GC	GC	GC	GC	GC	GC	GC	GC	GC	GC	GC	GC	GC	GC	GC	GC	GC	GC	GC	GC	GC	GC	GC	GC	GC	GC	GC	GC	GC	GC	GC	GC	GC	GC	GC	GC	GC	GC	GC
11242	C	CCCCA	C	CCCCA	CCCCA	CCCCA	CCCCA	CCCCA	CCCCA	CCCCA	CCCCA	CCCCA	CCCCA	CCCCA	CCCCA	CCCCA	CCCCA	CCCCA	CCCCA	CCCCA	C	C	C	C	C	C	C	C	C	C	C	C	C	C	C	C	C	C	C	C	C	C	C	C	C	C	C	C	C	C	C	C	C
11393	C	CGCGGCGGCG/CGCGGCG	C	CGCGGCGGCG	CGCGGCGGCG	CGCGGCGGCG	CGCGGCGGCG	CGCGGCGGCG	CGCGGCGGCG	CGCGGCGGCG	CGCGGCGGCG	CGCGGCGGCG	CGCGGCGGCG	CGCGGCGGCG	CGCGGCGGCG	CGCGGCGGCG	CGCGGCGGCG	CGCGGCGGCG	CGCGGCGGCG	CGCGGCGGCG	CGCGGCG	CGCGGCG	CGCGGCG	CGCGGCG	CGCGGCG	CGCGGCG	CGCGGCG	CGCGGCG	CGCGGCG	CGCGGCG	CGCGGCG	CGCGGCG	CGCGGCG	CGCGGCG	CGCGGCG	CGCGGCG	CGCGGCG	CGCGGCG	CGCGGCG	CGCGGCG	CGCGGCG	CGCGGCG	CGCGGCG	CGCGGCG	CGCGGCG	CGCGGCG	CGCGGCG	CGCGGCG	CGCGGCG	CGCGGCG	CGCGGCG	CGCGGCG	CGCGGCG
11408	G	A	G	A	A	A	A	A	A	A	A	A	A	A	A	A	A	A	A	A	A	A	A	A	A	A	A	A	A	A	A	A	A	A	A	A	A	A	A	A	A	A	A	A	A	A	A	A	A	A	A	A	A
11799	G	-	G	G	G	G	G	G	G	G	G	G	G	G	G	G	G	G	G	G	G	G	G	G	G	G	G	G	G	G	G	G	G	G	G	G	G	G	G	G	G	G	G	G	G	G	G	G	G	G	G	G	-
12253	T	TTTTGGG	T	T	T	T	T	T	T	T	T	T	T	T	T	T	T	T	T	T	T	T	T	T	T	T	T	T	T	T	T	T	T	T	T	T	T	T	T	T	T	T	T	T	T	T	T	T	T	T	T	T	TTTTGGG
12699	G	GCC/GC	G	G	G	G	G	G	G	G	G	G	G	G	G	G	G	G	G	G	GC	GC	GC	GC	GC	GC	GC	GC	GC	GC	GC	GC	GC	GC	GC	GC	GC	GC	GC	GC	GC	GC	GC	GC	GC	GC	GC	GC	GC	GC	GC	GC	GCC
12711	A	G	A	A	A	A	A	A	A	A	A	A	A	A	A	A	A	A	A	A	G	G	G	G	G	G	G	G	G	G	G	G	G	G	G	G	G	G	G	G	G	G	G	G	G	G	G	G	G	G	G	G	G
12807	T	C	T	T	T	T	T	T	T	T	T	T	T	T	T	T	T	T	T	T	C	C	C	C	C	C	C	C	C	C	C	C	C	C	C	C	C	C	C	C	C	C	C	C	C	C	C	C	C	C	C	C	C
12972	CGCG	-	CGCG	-	-	-	-	-	-	-	-	-	-	-	-	-	-	-	-	-	CGCG	CGCG	CGCG	CGCG	CGCG	CGCG	CGCG	CGCG	CGCG	CGCG	CGCG	CGCG	CGCG	CGCG	CGCG	CGCG	CGCG	CGCG	CGCG	CGCG	CGCG	CGCG	CGCG	CGCG	CGCG	CGCG	CGCG	CGCG	CGCG	CGCG	CGCG	CGCG	CGCG
13097	T	TGG	T	T	T	T	T	T	T	T	T	T	T	T	T	T	T	T	T	T	TGG	TGG	TGG	TGG	TGG	TGG	TGG	TGG	TGG	TGG	TGG	TGG	TGG	TGG	TGG	TGG	TGG	TGG	TGG	TGG	TGG	TGG	TGG	TGG	TGG	TGG	TGG	TGG	TGG	TGG	TGG	TGG	TGG
