Pos	Ref	alt	KY962518	chr22:4797629-4810993	chr22:4841005-4854369	chr22:4884381-4897745	chr22:4927757-4941121	chr22:4971133-4984497	chr22:5014509-5027873	chr22:5057885-5071249	chr22:5101261-5114625	chr22:5144637-5158001	chr22:5188013-5201377	chr22:5231389-5244753	chr22:5274765-5288129	chr22:5318141-5331505	chr22:5361517-5374881	chr22:5404893-5418257	chr22:5448269-5461633	chr22:5491645-5505009	chr22:5534999-5548371	chr22:5579085-5592433	chr22:5623698-5637016	chr22:5669000-5682337
139	T	C	T	C	C	C	C	C	C	C	C	C	C	C	C	C	C	C	C	C	C	C	C	T
777	C	CGG	C	C	C	C	C	C	C	C	C	C	C	C	C	C	C	C	C	C	C	C	C	CGG
963	G	A	G	A	A	A	A	A	A	A	A	A	A	A	A	A	A	A	A	A	A	A	A	A
1325	C	T	C	C	C	C	C	C	C	C	C	C	C	C	C	C	C	C	C	C	C	C	T	C
1510	G	GT	G	GT	GT	GT	GT	GT	GT	GT	GT	GT	GT	GT	GT	GT	GT	GT	GT	GT	GT	GT	GT	G
1638	T	TC	T	TC	TC	TC	TC	TC	TC	TC	TC	TC	TC	TC	TC	TC	TC	TC	TC	TC	TC	TC	TC	T
1683	G	GT	G	GT	GT	GT	GT	GT	GT	GT	GT	GT	GT	GT	GT	GT	GT	GT	GT	GT	GT	GT	GT	G
1756	T	C	T	C	C	C	C	C	C	C	C	C	C	C	C	C	C	C	C	C	C	C	C	T
1944	G	C	G	C	C	C	C	C	C	C	C	C	C	C	C	C	C	C	C	C	C	C	C	G
1945	T	G	T	G	G	G	G	G	G	G	G	G	G	G	G	G	G	G	G	G	G	G	G	T
2099	C	T	C	C	C	C	C	C	C	C	C	C	C	C	C	C	C	C	C	C	C	T	C	C
2144	G	C	G	C	C	C	C	C	C	C	C	C	C	C	C	C	C	C	C	C	C	C	C	C
2338	A	G	A	G	G	G	G	G	G	G	G	G	G	G	G	G	G	G	G	G	G	G	G	A
2492	T	TGCG	T	T	T	T	T	T	T	T	T	T	T	T	T	T	T	T	T	T	T	T	T	TGCG
2620	A	C	A	C	C	C	C	C	C	C	C	C	C	C	C	C	C	C	C	C	C	C	C	A
3050	C	CG	C	CG	CG	CG	CG	CG	CG	CG	CG	CG	CG	CG	CG	CG	CG	CG	CG	CG	CG	C	C	C
3385	A	G	A	G	G	G	G	G	G	G	G	G	G	G	G	G	G	G	G	G	G	G	G	G
3543	CCGT	-	CCGT	CCGT	CCGT	CCGT	CCGT	CCGT	CCGT	CCGT	CCGT	CCGT	CCGT	CCGT	CCGT	CCGT	CCGT	CCGT	CCGT	CCGT	CCGT	CCGT	CCGT	-
5556	G	GCGC	G	GCGC	GCGC	GCGC	GCGC	GCGC	GCGC	GCGC	GCGC	GCGC	GCGC	GCGC	GCGC	GCGC	GCGC	GCGC	GCGC	GCGC	GCGC	GCGC	GCGC	G
5608	GCGCGT	-	GCGCGT	GCGCGT	GCGCGT	GCGCGT	GCGCGT	GCGCGT	GCGCGT	GCGCGT	GCGCGT	GCGCGT	GCGCGT	GCGCGT	GCGCGT	GCGCGT	GCGCGT	GCGCGT	GCGCGT	GCGCGT	GCGCGT	-	GCGCGT	GCGCGT
5650	C	CTCGT	C	C	C	C	C	C	C	C	C	C	C	C	C	C	C	C	C	C	C	C	C	CTCGT
5713	G	-	G	G	G	G	G	G	G	G	G	G	G	G	G	G	G	G	G	G	G	G	G	-
5714	GAGAGAGA	-	GAGAGAGA	GAGAGAGA	GAGAGAGA	GAGAGAGA	GAGAGAGA	GAGAGAGA	GAGAGAGA	GAGAGAGA	GAGAGAGA	GAGAGAGA	GAGAGAGA	GAGAGAGA	GAGAGAGA	GAGAGAGA	GAGAGAGA	GAGAGAGA	GAGAGAGA	GAGAGAGA	GAGAGAGA	GAGAGAGA	-	-
5722	GA	-	GA	GA	GA	GA	GA	GA	GA	GA	GA	GA	GA	GA	GA	GA	GA	GA	GA	GA	GA	GA	GA	-
5725	A	T	A	A	A	A	A	A	A	A	A	A	A	A	A	A	A	A	A	A	A	A	A	T
5727	A	G	A	A	A	A	A	A	A	A	A	A	A	A	A	A	A	A	A	A	A	A	A	G
5734	A	G	A	G	G	G	G	G	G	G	G	G	G	G	G	G	G	G	G	G	G	G	G	G
5806	A	C	A	C	C	C	C	C	C	C	C	C	C	C	C	C	C	C	C	C	C	C	C	C
5819	G	A	G	G	G	G	G	G	G	G	G	G	G	G	G	G	G	G	G	G	G	G	G	A
5871	T	TGG/TG	T	TG	TG	TG	TG	TG	TG	TG	TG	TG	TG	TG	TG	TG	TG	TG	TG	TG	TG	TG	TG	TGG
6271	C	A	C	C	C	C	C	C	C	C	C	C	C	C	C	C	C	C	C	C	C	C	C	A
6298	T	G	T	G	G	G	G	G	G	G	G	G	G	G	G	G	G	G	G	G	G	G	G	T
6516	G	C	G	G	G	G	G	G	G	G	G	G	G	G	G	G	G	G	G	G	G	G	G	C
6521	C	TTG	C	C	C	C	C	C	C	C	C	C	C	C	C	C	C	C	C	C	C	C	C	TTG
6892	C	T	C	C	C	C	C	C	C	C	C	C	C	C	C	C	C	C	C	C	C	C	C	T
6905	T	TC	T	TC	TC	TC	TC	TC	TC	TC	TC	TC	TC	TC	TC	TC	TC	TC	TC	TC	TC	TC	TC	TC
7247	A	C	A	C	C	C	C	C	C	C	C	C	C	C	C	C	C	C	C	C	C	C	C	A
7364	C	-	C	-	-	-	-	-	-	-	-	-	-	-	-	-	-	-	-	-	-	-	-	-
7391	G	C	G	G	G	G	G	G	G	G	G	G	G	G	G	G	G	G	G	G	G	G	G	C
7786	T	C	T	C	C	C	C	C	C	C	C	C	C	C	C	C	C	C	C	C	C	C	C	T
7790	C	G	C	G	G	G	G	G	G	G	G	G	G	G	G	G	G	G	G	G	G	G	G	G
7799	G	GC	G	GC	GC	GC	GC	GC	GC	GC	GC	GC	GC	GC	GC	GC	GC	GC	GC	GC	GC	GC	GC	GC
7980	A	G	A	G	G	G	G	G	G	G	G	G	G	G	G	G	G	G	G	G	G	G	G	G
8684	CCGT	-	CCGT	CCGT	CCGT	CCGT	CCGT	CCGT	CCGT	CCGT	CCGT	CCGT	CCGT	CCGT	CCGT	CCGT	CCGT	CCGT	CCGT	CCGT	CCGT	CCGT	CCGT	-
8768	GGC	-	GGC	GGC	GGC	GGC	GGC	GGC	GGC	GGC	GGC	GGC	GGC	GGC	GGC	GGC	GGC	GGC	GGC	GGC	GGC	-	GGC	GGC
8782	T	C	T	C	C	C	C	C	C	C	C	C	C	C	C	C	C	C	C	C	C	C	C	T
8788	C	CGGT	C	CGGT	CGGT	CGGT	CGGT	CGGT	CGGT	CGGT	CGGT	CGGT	CGGT	CGGT	CGGT	CGGT	CGGT	CGGT	CGGT	CGGT	CGGT	CGGT	CGGT	C
8813	A	AC	A	AC	AC	AC	AC	AC	AC	AC	AC	AC	AC	AC	AC	AC	AC	AC	AC	AC	AC	AC	AC	AC
9064	C	T	C	C	C	C	C	C	C	C	C	C	C	C	C	C	C	C	C	C	C	C	T	C
9130	G	-	G	-	-	-	-	-	-	-	-	-	-	-	-	-	-	-	-	-	-	-	-	-
10066	GGCGGC	-	GGCGGC	GGCGGC	GGCGGC	GGCGGC	GGCGGC	GGCGGC	GGCGGC	GGCGGC	GGCGGC	GGCGGC	GGCGGC	GGCGGC	GGCGGC	GGCGGC	GGCGGC	GGCGGC	GGCGGC	GGCGGC	GGCGGC	-	GGCGGC	GGCGGC
10080	CG	-	CG	CG	CG	CG	CG	CG	CG	CG	CG	CG	CG	CG	CG	CG	CG	CG	CG	CG	CG	CG	-	CG
10082	G	/GCGGC	G	GCGGC	GCGGC	GCGGC	GCGGC	GCGGC	GCGGC	GCGGC	GCGGC	GCGGC	GCGGC	GCGGC	GCGGC	GCGGC	GCGGC	GCGGC	GCGGC	GCGGC	GCGGC	GCGGC		G
10086	T	G	T	G	G	G	G	G	G	G	G	G	G	G	G	G	G	G	G	G	G	G	T	T
10098	T	-	T	T	T	T	T	T	T	T	T	T	T	T	T	T	T	T	T	T	T	T	-	T
10099	C	T/-	C	T	T	T	T	T	T	T	T	T	T	T	T	T	T	T	T	T	T	T	T	-
10102	C	CCCG	C	CCCG	CCCG	CCCG	CCCG	CCCG	CCCG	CCCG	CCCG	CCCG	CCCG	CCCG	CCCG	CCCG	CCCG	CCCG	CCCG	CCCG	CCCG	CCCG	CCCG	CCCG
10104	G	C	G	C	C	C	C	C	C	C	C	C	C	C	C	C	C	C	C	C	C	C	C	C
10377	T	C	T	C	C	C	C	C	C	C	C	C	C	C	C	C	C	C	C	C	C	C	C	C
10948	A	G	A	A	A	A	A	A	A	A	A	A	A	A	A	A	A	A	A	A	A	A	A	G
10957	C	CCT	C	CCT	CCT	CCT	CCT	CCT	CCT	CCT	CCT	CCT	CCT	CCT	CCT	CCT	CCT	CCT	CCT	CCT	CCT	CCT	C	C
11065	G	-	G	G	G	G	G	G	G	G	G	G	G	G	G	G	G	G	G	G	G	G	-	G
11066	G	/GC	G	GC	GC	GC	GC	GC	GC	GC	GC	GC	GC	GC	GC	GC	GC	GC	GC	GC	GC	GC		GC
11067	CCGCCGCGGGGCCCCGGCGGCGGG	-	CCGCCGCGGGGCCCCGGCGGCGGG	CCGCCGCGGGGCCCCGGCGGCGGG	CCGCCGCGGGGCCCCGGCGGCGGG	CCGCCGCGGGGCCCCGGCGGCGGG	CCGCCGCGGGGCCCCGGCGGCGGG	CCGCCGCGGGGCCCCGGCGGCGGG	CCGCCGCGGGGCCCCGGCGGCGGG	CCGCCGCGGGGCCCCGGCGGCGGG	CCGCCGCGGGGCCCCGGCGGCGGG	CCGCCGCGGGGCCCCGGCGGCGGG	CCGCCGCGGGGCCCCGGCGGCGGG	CCGCCGCGGGGCCCCGGCGGCGGG	CCGCCGCGGGGCCCCGGCGGCGGG	CCGCCGCGGGGCCCCGGCGGCGGG	CCGCCGCGGGGCCCCGGCGGCGGG	CCGCCGCGGGGCCCCGGCGGCGGG	CCGCCGCGGGGCCCCGGCGGCGGG	CCGCCGCGGGGCCCCGGCGGCGGG	CCGCCGCGGGGCCCCGGCGGCGGG	CCGCCGCGGGGCCCCGGCGGCGGG	-	CCGCCGCGGGGCCCCGGCGGCGGG
11238	C	-	C	-	-	-	-	-	-	-	-	-	-	-	-	-	-	-	-	-	-	-	C	C
11242	C	CCCCCA	C	CCCCCA	CCCCCA	CCCCCA	CCCCCA	CCCCCA	CCCCCA	CCCCCA	CCCCCA	CCCCCA	CCCCCA	CCCCCA	CCCCCA	CCCCCA	CCCCCA	CCCCCA	CCCCCA	CCCCCA	CCCCCA	CCCCCA	CCCCCA	CCCCCA
11253	A	G	A	G	G	G	G	G	G	G	G	G	G	G	G	G	G	G	G	G	G	G	A	A
11408	G	GGCA/GGCGGCA	G	GGCGGCA	GGCGGCA	GGCGGCA	GGCGGCA	GGCGGCA	GGCGGCA	GGCGGCA	GGCGGCA	GGCGGCA	GGCGGCA	GGCGGCA	GGCGGCA	GGCGGCA	GGCGGCA	GGCGGCA	GGCGGCA	GGCGGCA	GGCGGCA	GGCGGCA	GGCGGCA	GGCA
11887	C	T	C	T	T	T	T	T	T	T	T	T	T	T	T	T	T	T	T	T	C	C	C	C
12699	G	GC	G	G	G	G	G	G	G	G	G	G	G	G	G	G	G	G	G	G	G	G	GC	GC
12721	C	T	C	C	C	C	C	C	C	C	C	C	C	C	C	C	C	C	C	C	T	C	C	C
12807	T	C	T	C	C	C	C	C	C	C	C	C	C	C	C	C	C	C	C	C	C	C	C	C
12972	CG	-	CG	CG	CG	CG	CG	CG	CG	CG	CG	CG	CG	CG	CG	CG	CG	CG	CG	CG	-	CG	-	-
13097	T	TGGGGGTGGGG	T	T	T	T	T	T	T	T	T	T	T	T	T	T	T	T	T	T	TGGGGGTGGGG	T	T	T
