Pos	Ref	alt	Type	KY962518	chr13_operon_1	chr13_operon_6	chr13_operon_74	chr13_operon_75	chr13_operon_76	chr14_operon_1	chr14_operon_2	chr14_operon_16	chr15_operon_1	chr15_operon_2	chr15_operon_18	chr15_operon_34	chr15_operon_35	chr15_operon_50	chr21_operon_1	chr21_operon_2	chr21_operon_18	chr21_operon_55	chr21_operon_56	chr22_operon_1	chr22_operon_18	chr22_operon_19	chr22_operon_20	chr22_operon_21
Pos	Ref	alt	Type	KY962518	chr13.5774302.5787683	chr13.6009152.6022533	chr13.9201670.9215006	chr13.9246540.9259894	chr13.9295789.9309130	chr14.2103527.2116889	chr14.2147806.2161161	chr14.2767484.2780864	chr15.2510165.2523524	chr15.2552720.2566051	chr15.3233149.3246478	chr15.3936333.3949676	chr15.3981265.3994605	chr15.4655200.4668554	chr21.3112035.3125409	chr21.3156890.3170233	chr21.3873496.3886844	chr21.5515742.5529093	chr21.5559767.5573111	chr22.4797629.4810993	chr22.5534999.5548371	chr22.5579085.5592433	chr22.5623698.5637016	chr22.5669000.5682337
7	A	G	SNP	A	A	A	A	A	A	G	G	A	A	A	A	A	A	A	A	A	A	A	A	A	A	A	A	A
139	T	C	SNP	T	C	C	C	C	T	T	T	C	C	C	C	C	T	C	T	T	T	T	T	C	C	C	C	T
640	G	T	SNP	G	G	G	T	G	T	G	G	G	G	G	G	G	G	G	G	G	G	G	G	G	G	G	G	G
777	C	CGG	INDEL	C--	C--	C--	CGG	C--	C--	C--	C--	C--	C--	CGG	CGG	CGG	CGG	CGG	CGG	CGG	CGG	CGG	CGG	C--	C--	C--	C--	CGG
965	G	A	SNP	G	A	A	A	A	A	A	A	A	A	A	A	A	A	A	A	A	A	A	A	A	A	A	A	A
1293	C	G	SNP	C	C	C	C	C	C	C	C	C	C	C	C	C	C	C	G	C	C	C	C	C	C	C	C	C
1327	C	T	SNP	C	C	C	C	C	C	C	C	C	C	C	C	C	C	C	C	C	C	C	C	C	C	C	T	C
1512	G	GT	INDEL	G-	GT	GT	GT	GT	G-	G-	G-	G-	GT	G-	G-	G-	G-	G-	GT	G-	G-	G-	G-	GT	GT	GT	GT	G-
1641	T	TC	INDEL	T-	TC	TC	TC	TC	T-	T-	T-	T-	TC	T-	T-	T-	T-	T-	TC	T-	T-	T-	T-	TC	TC	TC	TC	T-
1687	G	GT	INDEL	G-	GT	GT	GT	GT	G-	G-	G-	G-	GT	G-	G-	G-	G-	G-	GT	G-	G-	G-	G-	GT	GT	GT	GT	G-
1761	T	C	SNP	T	C	C	C	C	T	T	T	T	C	T	T	T	T	T	C	T	T	T	T	C	C	C	C	T
1949	G	C	SNP	G	C	C	C	C	G	G	G	G	C	G	G	G	G	G	G	G	G	G	G	C	C	C	C	G
1950	T	G	SNP	T	G	G	G	G	T	T	T	T	G	T	T	T	T	T	T	T	T	T	T	G	G	G	G	T
2104	C	T	SNP	C	C	C	C	C	C	C	C	C	C	C	C	C	C	C	C	C	C	C	C	C	C	T	C	C
2149	G	C	SNP	G	C	C	C	C	C	C	C	G	C	C	C	C	C	C	C	C	C	C	C	C	C	C	C	C
2204	T	TCGCC	INDEL	T----	T----	T----	T----	T----	T----	T----	T----	T----	T----	T----	T----	T----	T----	T----	TCGCC	T----	T----	T----	T----	T----	T----	T----	T----	T----
2293	T	C	SNP	T	T	T	T	T	T	T	T	T	T	T	T	T	T	T	T	C	T	T	C	T	T	T	T	T
2347	A	G	SNP	A	G	G	G	A	A	A	A	A	G	A	A	A	A	A	A	A	A	A	A	G	G	G	G	A
2372	C	G	SNP	C	G	C	C	C	C	C	C	C	C	C	C	C	C	C	C	C	C	C	C	C	C	C	C	C
2398	CGGTGGCGCCCCGCGTGGGGCC	-	INDEL	CGGTGGCGCCCCGCGTGGGGCC	CGGTGGCGCCCCGCGTGGGGCC	CGGTGGCGCCCCGCGTGGGGCC	----------------------	CGGTGGCGCCCCGCGTGGGGCC	CGGTGGCGCCCCGCGTGGGGCC	CGGTGGCGCCCCGCGTGGGGCC	CGGTGGCGCCCCGCGTGGGGCC	CGGTGGCGCCCCGCGTGGGGCC	CGGTGGCGCCCCGCGTGGGGCC	CGGTGGCGCCCCGCGTGGGGCC	CGGTGGCGCCCCGCGTGGGGCC	CGGTGGCGCCCCGCGTGGGGCC	CGGTGGCGCCCCGCGTGGGGCC	CGGTGGCGCCCCGCGTGGGGCC	CGGTGGCGCCCCGCGTGGGGCC	CGGTGGCGCCCCGCGTGGGGCC	CGGTGGCGCCCCGCGTGGGGCC	CGGTGGCGCCCCGCGTGGGGCC	CGGTGGCGCCCCGCGTGGGGCC	CGGTGGCGCCCCGCGTGGGGCC	CGGTGGCGCCCCGCGTGGGGCC	CGGTGGCGCCCCGCGTGGGGCC	CGGTGGCGCCCCGCGTGGGGCC	CGGTGGCGCCCCGCGTGGGGCC
2432	C	A	SNP	C	C	C	C	A	A	C	C	C	C	C	C	C	C	C	C	C	C	C	C	C	C	C	C	C
2501	T	TGCG/C	INDEL	T---	T---	T---	TGCG	T---	T---	C---	C---	T---	T---	TGCG	TGCG	TGCG	TGCG	TGCG	C---	T---	T---	T---	T---	T---	T---	T---	T---	TGCG
2605	T	C	SNP	T	T	T	T	T	T	C	C	T	T	T	T	T	T	T	C	T	T	T	T	T	T	T	T	T
2632	A	C	SNP	A	C	C	C	A	A	A	A	A	C	A	A	A	A	A	A	A	A	A	A	C	C	C	C	A
2844	C	T	SNP	C	C	C	C	C	C	C	C	T	C	C	C	C	C	C	C	C	C	C	C	C	C	C	C	C
3035	G	T	SNP	G	G	G	G	G	G	G	G	G	G	G	G	G	G	G	G	T	G	G	T	G	G	G	G	G
3062	C	CG	INDEL	C-	CG	CG	CG	C-	C-	C-	C-	C-	CG	C-	C-	C-	C-	C-	C-	C-	C-	C-	C-	CG	CG	C-	C-	C-
3219	C	A	SNP	C	A	A	A	C	C	C	C	C	A	C	C	C	C	C	C	C	C	C	C	C	C	C	C	C
3313	CG	-	INDEL	CG	--	--	CG	CG	CG	CG	CG	CG	--	CG	CG	CG	CG	CG	CG	CG	CG	CG	CG	CG	CG	CG	CG	CG
3398	A	G	SNP	A	A	A	A	A	A	G	G	A	A	A	A	A	A	A	A	G	G	G	G	G	G	G	G	G
3536	CCCGT	-	INDEL	CCCGT	CCCGT	CCCGT	CCCGT	CCCGT	CCCGT	CCCGT	CCCGT	CCCGT	CCCGT	-----	-----	CCCGT	CCCGT	CCCGT	CCCGT	CCCGT	CCCGT	CCCGT	CCCGT	CCCGT	CCCGT	CCCGT	CCCGT	CCCGT
3541	CCGC	-	INDEL	CCGC	CCGC	CCGC	CCGC	CCGC	CCGC	CCGC	CCGC	CCGC	CCGC	----	----	----	----	----	CCGC	----	----	----	----	CCGC	CCGC	CCGC	CCGC	CCGC
3545	CCGTCC	-	INDEL	CCGTCC	CCGTCC	CCGTCC	CCGTCC	CCGTCC	CCGTCC	------	------	CCGTCC	CCGTCC	------	------	------	------	------	CCGTCC	------	------	------	------	CCGTCC	CCGTCC	CCGTCC	CCGTCC	CCGTCC
3551	GCGG	-	INDEL	GCGG	GCGG	GCGG	GCGG	----	GCGG	----	----	GCGG	GCGG	----	----	----	----	----	GCGG	----	----	----	----	GCGG	GCGG	GCGG	GCGG	GCGG
3555	C	-/G	SNP	C	C	C	C	G	C	-	-	C	C	C	C	-	-	-	C	-	-	-	-	C	C	C	C	C
3556	C	-	INDEL	C	-	-	-	C	-	-	-	C	-	-	-	-	-	-	C	-	-	-	-	C	C	C	C	-
3557	C	G/-	SNP	C	-	-	-	G	-	-	-	C	-	-	-	-	-	-	C	-	-	-	-	C	C	C	C	-
3558	G	-	INDEL	G	-	-	-	G	-	-	-	G	-	-	-	-	-	-	G	-	-	-	-	G	G	G	G	-
3559	T	-/C	SNP	T	-	-	-	C	-	-	-	T	-	-	-	-	-	-	T	-	-	-	-	T	T	T	T	-
3560	CCG	-	INDEL	CCG	CCG	CCG	CCG	CCG	CCG	---	---	CCG	CCG	CCG	CCG	---	---	---	CCG	CCG	CCG	CCG	CCG	CCG	CCG	CCG	CCG	CCG
3563	T	-/C	SNP	T	T	T	T	T	T	-	-	T	T	T	T	-	-	-	T	C	C	C	C	T	T	T	T	T
3654	C	A	SNP	C	C	C	C	C	C	C	C	C	C	A	A	A	A	A	C	C	C	C	C	C	C	C	C	C
3666	T	-	INDEL	T	T	T	T	T	T	T	T	-	T	T	T	T	T	T	T	T	T	T	T	T	T	T	T	T
4926	G	GGAA	INDEL	G---	G---	G---	G---	G---	G---	G---	G---	G---	G---	G---	G---	GGAA	G---	G---	G---	G---	G---	G---	G---	G---	G---	G---	G---	G---
5572	G	GCGC	INDEL	G---	GCGC	GCGC	GCGC	GCGC	GCGC	GCGC	G---	G---	GCGC	GCGC	GCGC	G---	G---	GCGC	G---	GCGC	GCGC	GCGC	GCGC	GCGC	GCGC	GCGC	GCGC	G---
5627	GCGCGT	-	INDEL	GCGCGT	GCGCGT	GCGCGT	GCGCGT	GCGCGT	GCGCGT	GCGCGT	GCGCGT	GCGCGT	GCGCGT	GCGCGT	GCGCGT	GCGCGT	GCGCGT	GCGCGT	GCGCGT	GCGCGT	GCGCGT	GCGCGT	GCGCGT	GCGCGT	GCGCGT	------	GCGCGT	GCGCGT
5661	T	C	SNP	T	C	C	C	T	T	T	T	T	T	T	T	T	T	T	T	T	T	T	T	T	T	T	T	T
5669	C	CTCGT	INDEL	C----	C----	C----	C----	C----	C----	C----	C----	C----	C----	C----	C----	C----	C----	C----	C----	C----	C----	C----	C----	C----	C----	C----	C----	CTCGT
5717	A	G	SNP	A	A	A	A	G	A	A	A	A	A	A	A	A	A	A	A	A	A	A	A	A	A	A	A	A
5735	G	-	INDEL	G	G	G	G	G	-	G	G	G	G	G	G	G	G	G	G	G	G	G	G	G	G	G	G	G
5736	G	/GGA/GGAGA/AGAGA/GGGGA/GGAGAGAGA/GGAGAGA	INDEL	G--------	GGAGAGAGA	GGAGAGAGA	GGAGAGAGA	GGAGA----	---------	GGAGA----	G--------	GGGGA----	G--------	GGA------	G--------	AGAGA----	AGAGA----	GGAGA----	GGAGAGA--	GGGGA----	GGAGA----	GGAGA----	GGGGA----	G--------	G--------	GGA------	G--------	---------
5745	G	-	INDEL	G	G	G	G	-	-	G	G	G	G	G	G	-	-	-	G	-	-	-	-	G	G	-	-	-
5746	A	-/G	SNP	A	A	A	A	-	-	A	G	A	A	A	A	-	-	-	A	-	-	-	-	A	A	-	-	-
5747	GA	-	INDEL	GA	GA	GA	GA	GA	--	GA	GA	GA	GA	GA	GA	GA	GA	GA	GA	GA	GA	GA	GA	GA	GA	GA	--	--
5749	GA	-	INDEL	GA	GA	GA	GA	GA	GA	GA	GA	GA	GA	GA	GA	GA	GA	GA	GA	GA	GA	GA	GA	GA	GA	GA	--	--
5751	G	-/C	SNP	G	G	G	G	C	G	G	G	G	G	G	G	G	G	G	G	G	G	G	G	G	G	G	-	-
5752	A	-	INDEL	A	A	A	A	A	A	A	A	A	A	A	A	A	A	A	A	A	A	A	A	A	A	A	-	-
5753	GA	-	INDEL	GA	GA	GA	GA	GA	GA	GA	GA	GA	GA	GA	GA	GA	GA	GA	GA	GA	GA	GA	GA	GA	GA	GA	GA	--
5756	A	T	SNP	A	A	A	A	A	A	A	A	A	A	A	A	A	A	A	A	A	A	A	A	A	A	A	A	T
5758	A	G	SNP	A	A	A	A	A	A	A	A	A	A	A	A	A	A	A	A	A	A	A	A	A	A	A	A	G
5760	AGA	-	INDEL	AGA	AGA	AGA	AGA	AGA	AGA	AGA	AGA	AGA	AGA	AGA	AGA	AGA	AGA	AGA	AGA	AGA	AGA	AGA	---	AGA	AGA	AGA	AGA	AGA
5763	G	A/-	SNP	G	G	G	G	G	G	G	G	G	G	G	G	G	G	G	A	G	G	G	-	G	G	G	G	G
5764	A	-	INDEL	A	A	A	A	A	A	A	A	A	A	A	A	A	A	A	A	-	A	A	-	A	A	A	A	A
5765	A	G/-	SNP	A	G	G	G	G	A	G	A	A	G	G	G	A	A	G	A	-	A	A	-	G	G	G	G	G
5837	A	C	SNP	A	C	C	C	C	C	C	C	C	C	C	C	C	C	C	C	C	C	C	C	C	C	C	C	C
5850	G	A	SNP	G	G	G	G	A	G	A	G	G	G	G	G	G	G	G	G	G	A	A	G	G	G	G	G	A
5902	T	TGG/TG	INDEL	T--	TG-	TG-	TG-	TG-	T--	TG-	T--	T--	TG-	TG-	TG-	T--	T--	TG-	T--	TGG	TG-	TG-	TGG	TG-	TG-	TG-	TG-	TGG
6000	C	T	SNP	C	C	C	C	C	T	C	C	C	C	C	C	C	C	C	C	C	C	C	C	C	C	C	C	C
6115	G	GC	INDEL	G-	G-	G-	G-	GC	G-	G-	GC	GC	G-	G-	G-	G-	G-	G-	G-	G-	G-	G-	G-	G-	G-	G-	G-	G-
6228	T	TC	INDEL	T-	T-	T-	T-	T-	T-	T-	T-	T-	T-	T-	T-	T-	T-	T-	TC	T-	T-	T-	T-	T-	T-	T-	T-	T-
6247	G	A	SNP	G	G	G	G	G	G	G	G	A	G	G	G	G	G	G	G	G	G	G	G	G	G	G	G	G
6306	C	A	SNP	C	C	C	C	C	C	C	C	C	C	C	C	C	C	C	C	A	C	C	A	C	C	C	C	A
6307	C	CT	INDEL	C-	C-	C-	C-	CT	C-	C-	C-	C-	C-	C-	C-	C-	C-	C-	C-	C-	C-	C-	C-	C-	C-	C-	C-	C-
6317	G	C	SNP	G	G	G	G	G	G	G	G	G	G	G	G	C	C	G	G	G	G	G	G	G	G	G	G	G
6334	T	G	SNP	T	T	T	T	T	T	T	T	T	G	T	T	T	T	T	T	T	T	T	T	G	G	G	G	T
6340	C	T	SNP	C	C	C	C	C	C	C	C	C	C	C	C	T	T	C	C	C	C	C	C	C	C	C	C	C
6551	G	-	INDEL	G	G	G	-	G	G	-	-	G	G	G	G	-	-	-	G	G	G	G	G	G	G	-	G	G
6552	G	-/C	SNP	G	C	C	-	C	G	-	-	G	G	G	G	-	-	-	G	C	C	C	C	G	G	-	G	C
6557	C	TTG/GGC/T/GGG/G	INDEL	C--	T--	T--	GGC	G--	C--	GGC	GGC	C--	C--	C--	C--	GGC	GGC	GGC	C--	GGG	TTG	TTG	TTG	C--	C--	GGC	C--	TTG
6560	G	T	SNP	G	T	T	G	G	G	G	G	G	G	G	G	G	G	G	G	G	G	G	G	G	G	G	G	G
6915	T	C	SNP	T	T	T	T	T	T	T	T	T	T	T	T	T	T	T	T	C	T	T	T	T	T	T	T	T
6919	G	A	SNP	G	G	G	G	G	A	G	G	G	G	G	G	G	G	G	G	G	G	G	G	G	G	G	G	G
6930	C	T	SNP	C	C	C	C	C	C	C	C	C	C	C	C	C	C	C	C	C	C	C	C	C	C	C	C	T
6942	C	T	SNP	C	C	C	C	C	T	C	C	C	C	C	C	C	C	C	C	C	C	C	C	C	C	C	C	C
6943	T	TC	INDEL	T-	TC	TC	TC	TC	TC	TC	TC	TC	TC	TC	TC	TC	TC	TC	TC	TC	TC	TC	TC	TC	TC	TC	TC	TC
7195	C	CCGT	INDEL	C---	C---	C---	C---	CCGT	C---	C---	C---	C---	C---	C---	C---	C---	C---	CCGT	C---	CCGT	C---	C---	C---	C---	C---	C---	C---	C---
7289	A	C	SNP	A	C	C	A	A	C	A	A	A	C	A	A	A	A	C	A	C	A	A	A	C	C	C	C	A
7406	C	-	INDEL	C	-	-	-	-	-	-	-	-	-	-	-	C	C	-	-	-	-	-	-	-	-	-	-	-
7428	G	GC	INDEL	G-	G-	G-	G-	G-	G-	G-	G-	G-	G-	G-	G-	G-	G-	G-	G-	GC	G-	G-	G-	G-	G-	G-	G-	G-
7434	G	C	SNP	G	G	G	G	G	G	G	G	G	G	G	G	G	G	G	G	C	G	G	C	G	G	G	G	C
7549	T	C	SNP	T	T	T	T	T	T	T	T	T	T	T	T	T	T	T	T	C	T	T	T	T	T	T	T	T
7699	C	T	SNP	C	C	C	C	C	T	C	C	C	C	C	C	C	C	C	C	C	C	C	C	C	C	C	C	C
7790	T	G	SNP	T	T	T	T	T	G	T	T	T	T	T	T	T	T	T	T	T	T	T	T	T	T	T	T	T
7810	C	T	SNP	C	C	C	C	C	T	C	C	C	C	C	C	C	C	C	C	C	C	C	C	C	C	C	C	C
7829	T	C	SNP	T	C	C	C	T	T	C	C	C	C	C	C	T	T	C	T	T	T	T	T	C	C	C	C	T
7833	C	G	SNP	C	G	G	G	G	G	G	G	G	G	G	G	C	C	G	G	G	G	G	G	G	G	G	G	G
7842	G	GC	INDEL	G-	GC	GC	GC	GC	GC	GC	GC	GC	GC	GC	GC	G-	G-	GC	G-	G-	GC	GC	GC	GC	GC	GC	GC	GC
8024	A	G	SNP	A	A	A	A	G	A	G	G	G	G	A	A	A	A	A	A	G	G	G	G	G	G	G	G	G
8622	C	G	SNP	C	C	C	G	C	C	C	C	C	C	C	C	C	C	C	C	C	C	C	C	C	C	C	C	C
8728	CCGT	-	INDEL	CCGT	CCGT	CCGT	CCGT	CCGT	CCGT	CCGT	CCGT	CCGT	CCGT	----	----	CCGT	CCGT	CCGT	CCGT	----	----	CCGT	CCGT	CCGT	CCGT	CCGT	CCGT	----
8746	G	/GT	INDEL	G-	GT	GT	G-	--	GT	GT	GT	GT	GT	G-	G-	GT	GT	GT	--	GT	GT	GT	GT	G-	G-	GT	G-	G-
8748	T	C/-	SNP	T	C	C	-	-	C	C	C	C	C	T	T	C	C	C	-	C	C	C	C	T	T	C	T	T
8749	C	-	INDEL	C	C	C	-	-	C	C	C	C	C	C	C	C	C	C	-	C	C	C	C	C	C	C	C	C
8750	C	G/-	SNP	C	-	-	-	-	-	-	-	-	G	C	C	-	-	G	-	G	G	G	-	C	C	-	C	C
8813	GGC	-	INDEL	GGC	GGC	GGC	GGC	---	GGC	GGC	GGC	GGC	GGC	GGC	GGC	GGC	GGC	GGC	GGC	---	---	---	---	GGC	GGC	GGC	GGC	GGC
8816	GGC	-	INDEL	GGC	GGC	GGC	GGC	GGC	GGC	GGC	GGC	GGC	GGC	GGC	GGC	GGC	GGC	GGC	GGC	GGC	GGC	GGC	---	GGC	GGC	GGC	GGC	GGC
8827	T	CGGT/C	INDEL	T---	C---	C---	C---	C---	CGGT	C---	C---	C---	C---	T---	T---	C---	C---	C---	C---	C---	C---	C---	C---	C---	C---	C---	C---	T---
8831	GGC	-	INDEL	GGC	GGC	GGC	GGC	GGC	GGC	GGC	GGC	GGC	GGC	---	---	GGC	GGC	GGC	GGC	GGC	GGC	GGC	GGC	GGC	GGC	GGC	GGC	GGC
8836	C	CGGT/T/TGGC/CGGC	INDEL	C---	TGGC	TGGC	TGGC	TGGC	CGGC	TGGC	TGGC	TGGC	TGGC	C---	C---	TGGC	TGGC	TGGC	CGGC	T---	TGGC	TGGC	TGGC	CGGT	CGGT	TGGC	CGGT	C---
8842	C	T	SNP	C	C	C	C	C	C	C	C	C	C	C	C	C	C	C	T	C	C	C	C	C	C	C	C	C
8846	GG	-	INDEL	GG	GG	GG	GG	GG	GG	GG	GG	GG	GG	GG	GG	GG	GG	GG	GG	GG	GG	GG	GG	GG	GG	--	GG	GG
8848	C	/CGGG/CGGC	INDEL	C---	CGGC	CGGC	CGGG	CGGC	CGGC	CGGC	CGGC	CGGC	CGGG	C---	C---	CGGC	CGGC	CGGG	CGGC	CGGC	CGGC	CGGC	CGGC	C---	C---	----	C---	C---
8867	A	AC	INDEL	A-	AC	AC	AC	AC	AC	AC	AC	AC	AC	AC	AC	AC	AC	AC	AC	AC	AC	AC	AC	AC	AC	AC	AC	AC
8886	G	GC	INDEL	G-	G-	G-	G-	G-	G-	GC	GC	GC	G-	G-	G-	G-	G-	G-	G-	G-	G-	G-	G-	G-	G-	G-	G-	G-
9108	G	T	SNP	G	G	G	G	T	G	G	G	G	G	G	G	G	G	G	G	G	G	G	G	G	G	G	G	G
9120	C	T	SNP	C	C	C	C	C	C	C	C	C	C	C	C	C	C	C	C	C	C	C	C	C	C	C	T	C
9186	G	-	INDEL	G	-	-	-	-	-	-	-	-	-	-	-	-	-	-	-	-	-	-	-	-	-	-	-	-
10121	G	GGGC/GGGCGGC	INDEL	G------	GGGCGGC	GGGCGGC	GGGCGGC	GGGCGGC	GGGC---	GGGCGGC	GGGCGGC	GGGCGGC	GGGC---	GGGCGGC	GGGCGGC	GGGCGGC	GGGCGGC	GGGCGGC	GGGCGGC	GGGC---	GGGC---	GGGC---	GGGCGGC	GGGCGGC	GGGCGGC	GGGCGGC	G------	G------
10128	GGC	-	INDEL	GGC	GGC	GGC	GGC	GGC	GGC	GGC	GGC	GGC	GGC	GGC	GGC	GGC	GGC	GGC	GGC	GGC	GGC	GGC	GGC	GGC	GGC	GGC	---	GGC
10137	GGCG	-	INDEL	GGCG	GGCG	GGCG	GGCG	GGCG	GGCG	GGCG	GGCG	GGCG	GGCG	GGCG	GGCG	GGCG	GGCG	GGCG	GGCG	GGCG	GGCG	GGCG	GGCG	GGCG	GGCG	----	GGCG	GGCG
10141	G	GC/	INDEL	G-	GC	GC	G-	G-	GC	GC	GC	GC	GC	G-	G-	GC	GC	G-	GC	GC	GC	GC	GC	G-	G-	--	G-	G-
10143	C	-/G	SNP	C	G	G	-	-	G	G	G	G	G	C	C	G	G	-	G	G	G	G	G	C	C	-	C	C
10144	G	-	INDEL	G	G	G	-	-	G	G	G	G	G	G	G	G	G	-	G	G	G	G	G	G	G	-	G	G
10145	G	-/C	SNP	G	C	C	-	C	C	-	-	-	C	G	G	-	-	-	-	C	C	C	C	G	G	-	G	G
10149	T	G	SNP	T	G	G	T	G	G	T	T	T	G	T	T	T	T	T	T	G	G	G	G	T	T	G	T	T
10153	T	-	INDEL	T	T	T	T	T	T	T	T	T	T	T	T	T	T	T	T	T	T	T	T	-	-	T	T	T
10155	G	T	SNP	G	G	G	G	G	G	G	G	G	T	G	G	G	G	G	G	G	G	G	G	G	G	G	G	G
10157	G	T	SNP	G	G	G	G	G	G	G	G	G	G	G	G	G	G	G	G	G	G	G	G	T	T	G	G	G
10158	T	G/C	SNP	T	T	T	T	T	T	T	T	T	G	T	T	T	T	T	T	T	T	T	T	C	C	T	T	T
10159	C	-	INDEL	C	C	C	C	C	C	C	C	C	-	C	C	C	C	C	C	C	C	C	C	C	C	C	C	C
10160	C	T/G	SNP	C	C	C	C	C	C	C	C	C	G	C	C	C	C	C	C	C	C	C	C	T	T	C	C	C
10161	T	-	INDEL	T	T	T	T	T	T	T	T	-	T	T	T	T	T	T	T	T	T	T	T	T	T	T	T	T
10162	C	T/-	SNP	C	T	T	C	T	T	C	C	T	C	C	C	C	C	C	-	T	T	T	T	C	C	T	C	C
10163	C	-	INDEL	C	C	C	C	C	C	C	C	C	C	C	C	C	C	C	-	C	C	C	C	C	C	C	C	C
10164	C	TCCC/CCC/CCCG/CCCC	INDEL	C---	CCCC	CCCC	C---	CCCC	CCCC	CCCG	CCCG	CCCC	TCCC	C---	C---	CCC-	CCC-	CCCG	CCC-	CCCC	CCCC	CCCC	CCCC	C---	C---	CCC-	C---	C---
10168	C	-/G	SNP	C	G	G	C	G	G	-	-	G	C	C	C	-	-	C	C	G	G	G	G	C	C	-	C	C
10169	C	-	INDEL	C	C	C	C	C	C	-	-	C	C	C	C	-	-	C	C	-	-	C	-	C	C	C	C	C
10170	G	CCC/GCC/GC/CC/C	INDEL	G--	CC-	CC-	GCC	CCC	CC-	CC-	CC-	CC-	GC-	GC-	GC-	GC-	GC-	C--	GC-	CC-	CCC	CCC	CCC	GCC	GCC	GCC	GCC	GCC
10399	G	GTT	INDEL	G--	G--	G--	G--	G--	G--	G--	G--	GTT	G--	G--	G--	G--	G--	G--	G--	G--	G--	G--	G--	G--	G--	G--	G--	G--
10447	T	C	SNP	T	C	C	C	C	C	C	C	C	C	C	C	C	C	C	C	C	C	C	C	C	C	C	C	C
10942	G	GC	INDEL	G-	G-	G-	G-	G-	G-	G-	G-	G-	G-	G-	G-	G-	G-	GC	G-	G-	G-	G-	G-	G-	G-	G-	G-	G-
10979	T	C	SNP	T	T	T	T	T	T	T	T	T	T	T	T	T	T	T	T	T	T	T	C	T	T	T	T	T
11019	A	G	SNP	A	G	G	A	A	A	A	A	A	A	A	A	A	A	A	A	A	A	A	G	A	A	A	A	G
11028	C	CCTCT/CCT	INDEL	C----	CCT--	CCT--	C----	C----	C----	CCT--	CCT--	CCT--	C----	C----	C----	C----	C----	C----	CCTCT	C----	C----	C----	C----	CCT--	CCT--	CCT--	C----	C----
11108	G	GGA	INDEL	G--	GGA	GGA	G--	G--	G--	GGA	GGA	GGA	G--	G--	G--	G--	G--	G--	GGA	G--	G--	G--	G--	G--	G--	G--	G--	G--
11126	G	T	SNP	G	G	G	G	T	G	G	G	G	G	G	G	G	G	G	G	G	G	G	G	G	G	G	G	G
11143	G	GC	INDEL	G-	GC	GC	G-	GC	GC	GC	GC	GC	GC	GC	GC	GC	GC	GC	GC	GC	GC	GC	G-	GC	GC	GC	G-	GC
11145	CCGCCGCGGGGCCCCGGCGGCGGGGG	-	INDEL	CCGCCGCGGGGCCCCGGCGGCGGGGG	CCGCCGCGGGGCCCCGGCGGCGGGGG	CCGCCGCGGGGCCCCGGCGGCGGGGG	CCGCCGCGGGGCCCCGGCGGCGGGGG	CCGCCGCGGGGCCCCGGCGGCGGGGG	CCGCCGCGGGGCCCCGGCGGCGGGGG	CCGCCGCGGGGCCCCGGCGGCGGGGG	CCGCCGCGGGGCCCCGGCGGCGGGGG	CCGCCGCGGGGCCCCGGCGGCGGGGG	CCGCCGCGGGGCCCCGGCGGCGGGGG	CCGCCGCGGGGCCCCGGCGGCGGGGG	CCGCCGCGGGGCCCCGGCGGCGGGGG	CCGCCGCGGGGCCCCGGCGGCGGGGG	CCGCCGCGGGGCCCCGGCGGCGGGGG	CCGCCGCGGGGCCCCGGCGGCGGGGG	CCGCCGCGGGGCCCCGGCGGCGGGGG	CCGCCGCGGGGCCCCGGCGGCGGGGG	CCGCCGCGGGGCCCCGGCGGCGGGGG	CCGCCGCGGGGCCCCGGCGGCGGGGG	CCGCCGCGGGGCCCCGGCGGCGGGGG	CCGCCGCGGGGCCCCGGCGGCGGGGG	CCGCCGCGGGGCCCCGGCGGCGGGGG	CCGCCGCGGGGCCCCGGCGGCGGGGG	--------------------------	CCGCCGCGGGGCCCCGGCGGCGGGGG
11316	C	-	INDEL	C	-	-	C	C	C	C	C	-	-	-	-	C	C	C	-	C	C	C	-	-	-	C	C	C
11320	C	CCCC/CCCCCA/CC/CCCCA	INDEL	C-----	CCCCCA	CCCCCA	CCCC--	CCCCCA	CCCCCA	CCCCA-	CCCCA-	CCCCCA	CCCCCA	CCCCCA	CC----	C-----	C-----	C-----	CCCCCA	CCCCCA	CCCCCA	CCCCCA	CCCCCA	CCCCCA	CCCCCA	CCCCA-	CCCCCA	CCCCCA
11336	A	G	SNP	A	A	A	A	A	A	A	A	A	A	A	A	A	A	A	A	A	A	A	A	G	G	G	A	A
11398	C	T	SNP	C	C	C	C	T	T	C	C	C	C	C	C	C	C	C	C	T	T	T	C	C	C	C	C	C
11476	C	CGCG/CGCGGCGGCG/CGCGGCG	INDEL	C---------	CGCGGCGGCG	CGCGGCGGCG	CGCGGCGGCG	CGCG------	C---------	CGCGGCGGCG	CGCGGCGGCG	CGCGGCGGCG	CGCGGCGGCG	CGCGGCGGCG	CGCGGCG---	CGCGGCG---	CGCGGCG---	CGCGGCG---	CGCGGCG---	CGCGGCG---	CGCGGCGGCG	CGCGGCGGCG	CGCGGCGGCG	CGCGGCG---	CGCGGCG---	CGCGGCG---	CGCGGCG---	CGCG------
11492	GCGGCGGC	-	INDEL	GCGGCGGC	GCGGCGGC	GCGGCGGC	--------	GCGGCGGC	GCGGCGGC	GCGGCGGC	GCGGCGGC	GCGGCGGC	GCGGCGGC	GCGGCGGC	GCGGCGGC	GCGGCGGC	GCGGCGGC	GCGGCGGC	GCGGCGGC	GCGGCGGC	GCGGCGGC	GCGGCGGC	GCGGCGGC	GCGGCGGC	GCGGCGGC	GCGGCGGC	GCGGCGGC	GCGGCGGC
11500	G	A/-	SNP	G	A	A	-	A	A	A	A	A	A	A	A	A	A	A	A	A	A	A	A	A	A	A	A	A
11891	G	-	INDEL	G	G	G	G	G	G	G	G	G	G	G	G	G	G	-	G	G	G	G	G	G	G	G	G	G
11979	C	T	SNP	C	C	C	C	C	C	C	C	C	C	C	C	C	C	C	C	C	C	C	C	T	C	C	C	C
12345	T	TTTTGGG	INDEL	T------	T------	T------	T------	T------	T------	T------	T------	T------	T------	T------	T------	T------	T------	TTTTGGG	T------	T------	T------	T------	T------	T------	T------	T------	T------	T------
12797	G	GC/GCC	INDEL	G--	G--	G--	G--	G--	G--	GC-	GC-	GC-	G--	G--	GC-	GC-	GC-	GCC	G--	GC-	GC-	GC-	GC-	G--	G--	G--	GC-	GC-
12811	A	G	SNP	A	A	A	A	A	A	A	A	A	A	A	G	G	G	G	A	A	A	A	A	A	A	A	A	A
12821	C	T	SNP	C	C	C	C	C	C	C	C	C	C	C	C	C	C	C	C	C	C	C	C	C	T	C	C	C
12907	T	C	SNP	T	C	C	C	C	C	C	C	C	T	T	C	C	C	C	C	C	C	C	C	C	C	C	C	C
13072	CG	-	INDEL	CG	--	--	CG	CG	--	CG	CG	CG	--	--	CG	CG	CG	CG	--	CG	CG	--	CG	CG	--	CG	--	--
13074	CG	-	INDEL	CG	--	--	CG	CG	--	CG	CG	CG	--	--	CG	CG	CG	CG	--	CG	CG	CG	CG	CG	CG	CG	CG	CG
13076	CGCG	-	INDEL	CGCG	CGCG	CGCG	CGCG	CGCG	----	CGCG	CGCG	CGCG	----	CGCG	CGCG	CGCG	CGCG	CGCG	CGCG	CGCG	CGCG	CGCG	CGCG	CGCG	CGCG	CGCG	CGCG	CGCG
13080	C	CGCGC	INDEL	C----	CGCGC	CGCGC	C----	CGCGC	C----	CGCGC	CGCGC	CGCGC	CGCGC	C----	C----	CGCGC	CGCGC	CGCGC	CGCGC	CGCGC	CGCGC	CGCGC	CGCGC	C----	C----	CGCGC	C----	C----
13085	GCGC	-	INDEL	GCGC	GCGC	GCGC	----	----	GCGC	GCGC	GCGC	GCGC	GCGC	GCGC	GCGC	----	----	----	GCGC	----	----	----	----	GCGC	GCGC	----	GCGC	GCGC
13089	GCGCGT	-	INDEL	GCGCGT	GCGCGT	GCGCGT	GCGCGT	------	GCGCGT	GCGCGT	GCGCGT	GCGCGT	GCGCGT	GCGCGT	GCGCGT	GCGCGT	GCGCGT	GCGCGT	GCGCGT	GCGCGT	GCGCGT	GCGCGT	GCGCGT	GCGCGT	GCGCGT	GCGCGT	GCGCGT	GCGCGT
13201	T	TGGG/TGG/TGGGGGTGGGG	INDEL	T----------	TGGG-------	TGGG-------	T----------	T----------	T----------	TGG--------	TGG--------	TGG--------	T----------	T----------	TGG--------	TGG--------	TGG--------	TGG--------	T----------	T----------	T----------	T----------	T----------	T----------	TGGGGGTGGGG	T----------	T----------	T----------
13415	T	TG	INDEL	T-	T-	T-	TG	T-	T-	T-	T-	T-	T-	T-	T-	T-	T-	T-	T-	T-	T-	T-	T-	T-	T-	T-	T-	T-
