Pos	Ref	alt	KY962518	chr21:3112035-3125409	chr21:3156890-3170233	chr21:3201677-3215020	chr21:3246464-3259807	chr21:3291251-3304594	chr21:3336038-3349381	chr21:3380825-3394168	chr21:3425612-3438955	chr21:3470399-3483742	chr21:3515186-3528529	chr21:3559973-3573316	chr21:3604760-3618103	chr21:3649547-3662890	chr21:3694334-3707677	chr21:3739121-3752464	chr21:3783908-3797251	chr21:3828695-3842038	chr21:3873496-3886844	chr21:3917881-3931229	chr21:3962266-3975614	chr21:4006651-4019999	chr21:4051036-4064384	chr21:4095421-4108769	chr21:4139806-4153154	chr21:4184191-4197539	chr21:4228576-4241924	chr21:4272961-4286309	chr21:4317346-4330694	chr21:4361731-4375079	chr21:4406116-4419464	chr21:4450501-4463849	chr21:4494886-4508234	chr21:4539271-4552619	chr21:4583656-4597004	chr21:4628041-4641389	chr21:4672426-4685774	chr21:4716811-4730159	chr21:4761196-4774544	chr21:4805581-4818929	chr21:4849966-4863314	chr21:4894351-4907699	chr21:4938736-4952084	chr21:4983121-4996469	chr21:5027506-5040854	chr21:5071891-5085239	chr21:5116276-5129624	chr21:5160661-5174009	chr21:5205046-5218394	chr21:5249431-5262779	chr21:5293816-5307164	chr21:5338201-5351549	chr21:5382586-5395934	chr21:5426971-5440319	chr21:5471356-5484704	chr21:5515742-5529093	chr21:5559767-5573111
777	C	CGG	C	CGG	CGG	CGG	CGG	CGG	CGG	CGG	CGG	CGG	CGG	CGG	CGG	CGG	CGG	CGG	CGG	CGG	CGG	CGG	CGG	CGG	CGG	CGG	CGG	CGG	CGG	CGG	CGG	CGG	CGG	CGG	CGG	CGG	CGG	CGG	CGG	CGG	CGG	CGG	CGG	CGG	CGG	CGG	CGG	CGG	CGG	CGG	CGG	CGG	CGG	CGG	CGG	CGG	CGG	CGG	CGG
963	G	A	G	A	A	A	A	A	A	A	A	A	A	A	A	A	A	A	A	A	A	A	A	A	A	A	A	A	A	A	A	A	A	A	A	A	A	A	A	A	A	A	A	A	A	A	A	A	A	A	A	A	A	A	A	A	A	A	A
1291	C	G	C	G	C	C	C	C	C	C	C	C	C	C	C	C	C	C	C	C	C	C	C	C	C	C	C	C	C	C	C	C	C	C	C	C	C	C	C	C	C	C	C	C	C	C	C	C	C	C	C	C	C	C	C	C	C	C	C
1510	G	GT	G	GT	G	G	G	G	G	G	G	G	G	G	G	G	G	G	G	G	G	G	G	G	G	G	G	G	G	G	G	G	G	G	G	G	G	G	G	G	G	G	G	G	G	G	G	G	G	G	G	G	G	G	G	G	G	G	G
1638	T	TC	T	TC	T	T	T	T	T	T	T	T	T	T	T	T	T	T	T	T	T	T	T	T	T	T	T	T	T	T	T	T	T	T	T	T	T	T	T	T	T	T	T	T	T	T	T	T	T	T	T	T	T	T	T	T	T	T	T
1683	G	GT	G	GT	G	G	G	G	G	G	G	G	G	G	G	G	G	G	G	G	G	G	G	G	G	G	G	G	G	G	G	G	G	G	G	G	G	G	G	G	G	G	G	G	G	G	G	G	G	G	G	G	G	G	G	G	G	G	G
1756	T	C	T	C	T	T	T	T	T	T	T	T	T	T	T	T	T	T	T	T	T	T	T	T	T	T	T	T	T	T	T	T	T	T	T	T	T	T	T	T	T	T	T	T	T	T	T	T	T	T	T	T	T	T	T	T	T	T	T
2144	G	C	G	C	C	C	C	C	C	C	C	C	C	C	C	C	C	C	C	C	C	C	C	C	C	C	C	C	C	C	C	C	C	C	C	C	C	C	C	C	C	C	C	C	C	C	C	C	C	C	C	C	C	C	C	C	C	C	C
2199	T	TCGCC	T	TCGCC	T	T	T	T	T	T	T	T	T	T	T	T	T	T	T	T	T	T	T	T	T	T	T	T	T	T	T	T	T	T	T	T	T	T	T	T	T	T	T	T	T	T	T	T	T	T	T	T	T	T	T	T	T	T	T
2284	T	C	T	T	C	C	C	C	C	C	C	C	C	C	C	C	C	C	C	C	T	T	T	T	T	T	T	T	T	T	T	T	T	T	T	T	T	T	T	T	T	T	T	T	T	T	T	T	T	T	T	T	T	T	T	T	T	T	C
2492	T	C	T	C	T	T	T	T	T	T	T	T	T	T	T	T	T	T	T	T	T	T	T	T	T	T	T	T	T	T	T	T	T	T	T	T	T	T	T	T	T	T	T	T	T	T	T	T	T	T	T	T	T	T	T	T	T	T	T
2593	T	C	T	C	T	T	T	T	T	T	T	T	T	T	T	T	T	T	T	T	T	T	T	T	T	T	T	T	T	T	T	T	T	T	T	T	T	T	T	T	T	T	T	T	T	T	T	T	T	T	T	T	T	T	T	T	T	T	T
3023	G	T	G	G	T	T	T	T	T	T	T	T	T	T	T	T	T	T	T	T	G	G	G	G	G	G	G	G	G	G	G	G	G	G	G	G	G	G	G	G	G	G	G	G	G	G	G	G	G	G	G	G	G	G	G	G	G	G	T
3385	A	G	A	A	G	G	G	G	G	G	G	G	G	G	G	G	G	G	G	G	G	G	G	G	G	G	G	G	G	G	G	G	G	G	G	G	G	G	G	G	G	G	G	G	G	G	G	G	G	G	G	G	G	G	G	G	G	G	G
3532	CCGTCCGCGGCCCGTCCGT	-	CCGTCCGCGGCCCGTCCGT	CCGTCCGCGGCCCGTCCGT	-	-	-	-	-	-	-	-	-	-	-	-	-	-	-	-	-	-	-	-	-	-	-	-	-	-	-	-	-	-	-	-	-	-	-	-	-	-	-	-	-	-	-	-	-	-	-	-	-	-	-	-	-	-	-
5556	G	GCGC	G	G	GCGC	GCGC	GCGC	GCGC	GCGC	GCGC	GCGC	GCGC	GCGC	GCGC	GCGC	GCGC	GCGC	GCGC	GCGC	GCGC	GCGC	GCGC	GCGC	GCGC	GCGC	GCGC	GCGC	GCGC	GCGC	GCGC	GCGC	GCGC	GCGC	GCGC	GCGC	GCGC	GCGC	GCGC	GCGC	GCGC	GCGC	GCGC	GCGC	GCGC	GCGC	GCGC	GCGC	GCGC	GCGC	GCGC	GCGC	GCGC	GCGC	GCGC	GCGC	GCGC	GCGC	GCGC	GCGC
5713	G	GGA/GGG	G	GGA	GGG	GGG	GGG	GGG	GGG	GGG	GGG	GGG	GGG	GGG	GGG	GGG	GGG	GGG	GGG	GGG	GGA	GGA	GGA	GGA	GGA	GGA	GGA	GGA	GGA	GGA	GGA	GGA	GGA	GGA	GGA	GGA	GGA	GGA	GGA	GGA	GGA	GGA	GGA	GGA	GGA	GGA	GGA	GGA	GGA	GGA	GGA	GGA	GGA	GGA	GGA	GGA	GGA	GGA	GGG
5729	AGA	-	AGA	AGA	AGA	AGA	AGA	AGA	AGA	AGA	AGA	AGA	AGA	AGA	AGA	AGA	AGA	AGA	AGA	AGA	AGA	AGA	AGA	AGA	AGA	AGA	AGA	AGA	AGA	AGA	AGA	AGA	AGA	AGA	AGA	AGA	AGA	AGA	AGA	AGA	AGA	AGA	AGA	AGA	AGA	AGA	AGA	AGA	AGA	AGA	AGA	AGA	AGA	AGA	AGA	AGA	AGA	AGA	-
5732	G	/GAGAA	G	GAGAA	G	G	G	G	G	G	G	G	G	G	G	G	G	G	G	G	G	G	G	G	G	G	G	G	G	G	G	G	G	G	G	G	G	G	G	G	G	G	G	G	G	G	G	G	G	G	G	G	G	G	G	G	G	G	
5733	AA	-	AA	AA	-	-	-	-	-	-	-	-	-	-	-	-	-	-	-	-	AA	AA	AA	AA	AA	AA	AA	AA	AA	AA	AA	AA	AA	AA	AA	AA	AA	AA	AA	AA	AA	AA	AA	AA	AA	AA	AA	AA	AA	AA	AA	AA	AA	AA	AA	AA	AA	AA	-
5806	A	C	A	C	C	C	C	C	C	C	C	C	C	C	C	C	C	C	C	C	C	C	C	C	C	C	C	C	C	C	C	C	C	C	C	C	C	C	C	C	C	C	C	C	C	C	C	C	C	C	C	C	C	C	C	C	C	C	C
5819	G	A	G	G	G	G	G	G	G	G	G	G	G	G	G	G	G	G	G	G	A	A	A	A	A	A	A	A	A	A	A	A	A	A	A	A	A	A	A	A	A	A	A	A	A	A	A	A	A	A	A	A	A	A	A	A	A	A	G
5871	T	TGG/TG	T	T	TGG	TGG	TGG	TGG	TGG	TGG	TGG	TGG	TGG	TGG	TGG	TGG	TGG	TGG	TGG	TGG	TG	TG	TG	TG	TG	TG	TG	TG	TG	TG	TG	TG	TG	TG	TG	TG	TG	TG	TG	TG	TG	TG	TG	TG	TG	TG	TG	TG	TG	TG	TG	TG	TG	TG	TG	TG	TG	TG	TGG
6194	T	TC	T	TC	T	T	T	T	T	T	T	T	T	T	T	T	T	T	T	T	T	T	T	T	T	T	T	T	T	T	T	T	T	T	T	T	T	T	T	T	T	T	T	T	T	T	T	T	T	T	T	T	T	T	T	T	T	T	T
6271	C	A	C	C	A	A	A	A	A	A	A	A	A	A	A	A	A	A	A	A	C	C	C	C	C	C	C	C	C	C	C	C	C	C	C	C	C	C	C	C	C	C	C	C	C	C	C	C	C	C	C	C	C	C	C	C	C	C	A
6514	G	GGC	G	G	GGC	GGC	GGC	GGC	GGC	GGC	GGC	GGC	GGC	GGC	GGC	GGC	GGC	GGC	GGC	GGC	GGC	GGC	GGC	GGC	GGC	GGC	GGC	GGC	GGC	GGC	GGC	GGC	GGC	GGC	GGC	GGC	GGC	GGC	GGC	GGC	GGC	GGC	GGC	GGC	GGC	GGC	GGC	GGC	GGC	GGC	GGC	GGC	GGC	GGC	GGC	GGC	GGC	GGC	GGC
6519	G	T	G	G	G	G	G	G	G	G	G	G	G	G	G	G	G	G	G	G	T	T	T	T	T	T	T	T	T	T	T	T	T	T	T	T	T	T	T	T	T	T	T	T	T	T	T	T	T	T	T	T	T	T	T	T	T	T	T
6520	G	T	G	G	G	G	G	G	G	G	G	G	G	G	G	G	G	G	G	G	T	T	T	T	T	T	T	T	T	T	T	T	T	T	T	T	T	T	T	T	T	T	T	T	T	T	T	T	T	T	T	T	T	T	T	T	T	T	T
6521	C	G	C	C	G	G	G	G	G	G	G	G	G	G	G	G	G	G	G	G	G	G	G	G	G	G	G	G	G	G	G	G	G	G	G	G	G	G	G	G	G	G	G	G	G	G	G	G	G	G	G	G	G	G	G	G	G	G	G
6877	T	C	T	T	C	C	C	C	C	C	C	C	C	C	C	C	C	C	C	C	T	T	T	T	T	T	T	T	T	T	T	T	T	T	T	T	T	T	T	T	T	T	T	T	T	T	T	T	T	T	T	T	T	T	T	T	T	T	T
6905	T	TC	T	TC	TC	TC	TC	TC	TC	TC	TC	TC	TC	TC	TC	TC	TC	TC	TC	TC	TC	TC	TC	TC	TC	TC	TC	TC	TC	TC	TC	TC	TC	TC	TC	TC	TC	TC	TC	TC	TC	TC	TC	TC	TC	TC	TC	TC	TC	TC	TC	TC	TC	TC	TC	TC	TC	TC	TC
7156	C	CCGT	C	C	CCGT	CCGT	CCGT	CCGT	CCGT	CCGT	CCGT	CCGT	CCGT	CCGT	CCGT	CCGT	CCGT	CCGT	CCGT	CCGT	C	C	C	C	C	C	C	C	C	C	C	C	C	C	C	C	C	C	C	C	C	C	C	C	C	C	C	C	C	C	C	C	C	C	C	C	C	C	C
7247	A	C	A	A	C	C	C	C	C	C	C	C	C	C	C	C	C	C	C	C	A	A	A	A	A	A	A	A	A	A	A	A	A	A	A	A	A	A	A	A	A	A	A	A	A	A	A	A	A	A	A	A	A	A	A	A	A	A	A
7364	C	-	C	-	-	-	-	-	-	-	-	-	-	-	-	-	-	-	-	-	-	-	-	-	-	-	-	-	-	-	-	-	-	-	-	-	-	-	-	-	-	-	-	-	-	-	-	-	-	-	-	-	-	-	-	-	-	-	-
7386	G	GC	G	G	GC	GC	GC	GC	GC	GC	GC	GC	GC	GC	GC	GC	GC	GC	GC	GC	G	G	G	G	G	G	G	G	G	G	G	G	G	G	G	G	G	G	G	G	G	G	G	G	G	G	G	G	G	G	G	G	G	G	G	G	G	G	G
7391	G	C	G	G	C	C	C	C	C	C	C	C	C	C	C	C	C	C	C	C	G	G	G	G	G	G	G	G	G	G	G	G	G	G	G	G	G	G	G	G	G	G	G	G	G	G	G	G	G	G	G	G	G	G	G	G	G	G	C
7506	T	C	T	T	C	C	C	C	C	C	C	C	C	C	C	C	C	C	C	C	T	T	T	T	T	T	T	T	T	T	T	T	T	T	T	T	T	T	T	T	T	T	T	T	T	T	T	T	T	T	T	T	T	T	T	T	T	T	T
7790	C	G	C	G	G	G	G	G	G	G	G	G	G	G	G	G	G	G	G	G	G	G	G	G	G	G	G	G	G	G	G	G	G	G	G	G	G	G	G	G	G	G	G	G	G	G	G	G	G	G	G	G	G	G	G	G	G	G	G
7799	G	GC	G	G	G	G	G	G	G	G	G	G	G	G	G	G	G	G	G	G	GC	GC	GC	GC	GC	GC	GC	GC	GC	GC	GC	GC	GC	GC	GC	GC	GC	GC	GC	GC	GC	GC	GC	GC	GC	GC	GC	GC	GC	GC	GC	GC	GC	GC	GC	GC	GC	GC	GC
7980	A	G	A	A	G	G	G	G	G	G	G	G	G	G	G	G	G	G	G	G	G	G	G	G	G	G	G	G	G	G	G	G	G	G	G	G	G	G	G	G	G	G	G	G	G	G	G	G	G	G	G	G	G	G	G	G	G	G	G
8684	CCGT	-	CCGT	CCGT	-	-	-	-	-	-	-	-	-	-	-	-	-	-	-	-	-	-	-	-	-	-	-	-	-	-	-	-	-	-	-	-	-	-	-	-	-	-	-	-	-	-	-	-	-	-	-	-	-	-	-	-	-	CCGT	CCGT
8702	GTC	-	GTC	-	GTC	GTC	GTC	GTC	GTC	GTC	GTC	GTC	GTC	GTC	GTC	GTC	GTC	GTC	GTC	GTC	GTC	GTC	GTC	GTC	GTC	GTC	GTC	GTC	GTC	GTC	GTC	GTC	GTC	GTC	GTC	GTC	GTC	GTC	GTC	GTC	GTC	GTC	GTC	GTC	GTC	GTC	GTC	GTC	GTC	GTC	GTC	GTC	GTC	GTC	GTC	GTC	GTC	GTC	GTC
8705	C	/CG	C		CG	CG	CG	CG	CG	CG	CG	CG	CG	CG	CG	CG	CG	CG	CG	CG	CG	CG	CG	CG	CG	CG	CG	CG	CG	CG	CG	CG	CG	CG	CG	CG	CG	CG	CG	CG	CG	CG	CG	CG	CG	CG	CG	CG	CG	CG	CG	CG	CG	CG	CG	CG	CG	CG	C
8767	G	GGGC	G	GGGC	GGGC	GGGC	GGGC	GGGC	GGGC	GGGC	GGGC	GGGC	GGGC	GGGC	GGGC	GGGC	GGGC	GGGC	GGGC	GGGC	GGGC	GGGC	GGGC	GGGC	GGGC	GGGC	GGGC	GGGC	GGGC	GGGC	GGGC	GGGC	GGGC	GGGC	GGGC	GGGC	GGGC	GGGC	GGGC	GGGC	GGGC	GGGC	GGGC	GGGC	GGGC	GGGC	GGGC	GGGC	GGGC	GGGC	GGGC	GGGC	GGGC	GGGC	GGGC	GGGC	GGGC	GGGC	G
8782	T	C	T	C	T	T	T	T	T	T	T	T	T	T	T	T	T	T	T	T	T	T	T	T	T	T	T	T	T	T	T	T	T	T	T	T	T	T	T	T	T	T	T	T	T	T	T	T	T	T	T	T	T	T	T	T	T	T	T
8783	GGC	-	GGC	GGC	-	-	-	-	-	-	-	-	-	-	-	-	-	-	-	-	GGC	GGC	GGC	GGC	GGC	GGC	GGC	GGC	GGC	GGC	GGC	GGC	GGC	GGC	GGC	GGC	GGC	GGC	GGC	GGC	GGC	GGC	GGC	GGC	GGC	GGC	GGC	GGC	GGC	GGC	GGC	GGC	GGC	GGC	GGC	GGC	GGC	GGC	GGC
8788	C	CGGT	C	CGGT	C	C	C	C	C	C	C	C	C	C	C	C	C	C	C	C	C	C	C	C	C	C	C	C	C	C	C	C	C	C	C	C	C	C	C	C	C	C	C	C	C	C	C	C	C	C	C	C	C	C	C	C	C	C	C
8813	A	AC	A	AC	AC	AC	AC	AC	AC	AC	AC	AC	AC	AC	AC	AC	AC	AC	AC	AC	AC	AC	AC	AC	AC	AC	AC	AC	AC	AC	AC	AC	AC	AC	AC	AC	AC	AC	AC	AC	AC	AC	AC	AC	AC	AC	AC	AC	AC	AC	AC	AC	AC	AC	AC	AC	AC	AC	AC
9130	G	-	G	-	-	-	-	-	-	-	-	-	-	-	-	-	-	-	-	-	-	-	-	-	-	-	-	-	-	-	-	-	-	-	-	-	-	-	-	-	-	-	-	-	-	-	-	-	-	-	-	-	-	-	-	-	-	-	-
10066	GGC	-	GGC	GGC	-	-	-	-	-	-	-	-	-	-	-	-	-	-	-	-	-	-	-	-	-	-	-	-	-	-	-	-	-	-	-	-	-	-	-	-	-	-	-	-	-	-	-	-	-	-	-	-	-	-	-	-	-	-	GGC
10082	G	GCGGCGG/GCGGCGGC	G	GCGGCGG	GCGGCGGC	GCGGCGGC	GCGGCGGC	GCGGCGGC	GCGGCGGC	GCGGCGGC	GCGGCGGC	GCGGCGGC	GCGGCGGC	GCGGCGGC	GCGGCGGC	GCGGCGGC	GCGGCGGC	GCGGCGGC	GCGGCGGC	GCGGCGGC	GCGGCGGC	GCGGCGGC	GCGGCGGC	GCGGCGGC	GCGGCGGC	GCGGCGGC	GCGGCGGC	GCGGCGGC	GCGGCGGC	GCGGCGGC	GCGGCGGC	GCGGCGGC	GCGGCGGC	GCGGCGGC	GCGGCGGC	GCGGCGGC	GCGGCGGC	GCGGCGGC	GCGGCGGC	GCGGCGGC	GCGGCGGC	GCGGCGGC	GCGGCGGC	GCGGCGGC	GCGGCGGC	GCGGCGGC	GCGGCGGC	GCGGCGGC	GCGGCGGC	GCGGCGGC	GCGGCGGC	GCGGCGGC	GCGGCGGC	GCGGCGGC	GCGGCGGC	GCGGCGGC	GCGGCGGC	GCGGCGGC	GCGGCGGC
10086	T	G	T	T	G	G	G	G	G	G	G	G	G	G	G	G	G	G	G	G	G	G	G	G	G	G	G	G	G	G	G	G	G	G	G	G	G	G	G	G	G	G	G	G	G	G	G	G	G	G	G	G	G	G	G	G	G	G	G
10099	C	T	C	C	T	T	T	T	T	T	T	T	T	T	T	T	T	T	T	T	T	T	T	T	T	T	T	T	T	T	T	T	T	T	T	T	T	T	T	T	T	T	T	T	T	T	T	T	T	T	T	T	T	T	T	T	T	T	T
10102	C	CCCG/CCG/CCCGCC/CCCGC	C	CCG	CCCG	CCCG	CCCG	CCCG	CCCG	CCCG	CCCG	CCCG	CCCG	CCCG	CCCG	CCCG	CCCG	CCCG	CCCG	CCCG	CCCGC	CCCGC	CCCGC	CCCGC	CCCGC	CCCGC	CCCGC	CCCGC	CCCGC	CCCGC	CCCGC	CCCGC	CCCGC	CCCGC	CCCGC	CCCGC	CCCGC	CCCGC	CCCGC	CCCGC	CCCGC	CCCGC	CCCGC	CCCGC	CCCGC	CCCGC	CCCGC	CCCGC	CCCGC	CCCGC	CCCGC	CCCGC	CCCGC	CCCGC	CCCGC	CCCGC	CCCGC	CCCGCC	CCCGC
10103	C	-	C	-	C	C	C	C	C	C	C	C	C	C	C	C	C	C	C	C	C	C	C	C	C	C	C	C	C	C	C	C	C	C	C	C	C	C	C	C	C	C	C	C	C	C	C	C	C	C	C	C	C	C	C	C	C	C	C
10104	G	C	G	C	C	C	C	C	C	C	C	C	C	C	C	C	C	C	C	C	C	C	C	C	C	C	C	C	C	C	C	C	C	C	C	C	C	C	C	C	C	C	C	C	C	C	C	C	C	C	C	C	C	C	C	C	C	C	C
10377	T	C	T	C	C	C	C	C	C	C	C	C	C	C	C	C	C	C	C	C	C	C	C	C	C	C	C	C	C	C	C	C	C	C	C	C	C	C	C	C	C	C	C	C	C	C	C	C	C	C	C	C	C	C	C	C	C	C	C
10908	T	C	T	T	T	T	T	T	T	T	T	T	T	T	T	T	T	T	T	T	T	T	T	T	T	T	T	T	T	T	T	T	T	T	T	T	T	T	T	T	T	T	T	T	T	T	T	T	T	T	T	T	T	T	T	T	T	T	C
10948	A	G	A	A	A	A	A	A	A	A	A	A	A	A	A	A	A	A	A	A	A	A	A	A	A	A	A	A	A	A	A	A	A	A	A	A	A	A	A	A	A	A	A	A	A	A	A	A	A	A	A	A	A	A	A	A	A	A	G
10957	C	CCTCT	C	CCTCT	C	C	C	C	C	C	C	C	C	C	C	C	C	C	C	C	C	C	C	C	C	C	C	C	C	C	C	C	C	C	C	C	C	C	C	C	C	C	C	C	C	C	C	C	C	C	C	C	C	C	C	C	C	C	C
11033	G	GGA	G	GGA	G	G	G	G	G	G	G	G	G	G	G	G	G	G	G	G	G	G	G	G	G	G	G	G	G	G	G	G	G	G	G	G	G	G	G	G	G	G	G	G	G	G	G	G	G	G	G	G	G	G	G	G	G	G	G
11066	G	GC	G	GC	GC	GC	GC	GC	GC	GC	GC	GC	GC	GC	GC	GC	GC	GC	GC	GC	GC	GC	GC	GC	GC	GC	GC	GC	GC	GC	GC	GC	GC	GC	GC	GC	GC	GC	GC	GC	GC	GC	GC	GC	GC	GC	GC	GC	GC	GC	GC	GC	GC	GC	GC	GC	GC	GC	G
11238	C	-	C	C	C	C	C	C	C	C	C	C	C	C	C	C	C	C	C	C	C	C	C	C	C	C	C	C	C	C	C	C	C	C	C	C	C	C	C	C	C	C	C	C	C	C	C	C	C	C	C	C	C	C	C	C	C	C	-
11242	C	CCCCCA/CCCCA	C	CCCCA	CCCCCA	CCCCCA	CCCCCA	CCCCCA	CCCCCA	CCCCCA	CCCCCA	CCCCCA	CCCCCA	CCCCCA	CCCCCA	CCCCCA	CCCCCA	CCCCCA	CCCCCA	CCCCCA	CCCCCA	CCCCCA	CCCCCA	CCCCCA	CCCCCA	CCCCCA	CCCCCA	CCCCCA	CCCCCA	CCCCCA	CCCCCA	CCCCCA	CCCCCA	CCCCCA	CCCCCA	CCCCCA	CCCCCA	CCCCCA	CCCCCA	CCCCCA	CCCCCA	CCCCCA	CCCCCA	CCCCCA	CCCCCA	CCCCCA	CCCCCA	CCCCCA	CCCCCA	CCCCCA	CCCCCA	CCCCCA	CCCCCA	CCCCCA	CCCCCA	CCCCCA	CCCCCA	CCCCCA	CCCCCA
11315	C	T	C	C	T	T	T	T	T	T	T	T	T	T	T	T	T	T	T	T	T	T	T	T	T	T	T	T	T	T	T	T	T	T	T	T	T	T	T	T	T	T	T	T	T	T	T	T	T	T	T	T	T	T	T	T	T	T	C
11394	GCG	-	GCG	-	-	-	-	-	-	-	-	-	-	-	-	-	-	-	-	-	GCG	GCG	GCG	GCG	GCG	GCG	GCG	GCG	GCG	GCG	GCG	GCG	GCG	GCG	GCG	GCG	GCG	GCG	GCG	GCG	GCG	GCG	GCG	GCG	GCG	GCG	GCG	GCG	GCG	GCG	GCG	GCG	GCG	GCG	GCG	GCG	GCG	GCG	GCG
11408	G	GGCGGCGGCA	G	GGCGGCGGCA	GGCGGCGGCA	GGCGGCGGCA	GGCGGCGGCA	GGCGGCGGCA	GGCGGCGGCA	GGCGGCGGCA	GGCGGCGGCA	GGCGGCGGCA	GGCGGCGGCA	GGCGGCGGCA	GGCGGCGGCA	GGCGGCGGCA	GGCGGCGGCA	GGCGGCGGCA	GGCGGCGGCA	GGCGGCGGCA	GGCGGCGGCA	GGCGGCGGCA	GGCGGCGGCA	GGCGGCGGCA	GGCGGCGGCA	GGCGGCGGCA	GGCGGCGGCA	GGCGGCGGCA	GGCGGCGGCA	GGCGGCGGCA	GGCGGCGGCA	GGCGGCGGCA	GGCGGCGGCA	GGCGGCGGCA	GGCGGCGGCA	GGCGGCGGCA	GGCGGCGGCA	GGCGGCGGCA	GGCGGCGGCA	GGCGGCGGCA	GGCGGCGGCA	GGCGGCGGCA	GGCGGCGGCA	GGCGGCGGCA	GGCGGCGGCA	GGCGGCGGCA	GGCGGCGGCA	GGCGGCGGCA	GGCGGCGGCA	GGCGGCGGCA	GGCGGCGGCA	GGCGGCGGCA	GGCGGCGGCA	GGCGGCGGCA	GGCGGCGGCA	GGCGGCGGCA	GGCGGCGGCA	GGCGGCGGCA	GGCGGCGGCA
12699	G	GC	G	G	GC	GC	GC	GC	GC	GC	GC	GC	GC	GC	GC	GC	GC	GC	GC	GC	GC	GC	GC	GC	GC	GC	GC	GC	GC	GC	GC	GC	GC	GC	GC	GC	GC	GC	GC	GC	GC	GC	GC	GC	GC	GC	GC	GC	GC	GC	GC	GC	GC	GC	GC	GC	GC	GC	GC
12807	T	C	T	C	C	C	C	C	C	C	C	C	C	C	C	C	C	C	C	C	C	C	C	C	C	C	C	C	C	C	C	C	C	C	C	C	C	C	C	C	C	C	C	C	C	C	C	C	C	C	C	C	C	C	C	C	C	C	C
12972	CG	-	CG	CG	CG	CG	CG	CG	CG	CG	CG	CG	CG	CG	CG	CG	CG	CG	CG	CG	CG	CG	CG	CG	CG	CG	CG	CG	CG	CG	CG	CG	CG	CG	CG	CG	CG	CG	CG	CG	CG	CG	CG	CG	CG	CG	CG	CG	CG	CG	CG	CG	CG	CG	CG	CG	CG	-	CG
