25
T2T_45S          100.000000 88.969543 88.977026 87.544991 90.339973 88.921370 90.450531 98.195432 88.767492 99.281383 98.019653 74.536724 88.166080 88.328336 96.929759 76.165532 97.631717 93.137549 99.543105 98.328837 99.371399 99.281598 74.970033 81.603844 74.267077
chr13_rDNA45S_1  88.969543 100.000000 99.992527 91.361728 82.230043 97.683832 81.035773 80.906028 99.065770 98.525339 72.665216 67.859554 79.577306 79.722639 71.514153 91.767609 83.017312 74.056038 70.204479 71.208034 82.198444 82.149267 74.812706 81.528758 85.064107
chr13_rDNA45S_6  88.977026 99.992527 100.000000 91.369226 82.237532 97.691327 81.020805 80.891052 99.073244 98.532824 72.665216 67.844549 79.562317 79.707646 71.499176 91.775086 83.024807 74.048547 70.189499 71.193046 82.205926 82.156745 74.820198 81.536267 85.071605
chr13_rDNA45S_74 87.544991 91.361728 91.369226 100.000000 84.403119 91.879124 95.583383 94.173665 73.320336 86.682663 80.076513 93.697952 91.999100 92.426515 82.918416 88.332334 91.931614 92.336533 82.813437 90.529394 86.442711 85.377924 81.103779 86.784803 92.943911
chr13_rDNA45S_75 90.339973 82.230043 82.237532 84.403119 100.000000 91.987107 88.707503 89.351505 86.535869 91.957466 74.473033 76.599895 97.654201 98.823088 87.771454 93.485098 97.451847 97.670063 90.367763 97.362110 97.768459 98.217762 91.998801 80.102117 97.495689
chr13_rDNA45S_76 88.921370 97.683832 97.691327 91.879124 91.987107 100.000000 76.088749 97.586388 87.474702 99.220448 85.649989 80.463651 90.188142 79.025487 79.334383 85.278465 86.492767 97.796267 90.690353 99.182970 81.867926 81.882917 92.714189 81.341042 92.674515
chr14_rDNA45S_1  90.450531 81.035773 81.020805 95.583383 88.707503 76.088749 100.000000 99.820292 99.618321 80.836889 74.097967 74.311651 86.749607 86.821589 89.501273 79.336926 98.066402 98.329338 97.842858 98.253897 83.759916 75.871875 82.169613 81.498724 81.502587
chr14_rDNA45S_2  98.195432 80.906028 80.891052 94.173665 89.351505 97.586388 99.820292 100.000000 99.745414 79.116436 74.420524 74.034061 87.873792 87.803598 96.495432 79.168851 86.045117 98.164519 98.112501 98.141487 70.116061 70.101086 90.358106 86.446914 77.656145
chr14_rDNA45S_16 88.767492 99.065770 99.073244 73.320336 86.535869 87.474702 99.618321 99.745414 100.000000 96.324575 70.549846 73.891515 94.626396 82.923538 87.831361 84.559593 79.202578 81.922385 86.974758 85.978717 86.882670 86.830691 74.288283 81.280973 83.751968
chr15_rDNA45S_1  99.281383 98.525339 98.532824 86.682663 91.957466 99.220448 80.836889 79.116436 96.324575 100.000000 81.231716 80.786256 80.723975 71.784108 79.669013 87.536492 73.499213 80.873539 80.900307 80.702938 99.565836 98.450483 74.805214 81.663914 82.349854
chr15_rDNA45S_2  98.019653 72.665216 72.665216 80.076513 74.473033 85.649989 74.097967 74.420524 70.549846 81.231716 100.000000 99.707405 90.503338 99.422399 93.256320 77.661091 99.219863 74.818093 74.330508 82.101868 80.991674 79.888981 99.137349 86.965010 97.712100
chr15_rDNA45S_18 74.536724 67.859554 67.844549 93.697952 76.599895 80.463651 74.311651 74.034061 73.891515 80.786256 99.707405 100.000000 99.617376 99.647385 93.622927 68.549779 89.331533 74.671768 74.154100 86.375572 80.996324 79.885963 80.816265 80.440006 99.189737
chr15_rDNA45S_34 88.166080 79.577306 79.562317 91.999100 97.654201 90.188142 86.749607 87.873792 94.626396 80.723975 90.503338 99.617376 100.000000 99.955022 93.734542 70.681256 91.875890 99.198081 89.215319 99.070674 80.641535 79.524844 90.999026 85.861240 86.803629
chr15_rDNA45S_35 88.328336 79.722639 79.707646 92.426515 98.823088 79.025487 86.821589 87.803598 82.923538 71.784108 99.422399 99.647385 99.955022 100.000000 93.823088 80.832084 99.167916 99.265367 89.295352 99.137931 80.539730 79.407796 76.191904 81.506232 99.040264
chr15_rDNA45S_50 96.929759 71.514153 71.499176 82.918416 87.771454 79.334383 89.501273 96.495432 87.831361 79.669013 93.256320 93.622927 93.734542 93.823088 100.000000 80.545155 99.130630 99.205874 94.487304 90.879796 77.647147 78.762917 83.608031 86.394354 82.574792
chr21_rDNA45S_1  76.165532 91.767609 91.775086 88.332334 93.485098 85.278465 79.336926 79.168851 84.559593 87.536492 77.661091 68.549779 70.681256 80.832084 80.545155 100.000000 80.184366 80.356608 80.533293 80.343225 95.270877 95.124140 95.265208 81.393603 70.690560
chr21_rDNA45S_2  97.631717 83.017312 83.024807 91.931614 97.451847 86.492767 98.066402 86.045117 79.202578 73.499213 99.219863 89.331533 91.875890 99.167916 99.130630 80.184366 100.000000 99.580304 99.490369 99.475380 80.858877 79.689725 90.999026 78.637934 97.645647
chr21_rDNA45S_18 93.137549 74.056038 74.048547 92.336533 97.670063 97.796267 98.329338 98.164519 81.922385 80.873539 74.818093 74.671768 99.198081 99.265367 99.205874 80.356608 99.580304 100.000000 99.872640 99.617806 80.866047 80.776146 97.767456 86.529509 76.156557
chr21_rDNA45S_55 99.543105 70.204479 70.189499 82.813437 90.367763 90.690353 97.842858 98.112501 86.974758 80.900307 74.330508 74.154100 89.215319 89.295352 94.487304 80.533293 99.490369 99.872640 100.000000 99.550360 79.394802 78.960377 90.223254 75.919808 82.019945
chr21_rDNA45S_56 98.328837 71.208034 71.193046 90.529394 97.362110 99.182970 98.253897 98.141487 85.978717 80.702938 82.101868 86.375572 99.070674 99.137931 90.879796 80.343225 99.475380 99.617806 99.550360 100.000000 80.642986 80.553058 90.317746 86.544526 88.745595
chr22_rDNA45S_1  99.371399 82.198444 82.205926 86.442711 97.768459 81.867926 83.759916 70.116061 86.882670 99.565836 80.991674 80.996324 80.641535 80.539730 77.647147 95.270877 80.858877 80.866047 79.394802 80.642986 100.000000 99.895241 99.835181 81.881664 75.519232
chr22_rDNA45S_18 99.281598 82.149267 82.156745 85.377924 98.217762 81.882917 75.871875 70.101086 86.830691 98.450483 79.888981 79.885963 79.524844 79.407796 78.762917 95.124140 79.689725 80.776146 78.960377 80.553058 99.895241 100.000000 98.688942 81.904190 75.624203
chr22_rDNA45S_19 74.970033 74.812706 74.820198 81.103779 91.998801 92.714189 82.169613 90.358106 74.288283 74.805214 99.137349 80.816265 90.999026 76.191904 83.608031 95.265208 90.999026 97.767456 90.223254 90.317746 99.835181 98.688942 100.000000 99.159033 87.298493
chr22_rDNA45S_20 81.603844 81.528758 81.536267 86.784803 80.102117 81.341042 81.498724 86.446914 81.280973 81.663914 86.965010 80.440006 85.861240 81.506232 86.394354 81.393603 78.637934 86.529509 75.919808 86.544526 81.881664 81.904190 99.159033 100.000000 92.168494
chr22_rDNA45S_21 74.267077 85.064107 85.071605 92.943911 97.495689 92.674515 81.502587 77.656145 83.751968 82.349854 97.712100 99.189737 86.803629 99.040264 82.574792 70.690560 97.645647 76.156557 82.019945 88.745595 75.519232 75.624203 87.298493 92.168494 100.000000
