24
chr13_operon_1_28S  100.000000 100.000000 95.476096 88.614838 99.270792 99.469027 99.469027 99.410145 99.350266 87.601185 87.250445 99.191640 99.191640 77.574326 99.350010 87.588792 88.571429 99.074803 99.448385 99.408750 99.408750 87.996051 98.928359 87.606246
chr13_operon_6_28S  100.000000 100.000000 95.476096 88.614838 99.270792 99.469027 99.469027 99.410145 99.350266 87.601185 87.250445 99.191640 99.191640 77.574326 99.350010 87.588792 88.571429 99.074803 99.448385 99.408750 99.408750 87.996051 98.928359 87.606246
chr13_operon_74_28S 95.476096 95.476096 100.000000 99.051758 88.561833 95.436586 95.436586 85.223232 99.328329 99.012248 98.912829 99.170288 99.170288 82.180956 95.041486 99.071513 99.111023 99.012248 99.032003 99.012248 99.012248 98.913473 95.534828 99.090729
chr13_operon_75_28S 88.614838 88.614838 99.051758 100.000000 88.910813 88.358327 88.358327 94.751381 88.595107 99.249753 87.724847 99.052881 99.052881 98.658248 99.131807 99.368587 99.546172 99.664562 98.993686 99.309392 99.309392 99.032577 99.067275 99.446531
chr13_operon_76_28S 99.270792 99.270792 88.561833 88.910813 100.000000 98.994876 98.994876 96.373670 99.132834 87.818361 97.608223 97.712934 97.712934 87.958218 96.373670 88.693765 99.408750 99.369334 99.093417 99.251084 99.251084 99.170780 84.242905 87.507413
chr14_operon_1_28S  99.469027 99.469027 95.436586 88.358327 98.994876 100.000000 100.000000 99.803343 99.350266 87.541955 87.448112 96.825710 96.825710 86.217759 88.713807 87.588792 99.192118 99.055118 99.152876 99.270792 99.270792 87.778875 99.146656 87.744614
chr14_operon_2_28S  99.469027 99.469027 95.436586 88.358327 98.994876 100.000000 100.000000 99.803343 99.350266 87.541955 87.448112 96.825710 96.825710 86.217759 88.713807 87.588792 99.192118 99.055118 99.152876 99.270792 99.270792 87.778875 99.146656 87.744614
chr14_operon_16_28S 99.410145 99.410145 85.223232 94.751381 96.373670 99.803343 99.803343 100.000000 99.251821 99.151037 96.066416 96.194795 96.194795 91.730656 99.212133 98.993686 99.093596 99.074803 99.113475 99.191959 99.191959 86.456071 85.671760 82.170389
chr15_operon_1_28S  99.350266 99.350266 99.328329 88.595107 99.132834 99.350266 99.350266 99.251821 100.000000 99.743337 98.695394 99.507098 99.507098 86.414649 99.389403 99.210734 88.551724 99.369955 99.172577 99.290501 99.290501 87.936821 99.067275 87.803914
chr15_operon_2_28S  87.601185 87.601185 99.012248 99.249753 87.818361 87.541955 87.541955 99.151037 99.743337 100.000000 99.644198 99.308983 99.308983 85.468904 99.506417 99.210267 87.976308 87.917078 88.766041 99.269497 99.269497 99.072063 98.868823 99.229097
chr15_operon_18_28S 87.250445 87.250445 98.912829 87.724847 97.608223 87.448112 87.448112 96.066416 98.695394 99.644198 100.000000 99.782566 99.782566 87.823681 99.446531 99.466298 88.021348 87.922514 88.713184 99.209330 99.209330 99.011662 97.221671 99.268630
chr15_operon_34_28S 99.191640 99.191640 99.170288 99.052881 97.712934 96.825710 96.825710 96.194795 99.507098 99.308983 99.782566 100.000000 100.000000 99.211356 99.349369 99.348856 99.152208 99.270505 99.132492 99.250789 99.250789 99.151037 97.519349 87.744614
chr15_operon_35_28S 99.191640 99.191640 99.170288 99.052881 97.712934 96.825710 96.825710 96.194795 99.507098 99.308983 99.782566 100.000000 100.000000 99.211356 99.349369 99.348856 99.152208 99.270505 99.132492 99.250789 99.250789 99.151037 97.519349 87.744614
chr15_operon_50_28S 77.574326 77.574326 82.180956 98.658248 87.958218 86.217759 86.217759 91.730656 86.414649 85.468904 87.823681 99.211356 99.211356 100.000000 84.597203 98.895028 98.699507 98.759598 98.542159 98.758376 98.758376 98.835143 70.946616 94.326942
chr21_operon_1_28S  99.350010 99.350010 95.041486 99.131807 96.373670 88.713807 88.713807 99.212133 99.389403 99.506417 99.446531 99.349369 99.349369 84.597203 100.000000 99.112076 98.837438 98.857593 98.739165 99.290501 99.290501 98.538993 98.710062 87.645780
chr21_operon_2_28S  87.588792 87.588792 99.071513 99.368587 88.693765 87.588792 87.588792 98.993686 99.210734 99.210267 99.466298 99.348856 99.348856 98.895028 99.112076 100.000000 99.704025 89.088398 99.269929 99.388319 99.388319 99.328727 99.305418 99.505831
chr21_operon_18_28S 88.571429 88.571429 99.111023 99.546172 99.408750 99.192118 99.192118 99.093596 88.551724 87.976308 88.021348 99.152208 99.152208 98.699507 98.837438 99.704025 100.000000 99.802956 99.349754 99.211667 99.211667 99.052320 99.305418 99.406997
chr21_operon_55_28S 99.074803 99.074803 99.012248 99.664562 99.369334 99.055118 99.055118 99.074803 99.369955 87.917078 87.922514 99.270505 99.270505 98.759598 98.857593 89.088398 99.802956 100.000000 99.290780 99.270792 99.270792 99.111550 99.364953 88.752718
chr21_operon_56_28S 99.448385 99.448385 99.032003 98.993686 99.093417 99.152876 99.152876 99.113475 99.172577 88.766041 88.713184 99.132492 99.132492 98.542159 98.739165 99.269929 99.349754 99.290780 100.000000 99.093417 99.093417 99.249753 99.186346 99.288397
chr22_operon_1_28S  99.408750 99.408750 99.012248 99.309392 99.251084 99.270792 99.270792 99.191959 99.290501 99.269497 99.209330 99.250789 99.250789 98.758376 99.290501 99.388319 99.211667 99.270792 99.093417 100.000000 99.960583 99.782823 99.285573 88.574817
chr22_operon_18_28S 99.408750 99.408750 99.012248 99.309392 99.251084 99.270792 99.270792 99.191959 99.290501 99.269497 99.209330 99.250789 99.250789 98.758376 99.290501 99.388319 99.211667 99.270792 99.093417 99.960583 100.000000 99.782823 99.285573 88.574817
chr22_operon_19_28S 87.996051 87.996051 98.913473 99.032577 99.170780 87.778875 87.778875 86.456071 87.936821 99.072063 99.011662 99.151037 99.151037 98.835143 98.538993 99.328727 99.052320 99.111550 99.249753 99.782823 99.782823 100.000000 99.146656 99.189563
chr22_operon_20_28S 98.928359 98.928359 95.534828 99.067275 84.242905 99.146656 99.146656 85.671760 99.067275 98.868823 97.221671 97.519349 97.519349 70.946616 98.710062 99.305418 99.305418 99.364953 99.186346 99.285573 99.285573 99.146656 100.000000 99.245882
chr22_operon_21_28S 87.606246 87.606246 99.090729 99.446531 87.507413 87.744614 87.744614 82.170389 87.803914 99.229097 99.268630 87.744614 87.744614 94.326942 87.645780 99.505831 99.406997 88.752718 99.288397 88.574817 88.574817 99.189563 99.245882 100.000000
